Archive member included to satisfy reference by file (symbol)

/opt/st/stm32cubeide_1.3.0_2/plugins/com.st.stm32cube.ide.mcu.externaltools.gnu-tools-for-stm32.7-2018-q2-update.linux64_1.0.0.201904181610/tools/bin/../lib/gcc/arm-none-eabi/7.3.1/../../../../arm-none-eabi/lib/thumb/v7e-m/fpv4-sp/hard/libc_nano.a(lib_a-errno.o)
                              Core/Src/syscalls.o (__errno)
/opt/st/stm32cubeide_1.3.0_2/plugins/com.st.stm32cube.ide.mcu.externaltools.gnu-tools-for-stm32.7-2018-q2-update.linux64_1.0.0.201904181610/tools/bin/../lib/gcc/arm-none-eabi/7.3.1/../../../../arm-none-eabi/lib/thumb/v7e-m/fpv4-sp/hard/libc_nano.a(lib_a-exit.o)
                              /opt/st/stm32cubeide_1.3.0_2/plugins/com.st.stm32cube.ide.mcu.externaltools.gnu-tools-for-stm32.7-2018-q2-update.linux64_1.0.0.201904181610/tools/bin/../lib/gcc/arm-none-eabi/7.3.1/../../../../arm-none-eabi/lib/thumb/v7e-m/fpv4-sp/hard/crt0.o (exit)
/opt/st/stm32cubeide_1.3.0_2/plugins/com.st.stm32cube.ide.mcu.externaltools.gnu-tools-for-stm32.7-2018-q2-update.linux64_1.0.0.201904181610/tools/bin/../lib/gcc/arm-none-eabi/7.3.1/../../../../arm-none-eabi/lib/thumb/v7e-m/fpv4-sp/hard/libc_nano.a(lib_a-impure.o)
                              /opt/st/stm32cubeide_1.3.0_2/plugins/com.st.stm32cube.ide.mcu.externaltools.gnu-tools-for-stm32.7-2018-q2-update.linux64_1.0.0.201904181610/tools/bin/../lib/gcc/arm-none-eabi/7.3.1/../../../../arm-none-eabi/lib/thumb/v7e-m/fpv4-sp/hard/libc_nano.a(lib_a-exit.o) (_global_impure_ptr)
/opt/st/stm32cubeide_1.3.0_2/plugins/com.st.stm32cube.ide.mcu.externaltools.gnu-tools-for-stm32.7-2018-q2-update.linux64_1.0.0.201904181610/tools/bin/../lib/gcc/arm-none-eabi/7.3.1/../../../../arm-none-eabi/lib/thumb/v7e-m/fpv4-sp/hard/libc_nano.a(lib_a-init.o)
                              /opt/st/stm32cubeide_1.3.0_2/plugins/com.st.stm32cube.ide.mcu.externaltools.gnu-tools-for-stm32.7-2018-q2-update.linux64_1.0.0.201904181610/tools/bin/../lib/gcc/arm-none-eabi/7.3.1/../../../../arm-none-eabi/lib/thumb/v7e-m/fpv4-sp/hard/crt0.o (__libc_init_array)
/opt/st/stm32cubeide_1.3.0_2/plugins/com.st.stm32cube.ide.mcu.externaltools.gnu-tools-for-stm32.7-2018-q2-update.linux64_1.0.0.201904181610/tools/bin/../lib/gcc/arm-none-eabi/7.3.1/../../../../arm-none-eabi/lib/thumb/v7e-m/fpv4-sp/hard/libc_nano.a(lib_a-memcmp.o)
                              Core/Src/Drivers/_at.o (memcmp)
/opt/st/stm32cubeide_1.3.0_2/plugins/com.st.stm32cube.ide.mcu.externaltools.gnu-tools-for-stm32.7-2018-q2-update.linux64_1.0.0.201904181610/tools/bin/../lib/gcc/arm-none-eabi/7.3.1/../../../../arm-none-eabi/lib/thumb/v7e-m/fpv4-sp/hard/libc_nano.a(lib_a-memcpy-stub.o)
                              Core/Src/DMA/_dma_simcom.o (memcpy)
/opt/st/stm32cubeide_1.3.0_2/plugins/com.st.stm32cube.ide.mcu.externaltools.gnu-tools-for-stm32.7-2018-q2-update.linux64_1.0.0.201904181610/tools/bin/../lib/gcc/arm-none-eabi/7.3.1/../../../../arm-none-eabi/lib/thumb/v7e-m/fpv4-sp/hard/libc_nano.a(lib_a-memset.o)
                              /opt/st/stm32cubeide_1.3.0_2/plugins/com.st.stm32cube.ide.mcu.externaltools.gnu-tools-for-stm32.7-2018-q2-update.linux64_1.0.0.201904181610/tools/bin/../lib/gcc/arm-none-eabi/7.3.1/../../../../arm-none-eabi/lib/thumb/v7e-m/fpv4-sp/hard/crt0.o (memset)
/opt/st/stm32cubeide_1.3.0_2/plugins/com.st.stm32cube.ide.mcu.externaltools.gnu-tools-for-stm32.7-2018-q2-update.linux64_1.0.0.201904181610/tools/bin/../lib/gcc/arm-none-eabi/7.3.1/../../../../arm-none-eabi/lib/thumb/v7e-m/fpv4-sp/hard/libc_nano.a(lib_a-sprintf.o)
                              Core/Src/Drivers/_at.o (sprintf)
/opt/st/stm32cubeide_1.3.0_2/plugins/com.st.stm32cube.ide.mcu.externaltools.gnu-tools-for-stm32.7-2018-q2-update.linux64_1.0.0.201904181610/tools/bin/../lib/gcc/arm-none-eabi/7.3.1/../../../../arm-none-eabi/lib/thumb/v7e-m/fpv4-sp/hard/libc_nano.a(lib_a-strcmp.o)
                              Core/Src/Drivers/_at.o (strcmp)
/opt/st/stm32cubeide_1.3.0_2/plugins/com.st.stm32cube.ide.mcu.externaltools.gnu-tools-for-stm32.7-2018-q2-update.linux64_1.0.0.201904181610/tools/bin/../lib/gcc/arm-none-eabi/7.3.1/../../../../arm-none-eabi/lib/thumb/v7e-m/fpv4-sp/hard/libc_nano.a(lib_a-strlen.o)
                              Core/Src/Drivers/_at.o (strlen)
/opt/st/stm32cubeide_1.3.0_2/plugins/com.st.stm32cube.ide.mcu.externaltools.gnu-tools-for-stm32.7-2018-q2-update.linux64_1.0.0.201904181610/tools/bin/../lib/gcc/arm-none-eabi/7.3.1/../../../../arm-none-eabi/lib/thumb/v7e-m/fpv4-sp/hard/libc_nano.a(lib_a-strncmp.o)
                              Core/Src/Drivers/_at.o (strncmp)
/opt/st/stm32cubeide_1.3.0_2/plugins/com.st.stm32cube.ide.mcu.externaltools.gnu-tools-for-stm32.7-2018-q2-update.linux64_1.0.0.201904181610/tools/bin/../lib/gcc/arm-none-eabi/7.3.1/../../../../arm-none-eabi/lib/thumb/v7e-m/fpv4-sp/hard/libc_nano.a(lib_a-strstr.o)
                              Core/Src/Libs/_simcom.o (strstr)
[...]
Memory Configuration

Name             Origin             Length             Attributes
RAM              0x0000000020000000 0x0000000000050000 xrw
FLASH            0x0000000008000000 0x0000000000180000 xr
*default*        0x0000000000000000 0xffffffffffffffff

Linker script and memory map

LOAD /opt/st/stm32cubeide_1.3.0_2/plugins/com.st.stm32cube.ide.mcu.externaltools.gnu-tools-for-stm32.7-2018-q2-update.linux64_1.0.0.201904181610/tools/bin/../lib/gcc/arm-none-eabi/7.3.1/thumb/v7e-m/fpv4-sp/hard/crti.o
LOAD /opt/st/stm32cubeide_1.3.0_2/plugins/com.st.stm32cube.ide.mcu.externaltools.gnu-tools-for-stm32.7-2018-q2-update.linux64_1.0.0.201904181610/tools/bin/../lib/gcc/arm-none-eabi/7.3.1/thumb/v7e-m/fpv4-sp/hard/crtbegin.o
LOAD /opt/st/stm32cubeide_1.3.0_2/plugins/com.st.stm32cube.ide.mcu.externaltools.gnu-tools-for-stm32.7-2018-q2-update.linux64_1.0.0.201904181610/tools/bin/../lib/gcc/arm-none-eabi/7.3.1/../../../../arm-none-eabi/lib/thumb/v7e-m/fpv4-sp/hard/crt0.o
LOAD Core/Src/DMA/_dma_simcom.o
LOAD Core/Src/Drivers/_at.o
LOAD Core/Src/Drivers/_crc.o
LOAD Core/Src/Drivers/_eeprom24xx.o
LOAD Core/Src/Drivers/_flasher.o
LOAD Core/Src/Drivers/_log.o
LOAD Core/Src/Libs/_eeprom.o
LOAD Core/Src/Libs/_fota.o
LOAD Core/Src/Libs/_simcom.o
LOAD Core/Src/Libs/_utils.o
LOAD Core/Src/main.o
LOAD Core/Src/stm32f4xx_hal_msp.o
LOAD Core/Src/stm32f4xx_it.o
LOAD Core/Src/syscalls.o
LOAD Core/Src/sysmem.o
LOAD Core/Src/system_stm32f4xx.o
LOAD Core/Startup/startup_stm32f423vhtx.o
LOAD Drivers/STM32F4xx_HAL_Driver/Src/stm32f4xx_hal.o
LOAD Drivers/STM32F4xx_HAL_Driver/Src/stm32f4xx_hal_cortex.o
LOAD Drivers/STM32F4xx_HAL_Driver/Src/stm32f4xx_hal_crc.o
LOAD Drivers/STM32F4xx_HAL_Driver/Src/stm32f4xx_hal_dma.o
LOAD Drivers/STM32F4xx_HAL_Driver/Src/stm32f4xx_hal_dma_ex.o
LOAD Drivers/STM32F4xx_HAL_Driver/Src/stm32f4xx_hal_exti.o
LOAD Drivers/STM32F4xx_HAL_Driver/Src/stm32f4xx_hal_flash.o
LOAD Drivers/STM32F4xx_HAL_Driver/Src/stm32f4xx_hal_flash_ex.o
LOAD Drivers/STM32F4xx_HAL_Driver/Src/stm32f4xx_hal_flash_ramfunc.o
LOAD Drivers/STM32F4xx_HAL_Driver/Src/stm32f4xx_hal_gpio.o
LOAD Drivers/STM32F4xx_HAL_Driver/Src/stm32f4xx_hal_i2c.o
LOAD Drivers/STM32F4xx_HAL_Driver/Src/stm32f4xx_hal_i2c_ex.o
LOAD Drivers/STM32F4xx_HAL_Driver/Src/stm32f4xx_hal_pwr.o
LOAD Drivers/STM32F4xx_HAL_Driver/Src/stm32f4xx_hal_pwr_ex.o
LOAD Drivers/STM32F4xx_HAL_Driver/Src/stm32f4xx_hal_rcc.o
LOAD Drivers/STM32F4xx_HAL_Driver/Src/stm32f4xx_hal_rcc_ex.o
LOAD Drivers/STM32F4xx_HAL_Driver/Src/stm32f4xx_hal_tim.o
LOAD Drivers/STM32F4xx_HAL_Driver/Src/stm32f4xx_hal_tim_ex.o
LOAD Drivers/STM32F4xx_HAL_Driver/Src/stm32f4xx_hal_uart.o
START GROUP
LOAD /opt/st/stm32cubeide_1.3.0_2/plugins/com.st.stm32cube.ide.mcu.externaltools.gnu-tools-for-stm32.7-2018-q2-update.linux64_1.0.0.201904181610/tools/bin/../lib/gcc/arm-none-eabi/7.3.1/../../../../arm-none-eabi/lib/thumb/v7e-m/fpv4-sp/hard/libc_nano.a
LOAD /opt/st/stm32cubeide_1.3.0_2/plugins/com.st.stm32cube.ide.mcu.externaltools.gnu-tools-for-stm32.7-2018-q2-update.linux64_1.0.0.201904181610/tools/bin/../lib/gcc/arm-none-eabi/7.3.1/../../../../arm-none-eabi/lib/thumb/v7e-m/fpv4-sp/hard/libm.a
END GROUP
START GROUP
LOAD /opt/st/stm32cubeide_1.3.0_2/plugins/com.st.stm32cube.ide.mcu.externaltools.gnu-tools-for-stm32.7-2018-q2-update.linux64_1.0.0.201904181610/tools/bin/../lib/gcc/arm-none-eabi/7.3.1/thumb/v7e-m/fpv4-sp/hard/libgcc.a
LOAD /opt/st/stm32cubeide_1.3.0_2/plugins/com.st.stm32cube.ide.mcu.externaltools.gnu-tools-for-stm32.7-2018-q2-update.linux64_1.0.0.201904181610/tools/bin/../lib/gcc/arm-none-eabi/7.3.1/../../../../arm-none-eabi/lib/thumb/v7e-m/fpv4-sp/hard/libc_nano.a
END GROUP
START GROUP
LOAD /opt/st/stm32cubeide_1.3.0_2/plugins/com.st.stm32cube.ide.mcu.externaltools.gnu-tools-for-stm32.7-2018-q2-update.linux64_1.0.0.201904181610/tools/bin/../lib/gcc/arm-none-eabi/7.3.1/thumb/v7e-m/fpv4-sp/hard/libgcc.a
LOAD /opt/st/stm32cubeide_1.3.0_2/plugins/com.st.stm32cube.ide.mcu.externaltools.gnu-tools-for-stm32.7-2018-q2-update.linux64_1.0.0.201904181610/tools/bin/../lib/gcc/arm-none-eabi/7.3.1/../../../../arm-none-eabi/lib/thumb/v7e-m/fpv4-sp/hard/libc_nano.a
LOAD /opt/st/stm32cubeide_1.3.0_2/plugins/com.st.stm32cube.ide.mcu.externaltools.gnu-tools-for-stm32.7-2018-q2-update.linux64_1.0.0.201904181610/tools/bin/../lib/gcc/arm-none-eabi/7.3.1/../../../../arm-none-eabi/lib/thumb/v7e-m/fpv4-sp/hard/libnosys.a
END GROUP
START GROUP
LOAD /opt/st/stm32cubeide_1.3.0_2/plugins/com.st.stm32cube.ide.mcu.externaltools.gnu-tools-for-stm32.7-2018-q2-update.linux64_1.0.0.201904181610/tools/bin/../lib/gcc/arm-none-eabi/7.3.1/thumb/v7e-m/fpv4-sp/hard/libgcc.a
LOAD /opt/st/stm32cubeide_1.3.0_2/plugins/com.st.stm32cube.ide.mcu.externaltools.gnu-tools-for-stm32.7-2018-q2-update.linux64_1.0.0.201904181610/tools/bin/../lib/gcc/arm-none-eabi/7.3.1/../../../../arm-none-eabi/lib/thumb/v7e-m/fpv4-sp/hard/libc_nano.a
LOAD /opt/st/stm32cubeide_1.3.0_2/plugins/com.st.stm32cube.ide.mcu.externaltools.gnu-tools-for-stm32.7-2018-q2-update.linux64_1.0.0.201904181610/tools/bin/../lib/gcc/arm-none-eabi/7.3.1/../../../../arm-none-eabi/lib/thumb/v7e-m/fpv4-sp/hard/libnosys.a
END GROUP
LOAD /opt/st/stm32cubeide_1.3.0_2/plugins/com.st.stm32cube.ide.mcu.externaltools.gnu-tools-for-stm32.7-2018-q2-update.linux64_1.0.0.201904181610/tools/bin/../lib/gcc/arm-none-eabi/7.3.1/thumb/v7e-m/fpv4-sp/hard/crtend.o
LOAD /opt/st/stm32cubeide_1.3.0_2/plugins/com.st.stm32cube.ide.mcu.externaltools.gnu-tools-for-stm32.7-2018-q2-update.linux64_1.0.0.201904181610/tools/bin/../lib/gcc/arm-none-eabi/7.3.1/thumb/v7e-m/fpv4-sp/hard/crtn.o
                0x0000000020050000                _estack = (ORIGIN (RAM) + LENGTH (RAM))
                0x0000000000000200                _Min_Heap_Size = 0x200
                0x0000000000000400                _Min_Stack_Size = 0x400

.isr_vector     0x0000000008000000      0x1d8
                0x0000000008000000                . = ALIGN (0x4)
 *(.isr_vector)
 .isr_vector    0x0000000008000000      0x1d8 Core/Startup/startup_stm32f423vhtx.o
                0x0000000008000000                g_pfnVectors
                0x00000000080001d8                . = ALIGN (0x4)

.text           0x00000000080001e0     0x9b5c
                0x00000000080001e0                . = ALIGN (0x4)
 *(.text)
 .text          0x00000000080001e0       0x40 /opt/st/stm32cubeide_1.3.0_2/plugins/com.st.stm32cube.ide.mcu.externaltools.gnu-tools-for-stm32.7-2018-q2-update.linux64_1.0.0.201904181610/tools/bin/../lib/gcc/arm-none-eabi/7.3.1/thumb/v7e-m/fpv4-sp/hard/crtbegin.o
 .text          0x0000000008000220       0x14 /opt/st/stm32cubeide_1.3.0_2/plugins/com.st.stm32cube.ide.mcu.externaltools.gnu-tools-for-stm32.7-2018-q2-update.linux64_1.0.0.201904181610/tools/bin/../lib/gcc/arm-none-eabi/7.3.1/../../../../arm-none-eabi/lib/thumb/v7e-m/fpv4-sp/hard/libc_nano.a(lib_a-strcmp.o)
                0x0000000008000220                strcmp
 .text          0x0000000008000234       0x10 /opt/st/stm32cubeide_1.3.0_2/plugins/com.st.stm32cube.ide.mcu.externaltools.gnu-tools-for-stm32.7-2018-q2-update.linux64_1.0.0.201904181610/tools/bin/../lib/gcc/arm-none-eabi/7.3.1/../../../../arm-none-eabi/lib/thumb/v7e-m/fpv4-sp/hard/libc_nano.a(lib_a-strlen.o)
                0x0000000008000234                strlen
 *fill*         0x0000000008000244        0xc 
 .text          0x0000000008000250       0xa0 /opt/st/stm32cubeide_1.3.0_2/plugins/com.st.stm32cube.ide.mcu.externaltools.gnu-tools-for-stm32.7-2018-q2-update.linux64_1.0.0.201904181610/tools/bin/../lib/gcc/arm-none-eabi/7.3.1/../../../../arm-none-eabi/lib/thumb/v7e-m/fpv4-sp/hard/libc_nano.a(lib_a-memchr.o)
                0x0000000008000250                memchr
 .text          0x00000000080002f0      0x378 /opt/st/stm32cubeide_1.3.0_2/plugins/com.st.stm32cube.ide.mcu.externaltools.gnu-tools-for-stm32.7-2018-q2-update.linux64_1.0.0.201904181610/tools/bin/../lib/gcc/arm-none-eabi/7.3.1/thumb/v7e-m/fpv4-sp/hard/libgcc.a(_arm_addsubdf3.o)
                0x00000000080002f0                __aeabi_drsub
                0x00000000080002f8                __aeabi_dsub
                0x00000000080002f8                __subdf3
                0x00000000080002fc                __adddf3
                0x00000000080002fc                __aeabi_dadd
                0x0000000008000574                __aeabi_ui2d
                0x0000000008000574                __floatunsidf
                0x0000000008000594                __floatsidf
                0x0000000008000594                __aeabi_i2d
                0x00000000080005b8                __extendsfdf2
                0x00000000080005b8                __aeabi_f2d
                0x00000000080005fc                __aeabi_ul2d
                0x00000000080005fc                __floatundidf
                0x000000000800060c                __floatdidf
                0x000000000800060c                __aeabi_l2d
 .text          0x0000000008000668      0x424 /opt/st/stm32cubeide_1.3.0_2/plugins/com.st.stm32cube.ide.mcu.externaltools.gnu-tools-for-stm32.7-2018-q2-update.linux64_1.0.0.201904181610/tools/bin/../lib/gcc/arm-none-eabi/7.3.1/thumb/v7e-m/fpv4-sp/hard/libgcc.a(_arm_muldivdf3.o)
                0x0000000008000668                __aeabi_dmul
                0x0000000008000668                __muldf3
                0x00000000080008bc                __aeabi_ddiv
                0x00000000080008bc                __divdf3
 .text          0x0000000008000a8c       0x40 /opt/st/stm32cubeide_1.3.0_2/plugins/com.st.stm32cube.ide.mcu.externaltools.gnu-tools-for-stm32.7-2018-q2-update.linux64_1.0.0.201904181610/tools/bin/../lib/gcc/arm-none-eabi/7.3.1/thumb/v7e-m/fpv4-sp/hard/libgcc.a(_arm_fixunsdfsi.o)
                0x0000000008000a8c                __fixunsdfsi
                0x0000000008000a8c                __aeabi_d2uiz
 .text          0x0000000008000acc       0xa0 /opt/st/stm32cubeide_1.3.0_2/plugins/com.st.stm32cube.ide.mcu.externaltools.gnu-tools-for-stm32.7-2018-q2-update.linux64_1.0.0.201904181610/tools/bin/../lib/gcc/arm-none-eabi/7.3.1/thumb/v7e-m/fpv4-sp/hard/libgcc.a(_arm_truncdfsf2.o)
                0x0000000008000acc                __aeabi_d2f
                0x0000000008000acc                __truncdfsf2
 .text          0x0000000008000b6c       0x30 /opt/st/stm32cubeide_1.3.0_2/plugins/com.st.stm32cube.ide.mcu.externaltools.gnu-tools-for-stm32.7-2018-q2-update.linux64_1.0.0.201904181610/tools/bin/../lib/gcc/arm-none-eabi/7.3.1/thumb/v7e-m/fpv4-sp/hard/libgcc.a(_aeabi_uldivmod.o)
                0x0000000008000b6c                __aeabi_uldivmod
 .text          0x0000000008000b9c      0x2cc /opt/st/stm32cubeide_1.3.0_2/plugins/com.st.stm32cube.ide.mcu.externaltools.gnu-tools-for-stm32.7-2018-q2-update.linux64_1.0.0.201904181610/tools/bin/../lib/gcc/arm-none-eabi/7.3.1/thumb/v7e-m/fpv4-sp/hard/libgcc.a(_udivmoddi4.o)
                0x0000000008000b9c                __udivmoddi4
 .text          0x0000000008000e68        0x4 /opt/st/stm32cubeide_1.3.0_2/plugins/com.st.stm32cube.ide.mcu.externaltools.gnu-tools-for-stm32.7-2018-q2-update.linux64_1.0.0.201904181610/tools/bin/../lib/gcc/arm-none-eabi/7.3.1/thumb/v7e-m/fpv4-sp/hard/libgcc.a(_dvmd_tls.o)
                0x0000000008000e68                __aeabi_ldiv0
                0x0000000008000e68                __aeabi_idiv0
 *(.text*)
 .text.SIMCOM_USART_IrqHandler
                0x0000000008000e6c       0x3c Core/Src/DMA/_dma_simcom.o
                0x0000000008000e6c                SIMCOM_USART_IrqHandler
 .text.SIMCOM_DMA_IrqHandler
                0x0000000008000ea8     0x11ec Core/Src/DMA/_dma_simcom.o
                0x0000000008000ea8                SIMCOM_DMA_IrqHandler
 .text.SIMCOM_DMA_Init
                0x0000000008002094       0x50 Core/Src/DMA/_dma_simcom.o
                0x0000000008002094                SIMCOM_DMA_Init
 .text.SIMCOM_Check_Buffer
                0x00000000080020e4       0x90 Core/Src/DMA/_dma_simcom.o
 .text.SIMCOM_Fill_Buffer
                0x0000000008002174       0x38 Core/Src/DMA/_dma_simcom.o
 .text.SIMCOM_Reset_Buffer
                0x00000000080021ac       0x24 Core/Src/DMA/_dma_simcom.o
                0x00000000080021ac                SIMCOM_Reset_Buffer
 .text.SIMCOM_Transmit
                0x00000000080021d0       0x38 Core/Src/DMA/_dma_simcom.o
                0x00000000080021d0                SIMCOM_Transmit
 .text.AT_FtpInitialize
                0x0000000008002208       0xe4 Core/Src/Drivers/_at.o
                0x0000000008002208                AT_FtpInitialize
 .text.AT_FtpFileSize
                0x00000000080022ec       0xbc Core/Src/Drivers/_at.o
                0x00000000080022ec                AT_FtpFileSize
 .text.AT_FtpDownload
                0x00000000080023a8      0x15c Core/Src/Drivers/_at.o
                0x00000000080023a8                AT_FtpDownload
 .text.AT_FtpCurrentState
                0x0000000008002504       0x24 Core/Src/Drivers/_at.o
                0x0000000008002504                AT_FtpCurrentState
 .text.AT_CommandEchoMode
                0x0000000008002528       0x48 Core/Src/Drivers/_at.o
                0x0000000008002528                AT_CommandEchoMode
 .text.AT_SignalQualityReport
                0x0000000008002570      0x15c Core/Src/Drivers/_at.o
                0x0000000008002570                AT_SignalQualityReport
 .text.AT_BearerSettings
                0x00000000080026cc      0x2a4 Core/Src/Drivers/_at.o
                0x00000000080026cc                AT_BearerSettings
 .text.AT_RadioAccessTechnology
                0x0000000008002970      0x12c Core/Src/Drivers/_at.o
                0x0000000008002970                AT_RadioAccessTechnology
 .text.AT_NetworkAttachedStatus
                0x0000000008002a9c      0x158 Core/Src/Drivers/_at.o
                0x0000000008002a9c                AT_NetworkAttachedStatus
 .text.AT_NetworkRegistration
                0x0000000008002bf4      0x120 Core/Src/Drivers/_at.o
                0x0000000008002bf4                AT_NetworkRegistration
 .text.AT_ConfigureSlowClock
                0x0000000008002d14       0x28 Core/Src/Drivers/_at.o
                0x0000000008002d14                AT_ConfigureSlowClock
 .text.AT_ReportMobileEquipmentError
                0x0000000008002d3c       0x28 Core/Src/Drivers/_at.o
                0x0000000008002d3c                AT_ReportMobileEquipmentError
 .text.AT_FixedLocalRate
                0x0000000008002d64       0x28 Core/Src/Drivers/_at.o
                0x0000000008002d64                AT_FixedLocalRate
 .text.AT_SingleString
                0x0000000008002d8c      0x13c Core/Src/Drivers/_at.o
 .text.AT_SingleInteger
                0x0000000008002ec8       0xe0 Core/Src/Drivers/_at.o
 .text.AT_CmdWrite
                0x0000000008002fa8       0x3c Core/Src/Drivers/_at.o
 .text.AT_CmdRead
                0x0000000008002fe4       0x70 Core/Src/Drivers/_at.o
 .text.AT_FindInBuffer
                0x0000000008003054       0x46 Core/Src/Drivers/_at.o
 .text.AT_ParseText
                0x000000000800309a       0x94 Core/Src/Drivers/_at.o
 .text.AT_ParseNumber
                0x000000000800312e       0x88 Core/Src/Drivers/_at.o
 *fill*         0x00000000080031b6        0x2 
 .text.CRC_Calculate8
                0x00000000080031b8       0xd8 Core/Src/Drivers/_crc.o
                0x00000000080031b8                CRC_Calculate8
 .text.lock     0x0000000008003290        0xe Core/Src/Drivers/_crc.o
 .text.unlock   0x000000000800329e        0xe Core/Src/Drivers/_crc.o
 .text.EEPROM24XX_SetDevice
                0x00000000080032ac       0x24 Core/Src/Drivers/_eeprom24xx.o
                0x00000000080032ac                EEPROM24XX_SetDevice
 .text.EEPROM24XX_IsConnected
                0x00000000080032d0       0x30 Core/Src/Drivers/_eeprom24xx.o
                0x00000000080032d0                EEPROM24XX_IsConnected
 .text.EEPROM24XX_Save
                0x0000000008003300       0x5c Core/Src/Drivers/_eeprom24xx.o
                0x0000000008003300                EEPROM24XX_Save
 .text.EEPROM24XX_Load
                0x000000000800335c       0x4c Core/Src/Drivers/_eeprom24xx.o
                0x000000000800335c                EEPROM24XX_Load
 .text.FLASHER_WriteByte
                0x00000000080033a8       0xa4 Core/Src/Drivers/_flasher.o
                0x00000000080033a8                FLASHER_WriteByte
 .text.FLASHER_Erase
                0x000000000800344c       0xec Core/Src/Drivers/_flasher.o
                0x000000000800344c                FLASHER_Erase
 .text.FLASHER_GetSector
                0x0000000008003538      0x1a0 Core/Src/Drivers/_flasher.o
                0x0000000008003538                FLASHER_GetSector
 .text.FLASHER_GetSectorSize
                0x00000000080036d8       0x4e Core/Src/Drivers/_flasher.o
                0x00000000080036d8                FLASHER_GetSectorSize
 *fill*         0x0000000008003726        0x2 
 .text.FLASHER_EraseBkpArea
                0x0000000008003728       0x50 Core/Src/Drivers/_flasher.o
                0x0000000008003728                FLASHER_EraseBkpArea
 .text.FLASHER_EraseAppArea
                0x0000000008003778       0x50 Core/Src/Drivers/_flasher.o
                0x0000000008003778                FLASHER_EraseAppArea
 .text.FLASHER_WriteBkpArea
                0x00000000080037c8       0x40 Core/Src/Drivers/_flasher.o
                0x00000000080037c8                FLASHER_WriteBkpArea
 .text.FLASHER_WriteAppArea
                0x0000000008003808       0x44 Core/Src/Drivers/_flasher.o
                0x0000000008003808                FLASHER_WriteAppArea
 .text.FLASHER_BackupApp
                0x000000000800384c       0x64 Core/Src/Drivers/_flasher.o
                0x000000000800384c                FLASHER_BackupApp
 .text.FLASHER_RestoreApp
                0x00000000080038b0       0x48 Core/Src/Drivers/_flasher.o
                0x00000000080038b0                FLASHER_RestoreApp
 .text.LOG_Char
                0x00000000080038f8       0x40 Core/Src/Drivers/_log.o
                0x00000000080038f8                LOG_Char
 .text.LOG_Enter
                0x0000000008003938       0x16 Core/Src/Drivers/_log.o
                0x0000000008003938                LOG_Enter
 *fill*         0x000000000800394e        0x2 
 .text.LOG_Int  0x0000000008003950       0x9c Core/Src/Drivers/_log.o
                0x0000000008003950                LOG_Int
 .text.LOG_Hex32
                0x00000000080039ec       0x54 Core/Src/Drivers/_log.o
                0x00000000080039ec                LOG_Hex32
 .text.LOG_Str  0x0000000008003a40       0x30 Core/Src/Drivers/_log.o
                0x0000000008003a40                LOG_Str
 .text.LOG_StrLn
                0x0000000008003a70       0x36 Core/Src/Drivers/_log.o
                0x0000000008003a70                LOG_StrLn
 .text.LOG_Buf  0x0000000008003aa6       0x3e Core/Src/Drivers/_log.o
                0x0000000008003aa6                LOG_Buf
 .text.LOG_BufHex
                0x0000000008003ae4       0x60 Core/Src/Drivers/_log.o
                0x0000000008003ae4                LOG_BufHex
 .text.lock     0x0000000008003b44        0xe Core/Src/Drivers/_log.o
 .text.unlock   0x0000000008003b52        0xe Core/Src/Drivers/_log.o
 .text.EEPROM_Init
                0x0000000008003b60       0xac Core/Src/Libs/_eeprom.o
                0x0000000008003b60                EEPROM_Init
 .text.EEPROM_FlagDFU
                0x0000000008003c0c       0x2c Core/Src/Libs/_eeprom.o
                0x0000000008003c0c                EEPROM_FlagDFU
 .text.EE_Command
                0x0000000008003c38       0x6e Core/Src/Libs/_eeprom.o
 .text.lock     0x0000000008003ca6        0xe Core/Src/Libs/_eeprom.o
 .text.unlock   0x0000000008003cb4        0xe Core/Src/Libs/_eeprom.o
 *fill*         0x0000000008003cc2        0x2 
 .text.FOTA_BearerInitialize
                0x0000000008003cc4       0x64 Core/Src/Libs/_fota.o
                0x0000000008003cc4                FOTA_BearerInitialize
 .text.FOTA_GetChecksum
                0x0000000008003d28      0x134 Core/Src/Libs/_fota.o
                0x0000000008003d28                FOTA_GetChecksum
 .text.FOTA_FirmwareToFlash
                0x0000000008003e5c      0x214 Core/Src/Libs/_fota.o
                0x0000000008003e5c                FOTA_FirmwareToFlash
 .text.FOTA_CompareChecksum
                0x0000000008004070       0x74 Core/Src/Libs/_fota.o
                0x0000000008004070                FOTA_CompareChecksum
 .text.FOTA_Reboot
                0x00000000080040e4       0x10 Core/Src/Libs/_fota.o
                0x00000000080040e4                FOTA_Reboot
 .text.Simcom_Lock
                0x00000000080040f4        0xe Core/Src/Libs/_simcom.o
                0x00000000080040f4                Simcom_Lock
 .text.Simcom_Unlock
                0x0000000008004102        0xe Core/Src/Libs/_simcom.o
                0x0000000008004102                Simcom_Unlock
 .text.Simcom_Response
                0x0000000008004110       0x20 Core/Src/Libs/_simcom.o
                0x0000000008004110                Simcom_Response
 .text.Simcom_Init
                0x0000000008004130       0x12 Core/Src/Libs/_simcom.o
                0x0000000008004130                Simcom_Init
 *fill*         0x0000000008004142        0x2 
 .text.Simcom_SetState
                0x0000000008004144      0x39c Core/Src/Libs/_simcom.o
                0x0000000008004144                Simcom_SetState
 .text.Simcom_FOTA
                0x00000000080044e0      0x108 Core/Src/Libs/_simcom.o
                0x00000000080044e0                Simcom_FOTA
 .text.Simcom_Command
                0x00000000080045e8       0xd8 Core/Src/Libs/_simcom.o
                0x00000000080045e8                Simcom_Command
 .text.Simcom_IdleJob
                0x00000000080046c0       0x60 Core/Src/Libs/_simcom.o
                0x00000000080046c0                Simcom_IdleJob
 .text.Simcom_Ready
                0x0000000008004720       0x70 Core/Src/Libs/_simcom.o
 .text.Simcom_Power
                0x0000000008004790       0x64 Core/Src/Libs/_simcom.o
 .text.Simcom_Sleep
                0x00000000080047f4       0x2c Core/Src/Libs/_simcom.o
 .text.Simcom_Execute
                0x0000000008004820      0x124 Core/Src/Libs/_simcom.o
 .text.Simcom_BeforeTransmitHook
                0x0000000008004944        0xe Core/Src/Libs/_simcom.o
 .text._DelayMS
                0x0000000008004952       0x16 Core/Src/Libs/_utils.o
                0x0000000008004952                _DelayMS
 .text._GetTickMS
                0x0000000008004968        0xe Core/Src/Libs/_utils.o
                0x0000000008004968                _GetTickMS
 *fill*         0x0000000008004976        0x2 
 .text._LedWrite
                0x0000000008004978       0x24 Core/Src/Libs/_utils.o
                0x0000000008004978                _LedWrite
 .text._LedToggle
                0x000000000800499c       0x18 Core/Src/Libs/_utils.o
                0x000000000800499c                _LedToggle
 .text._Error   0x00000000080049b4       0x1a Core/Src/Libs/_utils.o
                0x00000000080049b4                _Error
 .text._ByteSwap32
                0x00000000080049ce       0x44 Core/Src/Libs/_utils.o
                0x00000000080049ce                _ByteSwap32
 *fill*         0x0000000008004a12        0x2 
 .text.main     0x0000000008004a14      0x138 Core/Src/main.o
                0x0000000008004a14                main
 .text.SystemClock_Config
                0x0000000008004b4c       0xd4 Core/Src/main.o
                0x0000000008004b4c                SystemClock_Config
 .text.MX_CRC_Init
                0x0000000008004c20       0x28 Core/Src/main.o
 .text.MX_I2C2_Init
                0x0000000008004c48       0x80 Core/Src/main.o
 .text.MX_USART1_UART_Init
                0x0000000008004cc8       0x54 Core/Src/main.o
 .text.MX_DMA_Init
                0x0000000008004d1c       0x40 Core/Src/main.o
 .text.MX_GPIO_Init
                0x0000000008004d5c      0x1f4 Core/Src/main.o
 .text.Error_Handler
                0x0000000008004f50        0xe Core/Src/main.o
                0x0000000008004f50                Error_Handler
 *fill*         0x0000000008004f5e        0x2 
 .text.HAL_MspInit
                0x0000000008004f60       0x50 Core/Src/stm32f4xx_hal_msp.o
                0x0000000008004f60                HAL_MspInit
 .text.HAL_CRC_MspInit
                0x0000000008004fb0       0x44 Core/Src/stm32f4xx_hal_msp.o
                0x0000000008004fb0                HAL_CRC_MspInit
 .text.HAL_I2C_MspInit
                0x0000000008004ff4       0xb4 Core/Src/stm32f4xx_hal_msp.o
                0x0000000008004ff4                HAL_I2C_MspInit
 .text.HAL_UART_MspInit
                0x00000000080050a8      0x108 Core/Src/stm32f4xx_hal_msp.o
                0x00000000080050a8                HAL_UART_MspInit
 .text.NMI_Handler
                0x00000000080051b0        0xe Core/Src/stm32f4xx_it.o
                0x00000000080051b0                NMI_Handler
 .text.HardFault_Handler
                0x00000000080051be        0x6 Core/Src/stm32f4xx_it.o
                0x00000000080051be                HardFault_Handler
 .text.MemManage_Handler
                0x00000000080051c4        0x6 Core/Src/stm32f4xx_it.o
                0x00000000080051c4                MemManage_Handler
 .text.BusFault_Handler
                0x00000000080051ca        0x6 Core/Src/stm32f4xx_it.o
                0x00000000080051ca                BusFault_Handler
 .text.UsageFault_Handler
                0x00000000080051d0        0x6 Core/Src/stm32f4xx_it.o
                0x00000000080051d0                UsageFault_Handler
 .text.SVC_Handler
                0x00000000080051d6        0xe Core/Src/stm32f4xx_it.o
                0x00000000080051d6                SVC_Handler
 .text.DebugMon_Handler
                0x00000000080051e4        0xe Core/Src/stm32f4xx_it.o
                0x00000000080051e4                DebugMon_Handler
 .text.PendSV_Handler
                0x00000000080051f2        0xe Core/Src/stm32f4xx_it.o
                0x00000000080051f2                PendSV_Handler
 .text.SysTick_Handler
                0x0000000008005200        0xc Core/Src/stm32f4xx_it.o
                0x0000000008005200                SysTick_Handler
 .text.USART1_IRQHandler
                0x000000000800520c       0x18 Core/Src/stm32f4xx_it.o
                0x000000000800520c                USART1_IRQHandler
 .text.DMA2_Stream2_IRQHandler
                0x0000000008005224       0x18 Core/Src/stm32f4xx_it.o
                0x0000000008005224                DMA2_Stream2_IRQHandler
 .text._sbrk    0x000000000800523c       0x58 Core/Src/sysmem.o
                0x000000000800523c                _sbrk
 .text.SystemInit
                0x0000000008005294       0x2c Core/Src/system_stm32f4xx.o
                0x0000000008005294                SystemInit
 .text.Reset_Handler
                0x00000000080052c0       0x50 Core/Startup/startup_stm32f423vhtx.o
                0x00000000080052c0                Reset_Handler
 .text.Default_Handler
                0x0000000008005310        0x2 Core/Startup/startup_stm32f423vhtx.o
                0x0000000008005310                RTC_Alarm_IRQHandler
                0x0000000008005310                EXTI2_IRQHandler
                0x0000000008005310                TIM8_CC_IRQHandler
                0x0000000008005310                UART8_IRQHandler
                0x0000000008005310                FMPI2C1_EV_IRQHandler
                0x0000000008005310                SPI4_IRQHandler
                0x0000000008005310                TIM1_CC_IRQHandler
                0x0000000008005310                DMA2_Stream5_IRQHandler
                0x0000000008005310                DMA1_Stream5_IRQHandler
                0x0000000008005310                CAN3_RX1_IRQHandler
                0x0000000008005310                PVD_IRQHandler
                0x0000000008005310                SDIO_IRQHandler
                0x0000000008005310                TAMP_STAMP_IRQHandler
                0x0000000008005310                CAN2_RX1_IRQHandler
                0x0000000008005310                EXTI3_IRQHandler
                0x0000000008005310                TIM8_TRG_COM_TIM14_IRQHandler
                0x0000000008005310                DFSDM1_FLT1_IRQHandler
                0x0000000008005310                TIM1_UP_TIM10_IRQHandler
                0x0000000008005310                TIM8_UP_TIM13_IRQHandler
                0x0000000008005310                I2C3_ER_IRQHandler
                0x0000000008005310                EXTI0_IRQHandler
                0x0000000008005310                I2C2_EV_IRQHandler
                0x0000000008005310                DMA1_Stream2_IRQHandler
                0x0000000008005310                CAN1_RX0_IRQHandler
                0x0000000008005310                FPU_IRQHandler
                0x0000000008005310                CAN3_SCE_IRQHandler
                0x0000000008005310                CAN2_SCE_IRQHandler
                0x0000000008005310                SPI1_IRQHandler
                0x0000000008005310                TIM6_DAC_IRQHandler
                0x0000000008005310                TIM1_BRK_TIM9_IRQHandler
                0x0000000008005310                CAN2_RX0_IRQHandler
                0x0000000008005310                DMA2_Stream3_IRQHandler
                0x0000000008005310                USART6_IRQHandler
                0x0000000008005310                CAN3_RX0_IRQHandler
                0x0000000008005310                USART3_IRQHandler
                0x0000000008005310                DFSDM2_FLT3_IRQHandler
                0x0000000008005310                CAN1_RX1_IRQHandler
                0x0000000008005310                UART5_IRQHandler
                0x0000000008005310                DMA2_Stream0_IRQHandler
                0x0000000008005310                TIM4_IRQHandler
                0x0000000008005310                QUADSPI_IRQHandler
                0x0000000008005310                I2C1_EV_IRQHandler
                0x0000000008005310                DMA1_Stream6_IRQHandler
                0x0000000008005310                DMA1_Stream1_IRQHandler
                0x0000000008005310                UART4_IRQHandler
                0x0000000008005310                TIM3_IRQHandler
                0x0000000008005310                RCC_IRQHandler
                0x0000000008005310                UART9_IRQHandler
                0x0000000008005310                TIM8_BRK_TIM12_IRQHandler
                0x0000000008005310                Default_Handler
                0x0000000008005310                EXTI15_10_IRQHandler
                0x0000000008005310                ADC_IRQHandler
                0x0000000008005310                DMA1_Stream7_IRQHandler
                0x0000000008005310                DFSDM2_FLT0_IRQHandler
                0x0000000008005310                SPI5_IRQHandler
                0x0000000008005310                TIM7_IRQHandler
                0x0000000008005310                CAN2_TX_IRQHandler
                0x0000000008005310                TIM5_IRQHandler
                0x0000000008005310                DMA2_Stream7_IRQHandler
                0x0000000008005310                I2C3_EV_IRQHandler
                0x0000000008005310                DFSDM2_FLT2_IRQHandler
                0x0000000008005310                EXTI9_5_IRQHandler
                0x0000000008005310                RTC_WKUP_IRQHandler
                0x0000000008005310                SPI2_IRQHandler
                0x0000000008005310                DMA1_Stream0_IRQHandler
                0x0000000008005310                CAN1_TX_IRQHandler
                0x0000000008005310                FMPI2C1_ER_IRQHandler
                0x0000000008005310                EXTI4_IRQHandler
                0x0000000008005310                DFSDM2_FLT1_IRQHandler
                0x0000000008005310                RNG_IRQHandler
                0x0000000008005310                FSMC_IRQHandler
                0x0000000008005310                WWDG_IRQHandler
                0x0000000008005310                CAN3_TX_IRQHandler
                0x0000000008005310                TIM2_IRQHandler
                0x0000000008005310                OTG_FS_WKUP_IRQHandler
                0x0000000008005310                TIM1_TRG_COM_TIM11_IRQHandler
                0x0000000008005310                EXTI1_IRQHandler
                0x0000000008005310                AES_IRQHandler
                0x0000000008005310                UART7_IRQHandler
                0x0000000008005310                USART2_IRQHandler
                0x0000000008005310                DFSDM1_FLT0_IRQHandler
                0x0000000008005310                I2C2_ER_IRQHandler
                0x0000000008005310                DMA2_Stream1_IRQHandler
                0x0000000008005310                CAN1_SCE_IRQHandler
                0x0000000008005310                FLASH_IRQHandler
                0x0000000008005310                DMA2_Stream4_IRQHandler
                0x0000000008005310                OTG_FS_IRQHandler
                0x0000000008005310                SPI3_IRQHandler
                0x0000000008005310                DMA1_Stream4_IRQHandler
                0x0000000008005310                I2C1_ER_IRQHandler
                0x0000000008005310                LPTIM1_IRQHandler
                0x0000000008005310                DMA2_Stream6_IRQHandler
                0x0000000008005310                UART10_IRQHandler
                0x0000000008005310                SAI1_IRQHandler
                0x0000000008005310                DMA1_Stream3_IRQHandler
 *fill*         0x0000000008005312        0x2 
 .text.HAL_Init
                0x0000000008005314       0x44 Drivers/STM32F4xx_HAL_Driver/Src/stm32f4xx_hal.o
                0x0000000008005314                HAL_Init
 .text.HAL_InitTick
                0x0000000008005358       0x60 Drivers/STM32F4xx_HAL_Driver/Src/stm32f4xx_hal.o
                0x0000000008005358                HAL_InitTick
 .text.HAL_IncTick
                0x00000000080053b8       0x28 Drivers/STM32F4xx_HAL_Driver/Src/stm32f4xx_hal.o
                0x00000000080053b8                HAL_IncTick
 .text.HAL_GetTick
                0x00000000080053e0       0x18 Drivers/STM32F4xx_HAL_Driver/Src/stm32f4xx_hal.o
                0x00000000080053e0                HAL_GetTick
 .text.HAL_Delay
                0x00000000080053f8       0x44 Drivers/STM32F4xx_HAL_Driver/Src/stm32f4xx_hal.o
                0x00000000080053f8                HAL_Delay
 .text.__NVIC_SetPriorityGrouping
                0x000000000800543c       0x48 Drivers/STM32F4xx_HAL_Driver/Src/stm32f4xx_hal_cortex.o
 .text.__NVIC_GetPriorityGrouping
                0x0000000008005484       0x1c Drivers/STM32F4xx_HAL_Driver/Src/stm32f4xx_hal_cortex.o
 .text.__NVIC_EnableIRQ
                0x00000000080054a0       0x3c Drivers/STM32F4xx_HAL_Driver/Src/stm32f4xx_hal_cortex.o
 .text.__NVIC_SetPriority
                0x00000000080054dc       0x54 Drivers/STM32F4xx_HAL_Driver/Src/stm32f4xx_hal_cortex.o
 .text.NVIC_EncodePriority
                0x0000000008005530       0x66 Drivers/STM32F4xx_HAL_Driver/Src/stm32f4xx_hal_cortex.o
 *fill*         0x0000000008005596        0x2 
 .text.__NVIC_SystemReset
                0x0000000008005598       0x28 Drivers/STM32F4xx_HAL_Driver/Src/stm32f4xx_hal_cortex.o
 .text.SysTick_Config
                0x00000000080055c0       0x44 Drivers/STM32F4xx_HAL_Driver/Src/stm32f4xx_hal_cortex.o
 .text.HAL_NVIC_SetPriorityGrouping
                0x0000000008005604       0x16 Drivers/STM32F4xx_HAL_Driver/Src/stm32f4xx_hal_cortex.o
                0x0000000008005604                HAL_NVIC_SetPriorityGrouping
 .text.HAL_NVIC_SetPriority
                0x000000000800561a       0x38 Drivers/STM32F4xx_HAL_Driver/Src/stm32f4xx_hal_cortex.o
                0x000000000800561a                HAL_NVIC_SetPriority
 .text.HAL_NVIC_EnableIRQ
                0x0000000008005652       0x1c Drivers/STM32F4xx_HAL_Driver/Src/stm32f4xx_hal_cortex.o
                0x0000000008005652                HAL_NVIC_EnableIRQ
 .text.HAL_NVIC_SystemReset
                0x000000000800566e        0x8 Drivers/STM32F4xx_HAL_Driver/Src/stm32f4xx_hal_cortex.o
                0x000000000800566e                HAL_NVIC_SystemReset
 .text.HAL_SYSTICK_Config
                0x0000000008005676       0x18 Drivers/STM32F4xx_HAL_Driver/Src/stm32f4xx_hal_cortex.o
                0x0000000008005676                HAL_SYSTICK_Config
 .text.HAL_CRC_Init
                0x000000000800568e       0x38 Drivers/STM32F4xx_HAL_Driver/Src/stm32f4xx_hal_crc.o
                0x000000000800568e                HAL_CRC_Init
 *fill*         0x00000000080056c6        0x2 
 .text.HAL_DMA_Init
                0x00000000080056c8      0x15c Drivers/STM32F4xx_HAL_Driver/Src/stm32f4xx_hal_dma.o
                0x00000000080056c8                HAL_DMA_Init
 .text.HAL_DMA_Start_IT
                0x0000000008005824       0xb0 Drivers/STM32F4xx_HAL_Driver/Src/stm32f4xx_hal_dma.o
                0x0000000008005824                HAL_DMA_Start_IT
 .text.HAL_DMA_Abort_IT
                0x00000000080058d4       0x44 Drivers/STM32F4xx_HAL_Driver/Src/stm32f4xx_hal_dma.o
                0x00000000080058d4                HAL_DMA_Abort_IT
 .text.HAL_DMA_IRQHandler
                0x0000000008005918      0x314 Drivers/STM32F4xx_HAL_Driver/Src/stm32f4xx_hal_dma.o
                0x0000000008005918                HAL_DMA_IRQHandler
 .text.DMA_SetConfig
                0x0000000008005c2c       0x5c Drivers/STM32F4xx_HAL_Driver/Src/stm32f4xx_hal_dma.o
 .text.DMA_CalcBaseAndBitshift
                0x0000000008005c88       0x6c Drivers/STM32F4xx_HAL_Driver/Src/stm32f4xx_hal_dma.o
 .text.DMA_CheckFifoParam
                0x0000000008005cf4       0xf4 Drivers/STM32F4xx_HAL_Driver/Src/stm32f4xx_hal_dma.o
 .text.HAL_FLASH_Program
                0x0000000008005de8       0xa8 Drivers/STM32F4xx_HAL_Driver/Src/stm32f4xx_hal_flash.o
                0x0000000008005de8                HAL_FLASH_Program
 .text.HAL_FLASH_Unlock
                0x0000000008005e90       0x44 Drivers/STM32F4xx_HAL_Driver/Src/stm32f4xx_hal_flash.o
                0x0000000008005e90                HAL_FLASH_Unlock
 .text.HAL_FLASH_Lock
                0x0000000008005ed4       0x20 Drivers/STM32F4xx_HAL_Driver/Src/stm32f4xx_hal_flash.o
                0x0000000008005ed4                HAL_FLASH_Lock
 .text.HAL_FLASH_GetError
                0x0000000008005ef4       0x18 Drivers/STM32F4xx_HAL_Driver/Src/stm32f4xx_hal_flash.o
                0x0000000008005ef4                HAL_FLASH_GetError
 .text.FLASH_WaitForLastOperation
                0x0000000008005f0c       0x80 Drivers/STM32F4xx_HAL_Driver/Src/stm32f4xx_hal_flash.o
                0x0000000008005f0c                FLASH_WaitForLastOperation
 .text.FLASH_Program_DoubleWord
                0x0000000008005f8c       0x60 Drivers/STM32F4xx_HAL_Driver/Src/stm32f4xx_hal_flash.o
 .text.FLASH_Program_Word
                0x0000000008005fec       0x44 Drivers/STM32F4xx_HAL_Driver/Src/stm32f4xx_hal_flash.o
 .text.FLASH_Program_HalfWord
                0x0000000008006030       0x48 Drivers/STM32F4xx_HAL_Driver/Src/stm32f4xx_hal_flash.o
 .text.FLASH_Program_Byte
                0x0000000008006078       0x44 Drivers/STM32F4xx_HAL_Driver/Src/stm32f4xx_hal_flash.o
 .text.FLASH_SetErrorCode
                0x00000000080060bc       0xcc Drivers/STM32F4xx_HAL_Driver/Src/stm32f4xx_hal_flash.o
 .text.HAL_FLASHEx_Erase
                0x0000000008006188       0xe0 Drivers/STM32F4xx_HAL_Driver/Src/stm32f4xx_hal_flash_ex.o
                0x0000000008006188                HAL_FLASHEx_Erase
 .text.FLASH_MassErase
                0x0000000008006268       0x48 Drivers/STM32F4xx_HAL_Driver/Src/stm32f4xx_hal_flash_ex.o
 .text.FLASH_Erase_Sector
                0x00000000080062b0       0x90 Drivers/STM32F4xx_HAL_Driver/Src/stm32f4xx_hal_flash_ex.o
                0x00000000080062b0                FLASH_Erase_Sector
 .text.FLASH_FlushCaches
                0x0000000008006340       0x8c Drivers/STM32F4xx_HAL_Driver/Src/stm32f4xx_hal_flash_ex.o
                0x0000000008006340                FLASH_FlushCaches
 .text.HAL_GPIO_Init
                0x00000000080063cc      0x324 Drivers/STM32F4xx_HAL_Driver/Src/stm32f4xx_hal_gpio.o
                0x00000000080063cc                HAL_GPIO_Init
 .text.HAL_GPIO_WritePin
                0x00000000080066f0       0x32 Drivers/STM32F4xx_HAL_Driver/Src/stm32f4xx_hal_gpio.o
                0x00000000080066f0                HAL_GPIO_WritePin
 .text.HAL_GPIO_TogglePin
                0x0000000008006722       0x36 Drivers/STM32F4xx_HAL_Driver/Src/stm32f4xx_hal_gpio.o
                0x0000000008006722                HAL_GPIO_TogglePin
 .text.HAL_I2C_Init
                0x0000000008006758      0x270 Drivers/STM32F4xx_HAL_Driver/Src/stm32f4xx_hal_i2c.o
                0x0000000008006758                HAL_I2C_Init
 .text.HAL_I2C_Mem_Write
                0x00000000080069c8      0x1f4 Drivers/STM32F4xx_HAL_Driver/Src/stm32f4xx_hal_i2c.o
                0x00000000080069c8                HAL_I2C_Mem_Write
 .text.HAL_I2C_Mem_Read
                0x0000000008006bbc      0x44c Drivers/STM32F4xx_HAL_Driver/Src/stm32f4xx_hal_i2c.o
                0x0000000008006bbc                HAL_I2C_Mem_Read
 .text.HAL_I2C_IsDeviceReady
                0x0000000008007008      0x25c Drivers/STM32F4xx_HAL_Driver/Src/stm32f4xx_hal_i2c.o
                0x0000000008007008                HAL_I2C_IsDeviceReady
 .text.I2C_RequestMemoryWrite
                0x0000000008007264      0x128 Drivers/STM32F4xx_HAL_Driver/Src/stm32f4xx_hal_i2c.o
 .text.I2C_RequestMemoryRead
                0x000000000800738c      0x1cc Drivers/STM32F4xx_HAL_Driver/Src/stm32f4xx_hal_i2c.o
 .text.I2C_WaitOnFlagUntilTimeout
                0x0000000008007558       0xae Drivers/STM32F4xx_HAL_Driver/Src/stm32f4xx_hal_i2c.o
 .text.I2C_WaitOnMasterAddressFlagUntilTimeout
                0x0000000008007606       0xfe Drivers/STM32F4xx_HAL_Driver/Src/stm32f4xx_hal_i2c.o
 .text.I2C_WaitOnTXEFlagUntilTimeout
                0x0000000008007704       0x82 Drivers/STM32F4xx_HAL_Driver/Src/stm32f4xx_hal_i2c.o
 .text.I2C_WaitOnBTFFlagUntilTimeout
                0x0000000008007786       0x82 Drivers/STM32F4xx_HAL_Driver/Src/stm32f4xx_hal_i2c.o
 .text.I2C_WaitOnRXNEFlagUntilTimeout
                0x0000000008007808       0xac Drivers/STM32F4xx_HAL_Driver/Src/stm32f4xx_hal_i2c.o
 .text.I2C_IsAcknowledgeFailed
                0x00000000080078b4       0x5e Drivers/STM32F4xx_HAL_Driver/Src/stm32f4xx_hal_i2c.o
 .text.HAL_I2CEx_ConfigAnalogFilter
                0x0000000008007912       0x78 Drivers/STM32F4xx_HAL_Driver/Src/stm32f4xx_hal_i2c_ex.o
                0x0000000008007912                HAL_I2CEx_ConfigAnalogFilter
 .text.HAL_I2CEx_ConfigDigitalFilter
                0x000000000800798a       0x7e Drivers/STM32F4xx_HAL_Driver/Src/stm32f4xx_hal_i2c_ex.o
                0x000000000800798a                HAL_I2CEx_ConfigDigitalFilter
 .text.HAL_RCC_ClockConfig
                0x0000000008007a08      0x1cc Drivers/STM32F4xx_HAL_Driver/Src/stm32f4xx_hal_rcc.o
                0x0000000008007a08                HAL_RCC_ClockConfig
 .text.HAL_RCC_GetSysClockFreq
                0x0000000008007bd4      0x1b0 Drivers/STM32F4xx_HAL_Driver/Src/stm32f4xx_hal_rcc.o
                0x0000000008007bd4                HAL_RCC_GetSysClockFreq
 .text.HAL_RCC_GetHCLKFreq
                0x0000000008007d84       0x18 Drivers/STM32F4xx_HAL_Driver/Src/stm32f4xx_hal_rcc.o
                0x0000000008007d84                HAL_RCC_GetHCLKFreq
 .text.HAL_RCC_GetPCLK1Freq
                0x0000000008007d9c       0x28 Drivers/STM32F4xx_HAL_Driver/Src/stm32f4xx_hal_rcc.o
                0x0000000008007d9c                HAL_RCC_GetPCLK1Freq
 .text.HAL_RCC_GetPCLK2Freq
                0x0000000008007dc4       0x28 Drivers/STM32F4xx_HAL_Driver/Src/stm32f4xx_hal_rcc.o
                0x0000000008007dc4                HAL_RCC_GetPCLK2Freq
 .text.HAL_RCC_OscConfig
                0x0000000008007dec      0x484 Drivers/STM32F4xx_HAL_Driver/Src/stm32f4xx_hal_rcc_ex.o
                0x0000000008007dec                HAL_RCC_OscConfig
 .text.HAL_UART_Init
                0x0000000008008270       0x9a Drivers/STM32F4xx_HAL_Driver/Src/stm32f4xx_hal_uart.o
                0x0000000008008270                HAL_UART_Init
 .text.HAL_UART_Transmit
                0x000000000800830a      0x132 Drivers/STM32F4xx_HAL_Driver/Src/stm32f4xx_hal_uart.o
                0x000000000800830a                HAL_UART_Transmit
 .text.HAL_UART_Receive_DMA
                0x000000000800843c      0x100 Drivers/STM32F4xx_HAL_Driver/Src/stm32f4xx_hal_uart.o
                0x000000000800843c                HAL_UART_Receive_DMA
 .text.HAL_UART_IRQHandler
                0x000000000800853c      0x200 Drivers/STM32F4xx_HAL_Driver/Src/stm32f4xx_hal_uart.o
                0x000000000800853c                HAL_UART_IRQHandler
 .text.HAL_UART_TxCpltCallback
                0x000000000800873c       0x14 Drivers/STM32F4xx_HAL_Driver/Src/stm32f4xx_hal_uart.o
                0x000000000800873c                HAL_UART_TxCpltCallback
 .text.HAL_UART_RxCpltCallback
                0x0000000008008750       0x14 Drivers/STM32F4xx_HAL_Driver/Src/stm32f4xx_hal_uart.o
                0x0000000008008750                HAL_UART_RxCpltCallback
 .text.HAL_UART_RxHalfCpltCallback
                0x0000000008008764       0x14 Drivers/STM32F4xx_HAL_Driver/Src/stm32f4xx_hal_uart.o
                0x0000000008008764                HAL_UART_RxHalfCpltCallback
 .text.HAL_UART_ErrorCallback
                0x0000000008008778       0x14 Drivers/STM32F4xx_HAL_Driver/Src/stm32f4xx_hal_uart.o
                0x0000000008008778                HAL_UART_ErrorCallback
 .text.UART_DMAReceiveCplt
                0x000000000800878c       0x68 Drivers/STM32F4xx_HAL_Driver/Src/stm32f4xx_hal_uart.o
 .text.UART_DMARxHalfCplt
                0x00000000080087f4       0x1c Drivers/STM32F4xx_HAL_Driver/Src/stm32f4xx_hal_uart.o
 .text.UART_DMAError
                0x0000000008008810       0x94 Drivers/STM32F4xx_HAL_Driver/Src/stm32f4xx_hal_uart.o
 .text.UART_WaitOnFlagUntilTimeout
                0x00000000080088a4       0x94 Drivers/STM32F4xx_HAL_Driver/Src/stm32f4xx_hal_uart.o
 .text.UART_EndTxTransfer
                0x0000000008008938       0x2c Drivers/STM32F4xx_HAL_Driver/Src/stm32f4xx_hal_uart.o
 .text.UART_EndRxTransfer
                0x0000000008008964       0x3c Drivers/STM32F4xx_HAL_Driver/Src/stm32f4xx_hal_uart.o
 .text.UART_DMAAbortOnError
                0x00000000080089a0       0x28 Drivers/STM32F4xx_HAL_Driver/Src/stm32f4xx_hal_uart.o
 .text.UART_Transmit_IT
                0x00000000080089c8       0xac Drivers/STM32F4xx_HAL_Driver/Src/stm32f4xx_hal_uart.o
 .text.UART_EndTransmit_IT
                0x0000000008008a74       0x30 Drivers/STM32F4xx_HAL_Driver/Src/stm32f4xx_hal_uart.o
 .text.UART_Receive_IT
                0x0000000008008aa4      0x102 Drivers/STM32F4xx_HAL_Driver/Src/stm32f4xx_hal_uart.o
 *fill*         0x0000000008008ba6        0x2 
 .text.UART_SetConfig
                0x0000000008008ba8      0x730 Drivers/STM32F4xx_HAL_Driver/Src/stm32f4xx_hal_uart.o
 .text.__errno  0x00000000080092d8        0xc /opt/st/stm32cubeide_1.3.0_2/plugins/com.st.stm32cube.ide.mcu.externaltools.gnu-tools-for-stm32.7-2018-q2-update.linux64_1.0.0.201904181610/tools/bin/../lib/gcc/arm-none-eabi/7.3.1/../../../../arm-none-eabi/lib/thumb/v7e-m/fpv4-sp/hard/libc_nano.a(lib_a-errno.o)
                0x00000000080092d8                __errno
 .text.__libc_init_array
                0x00000000080092e4       0x48 /opt/st/stm32cubeide_1.3.0_2/plugins/com.st.stm32cube.ide.mcu.externaltools.gnu-tools-for-stm32.7-2018-q2-update.linux64_1.0.0.201904181610/tools/bin/../lib/gcc/arm-none-eabi/7.3.1/../../../../arm-none-eabi/lib/thumb/v7e-m/fpv4-sp/hard/libc_nano.a(lib_a-init.o)
                0x00000000080092e4                __libc_init_array
 .text.memcmp   0x000000000800932c       0x1e /opt/st/stm32cubeide_1.3.0_2/plugins/com.st.stm32cube.ide.mcu.externaltools.gnu-tools-for-stm32.7-2018-q2-update.linux64_1.0.0.201904181610/tools/bin/../lib/gcc/arm-none-eabi/7.3.1/../../../../arm-none-eabi/lib/thumb/v7e-m/fpv4-sp/hard/libc_nano.a(lib_a-memcmp.o)
                0x000000000800932c                memcmp
 .text.memcpy   0x000000000800934a       0x16 /opt/st/stm32cubeide_1.3.0_2/plugins/com.st.stm32cube.ide.mcu.externaltools.gnu-tools-for-stm32.7-2018-q2-update.linux64_1.0.0.201904181610/tools/bin/../lib/gcc/arm-none-eabi/7.3.1/../../../../arm-none-eabi/lib/thumb/v7e-m/fpv4-sp/hard/libc_nano.a(lib_a-memcpy-stub.o)
                0x000000000800934a                memcpy
 .text.memset   0x0000000008009360       0x10 /opt/st/stm32cubeide_1.3.0_2/plugins/com.st.stm32cube.ide.mcu.externaltools.gnu-tools-for-stm32.7-2018-q2-update.linux64_1.0.0.201904181610/tools/bin/../lib/gcc/arm-none-eabi/7.3.1/../../../../arm-none-eabi/lib/thumb/v7e-m/fpv4-sp/hard/libc_nano.a(lib_a-memset.o)
                0x0000000008009360                memset
 .text.sprintf  0x0000000008009370       0x40 /opt/st/stm32cubeide_1.3.0_2/plugins/com.st.stm32cube.ide.mcu.externaltools.gnu-tools-for-stm32.7-2018-q2-update.linux64_1.0.0.201904181610/tools/bin/../lib/gcc/arm-none-eabi/7.3.1/../../../../arm-none-eabi/lib/thumb/v7e-m/fpv4-sp/hard/libc_nano.a(lib_a-sprintf.o)
                0x0000000008009370                sprintf
                0x0000000008009370                siprintf
 .text.strncmp  0x00000000080093b0       0x24 /opt/st/stm32cubeide_1.3.0_2/plugins/com.st.stm32cube.ide.mcu.externaltools.gnu-tools-for-stm32.7-2018-q2-update.linux64_1.0.0.201904181610/tools/bin/../lib/gcc/arm-none-eabi/7.3.1/../../../../arm-none-eabi/lib/thumb/v7e-m/fpv4-sp/hard/libc_nano.a(lib_a-strncmp.o)
                0x00000000080093b0                strncmp
 .text.strstr   0x00000000080093d4       0x34 /opt/st/stm32cubeide_1.3.0_2/plugins/com.st.stm32cube.ide.mcu.externaltools.gnu-tools-for-stm32.7-2018-q2-update.linux64_1.0.0.201904181610/tools/bin/../lib/gcc/arm-none-eabi/7.3.1/../../../../arm-none-eabi/lib/thumb/v7e-m/fpv4-sp/hard/libc_nano.a(lib_a-strstr.o)
                0x00000000080093d4                strstr
 .text._strtoul_l.isra.0
                0x0000000008009408       0xf4 /opt/st/stm32cubeide_1.3.0_2/plugins/com.st.stm32cube.ide.mcu.externaltools.gnu-tools-for-stm32.7-2018-q2-update.linux64_1.0.0.201904181610/tools/bin/../lib/gcc/arm-none-eabi/7.3.1/../../../../arm-none-eabi/lib/thumb/v7e-m/fpv4-sp/hard/libc_nano.a(lib_a-strtoul.o)
 .text.strtoul  0x00000000080094fc       0x2c /opt/st/stm32cubeide_1.3.0_2/plugins/com.st.stm32cube.ide.mcu.externaltools.gnu-tools-for-stm32.7-2018-q2-update.linux64_1.0.0.201904181610/tools/bin/../lib/gcc/arm-none-eabi/7.3.1/../../../../arm-none-eabi/lib/thumb/v7e-m/fpv4-sp/hard/libc_nano.a(lib_a-strtoul.o)
                0x00000000080094fc                strtoul
 .text.__locale_ctype_ptr_l
                0x0000000008009528        0x6 /opt/st/stm32cubeide_1.3.0_2/plugins/com.st.stm32cube.ide.mcu.externaltools.gnu-tools-for-stm32.7-2018-q2-update.linux64_1.0.0.201904181610/tools/bin/../lib/gcc/arm-none-eabi/7.3.1/../../../../arm-none-eabi/lib/thumb/v7e-m/fpv4-sp/hard/libc_nano.a(lib_a-locale.o)
                0x0000000008009528                __locale_ctype_ptr_l
 .text.__ascii_mbtowc
                0x000000000800952e       0x24 /opt/st/stm32cubeide_1.3.0_2/plugins/com.st.stm32cube.ide.mcu.externaltools.gnu-tools-for-stm32.7-2018-q2-update.linux64_1.0.0.201904181610/tools/bin/../lib/gcc/arm-none-eabi/7.3.1/../../../../arm-none-eabi/lib/thumb/v7e-m/fpv4-sp/hard/libc_nano.a(lib_a-mbtowc_r.o)
                0x000000000800952e                __ascii_mbtowc
 .text.__ssputs_r
                0x0000000008009552       0xb4 /opt/st/stm32cubeide_1.3.0_2/plugins/com.st.stm32cube.ide.mcu.externaltools.gnu-tools-for-stm32.7-2018-q2-update.linux64_1.0.0.201904181610/tools/bin/../lib/gcc/arm-none-eabi/7.3.1/../../../../arm-none-eabi/lib/thumb/v7e-m/fpv4-sp/hard/libc_nano.a(lib_a-nano-svfprintf.o)
                0x0000000008009552                __ssputs_r
 *fill*         0x0000000008009606        0x2 
 .text._svfprintf_r
                0x0000000008009608      0x1f0 /opt/st/stm32cubeide_1.3.0_2/plugins/com.st.stm32cube.ide.mcu.externaltools.gnu-tools-for-stm32.7-2018-q2-update.linux64_1.0.0.201904181610/tools/bin/../lib/gcc/arm-none-eabi/7.3.1/../../../../arm-none-eabi/lib/thumb/v7e-m/fpv4-sp/hard/libc_nano.a(lib_a-nano-svfprintf.o)
                0x0000000008009608                _svfprintf_r
                0x0000000008009608                _svfiprintf_r
 .text._printf_common
                0x00000000080097f8       0xea /opt/st/stm32cubeide_1.3.0_2/plugins/com.st.stm32cube.ide.mcu.externaltools.gnu-tools-for-stm32.7-2018-q2-update.linux64_1.0.0.201904181610/tools/bin/../lib/gcc/arm-none-eabi/7.3.1/../../../../arm-none-eabi/lib/thumb/v7e-m/fpv4-sp/hard/libc_nano.a(lib_a-nano-vfprintf_i.o)
                0x00000000080097f8                _printf_common
 *fill*         0x00000000080098e2        0x2 
 .text._printf_i
                0x00000000080098e4      0x224 /opt/st/stm32cubeide_1.3.0_2/plugins/com.st.stm32cube.ide.mcu.externaltools.gnu-tools-for-stm32.7-2018-q2-update.linux64_1.0.0.201904181610/tools/bin/../lib/gcc/arm-none-eabi/7.3.1/../../../../arm-none-eabi/lib/thumb/v7e-m/fpv4-sp/hard/libc_nano.a(lib_a-nano-vfprintf_i.o)
                0x00000000080098e4                _printf_i
 .text.__ascii_wctomb
                0x0000000008009b08       0x1a /opt/st/stm32cubeide_1.3.0_2/plugins/com.st.stm32cube.ide.mcu.externaltools.gnu-tools-for-stm32.7-2018-q2-update.linux64_1.0.0.201904181610/tools/bin/../lib/gcc/arm-none-eabi/7.3.1/../../../../arm-none-eabi/lib/thumb/v7e-m/fpv4-sp/hard/libc_nano.a(lib_a-wctomb_r.o)
                0x0000000008009b08                __ascii_wctomb
 .text.memmove  0x0000000008009b22       0x32 /opt/st/stm32cubeide_1.3.0_2/plugins/com.st.stm32cube.ide.mcu.externaltools.gnu-tools-for-stm32.7-2018-q2-update.linux64_1.0.0.201904181610/tools/bin/../lib/gcc/arm-none-eabi/7.3.1/../../../../arm-none-eabi/lib/thumb/v7e-m/fpv4-sp/hard/libc_nano.a(lib_a-memmove.o)
                0x0000000008009b22                memmove
 .text._free_r  0x0000000008009b54       0x9c /opt/st/stm32cubeide_1.3.0_2/plugins/com.st.stm32cube.ide.mcu.externaltools.gnu-tools-for-stm32.7-2018-q2-update.linux64_1.0.0.201904181610/tools/bin/../lib/gcc/arm-none-eabi/7.3.1/../../../../arm-none-eabi/lib/thumb/v7e-m/fpv4-sp/hard/libc_nano.a(lib_a-nano-freer.o)
                0x0000000008009b54                _free_r
 .text._malloc_r
                0x0000000008009bf0       0xb4 /opt/st/stm32cubeide_1.3.0_2/plugins/com.st.stm32cube.ide.mcu.externaltools.gnu-tools-for-stm32.7-2018-q2-update.linux64_1.0.0.201904181610/tools/bin/../lib/gcc/arm-none-eabi/7.3.1/../../../../arm-none-eabi/lib/thumb/v7e-m/fpv4-sp/hard/libc_nano.a(lib_a-nano-mallocr.o)
                0x0000000008009bf0                _malloc_r
 .text._realloc_r
                0x0000000008009ca4       0x4c /opt/st/stm32cubeide_1.3.0_2/plugins/com.st.stm32cube.ide.mcu.externaltools.gnu-tools-for-stm32.7-2018-q2-update.linux64_1.0.0.201904181610/tools/bin/../lib/gcc/arm-none-eabi/7.3.1/../../../../arm-none-eabi/lib/thumb/v7e-m/fpv4-sp/hard/libc_nano.a(lib_a-nano-reallocr.o)
                0x0000000008009ca4                _realloc_r
 .text._sbrk_r  0x0000000008009cf0       0x20 /opt/st/stm32cubeide_1.3.0_2/plugins/com.st.stm32cube.ide.mcu.externaltools.gnu-tools-for-stm32.7-2018-q2-update.linux64_1.0.0.201904181610/tools/bin/../lib/gcc/arm-none-eabi/7.3.1/../../../../arm-none-eabi/lib/thumb/v7e-m/fpv4-sp/hard/libc_nano.a(lib_a-sbrkr.o)
                0x0000000008009cf0                _sbrk_r
 .text.__malloc_lock
                0x0000000008009d10        0x2 /opt/st/stm32cubeide_1.3.0_2/plugins/com.st.stm32cube.ide.mcu.externaltools.gnu-tools-for-stm32.7-2018-q2-update.linux64_1.0.0.201904181610/tools/bin/../lib/gcc/arm-none-eabi/7.3.1/../../../../arm-none-eabi/lib/thumb/v7e-m/fpv4-sp/hard/libc_nano.a(lib_a-mlock.o)
                0x0000000008009d10                __malloc_lock
 .text.__malloc_unlock
                0x0000000008009d12        0x2 /opt/st/stm32cubeide_1.3.0_2/plugins/com.st.stm32cube.ide.mcu.externaltools.gnu-tools-for-stm32.7-2018-q2-update.linux64_1.0.0.201904181610/tools/bin/../lib/gcc/arm-none-eabi/7.3.1/../../../../arm-none-eabi/lib/thumb/v7e-m/fpv4-sp/hard/libc_nano.a(lib_a-mlock.o)
                0x0000000008009d12                __malloc_unlock
 .text._malloc_usable_size_r
                0x0000000008009d14       0x10 /opt/st/stm32cubeide_1.3.0_2/plugins/com.st.stm32cube.ide.mcu.externaltools.gnu-tools-for-stm32.7-2018-q2-update.linux64_1.0.0.201904181610/tools/bin/../lib/gcc/arm-none-eabi/7.3.1/../../../../arm-none-eabi/lib/thumb/v7e-m/fpv4-sp/hard/libc_nano.a(lib_a-nano-msizer.o)
                0x0000000008009d14                _malloc_usable_size_r
 *(.glue_7)
 .glue_7        0x0000000008009d24        0x0 linker stubs
 *(.glue_7t)
 .glue_7t       0x0000000008009d24        0x0 linker stubs
 *(.eh_frame)
 .eh_frame      0x0000000008009d24        0x0 /opt/st/stm32cubeide_1.3.0_2/plugins/com.st.stm32cube.ide.mcu.externaltools.gnu-tools-for-stm32.7-2018-q2-update.linux64_1.0.0.201904181610/tools/bin/../lib/gcc/arm-none-eabi/7.3.1/thumb/v7e-m/fpv4-sp/hard/crtbegin.o
 *(.init)
 .init          0x0000000008009d24        0x4 /opt/st/stm32cubeide_1.3.0_2/plugins/com.st.stm32cube.ide.mcu.externaltools.gnu-tools-for-stm32.7-2018-q2-update.linux64_1.0.0.201904181610/tools/bin/../lib/gcc/arm-none-eabi/7.3.1/thumb/v7e-m/fpv4-sp/hard/crti.o
                0x0000000008009d24                _init
 .init          0x0000000008009d28        0x8 /opt/st/stm32cubeide_1.3.0_2/plugins/com.st.stm32cube.ide.mcu.externaltools.gnu-tools-for-stm32.7-2018-q2-update.linux64_1.0.0.201904181610/tools/bin/../lib/gcc/arm-none-eabi/7.3.1/thumb/v7e-m/fpv4-sp/hard/crtn.o
 *(.fini)
 .fini          0x0000000008009d30        0x4 /opt/st/stm32cubeide_1.3.0_2/plugins/com.st.stm32cube.ide.mcu.externaltools.gnu-tools-for-stm32.7-2018-q2-update.linux64_1.0.0.201904181610/tools/bin/../lib/gcc/arm-none-eabi/7.3.1/thumb/v7e-m/fpv4-sp/hard/crti.o
                0x0000000008009d30                _fini
 .fini          0x0000000008009d34        0x8 /opt/st/stm32cubeide_1.3.0_2/plugins/com.st.stm32cube.ide.mcu.externaltools.gnu-tools-for-stm32.7-2018-q2-update.linux64_1.0.0.201904181610/tools/bin/../lib/gcc/arm-none-eabi/7.3.1/thumb/v7e-m/fpv4-sp/hard/crtn.o
                0x0000000008009d3c                . = ALIGN (0x4)
                0x0000000008009d3c                _etext = .

.vfp11_veneer   0x0000000008009d3c        0x0
 .vfp11_veneer  0x0000000008009d3c        0x0 linker stubs

.v4_bx          0x0000000008009d3c        0x0
 .v4_bx         0x0000000008009d3c        0x0 linker stubs

.iplt           0x0000000008009d3c        0x0
 .iplt          0x0000000008009d3c        0x0 /opt/st/stm32cubeide_1.3.0_2/plugins/com.st.stm32cube.ide.mcu.externaltools.gnu-tools-for-stm32.7-2018-q2-update.linux64_1.0.0.201904181610/tools/bin/../lib/gcc/arm-none-eabi/7.3.1/thumb/v7e-m/fpv4-sp/hard/crtbegin.o

.rodata         0x0000000008009d3c      0x79c
                0x0000000008009d3c                . = ALIGN (0x4)
 *(.rodata)
 .rodata        0x0000000008009d3c      0x2e8 Core/Src/Drivers/_at.o
 .rodata        0x000000000800a024       0x6b Core/Src/Drivers/_flasher.o
 *fill*         0x000000000800a08f        0x1 
 .rodata        0x000000000800a090       0x11 Core/Src/Drivers/_log.o
 *fill*         0x000000000800a0a1        0x3 
 .rodata        0x000000000800a0a4       0x32 Core/Src/Libs/_eeprom.o
 *fill*         0x000000000800a0d6        0x2 
 .rodata        0x000000000800a0d8      0x13e Core/Src/Libs/_fota.o
 *fill*         0x000000000800a216        0x2 
 .rodata        0x000000000800a218      0x12f Core/Src/Libs/_simcom.o
 *fill*         0x000000000800a347        0x1 
 .rodata        0x000000000800a348       0x2d Core/Src/main.o
 *(.rodata*)
 *fill*         0x000000000800a375        0x3 
 .rodata.AHBPrescTable
                0x000000000800a378       0x10 Core/Src/system_stm32f4xx.o
                0x000000000800a378                AHBPrescTable
 .rodata.APBPrescTable
                0x000000000800a388        0x8 Core/Src/system_stm32f4xx.o
                0x000000000800a388                APBPrescTable
 .rodata.flagBitshiftOffset.7976
                0x000000000800a390        0x8 Drivers/STM32F4xx_HAL_Driver/Src/stm32f4xx_hal_dma.o
 .rodata._setlocale_r.str1.1
                0x000000000800a398        0x8 /opt/st/stm32cubeide_1.3.0_2/plugins/com.st.stm32cube.ide.mcu.externaltools.gnu-tools-for-stm32.7-2018-q2-update.linux64_1.0.0.201904181610/tools/bin/../lib/gcc/arm-none-eabi/7.3.1/../../../../arm-none-eabi/lib/thumb/v7e-m/fpv4-sp/hard/libc_nano.a(lib_a-locale.o)
                                          0x9 (size before relaxing)
 .rodata.str1.1
                0x000000000800a3a0        0x2 /opt/st/stm32cubeide_1.3.0_2/plugins/com.st.stm32cube.ide.mcu.externaltools.gnu-tools-for-stm32.7-2018-q2-update.linux64_1.0.0.201904181610/tools/bin/../lib/gcc/arm-none-eabi/7.3.1/../../../../arm-none-eabi/lib/thumb/v7e-m/fpv4-sp/hard/libc_nano.a(lib_a-locale.o)
 .rodata._svfprintf_r.str1.1
                0x000000000800a3a2       0x11 /opt/st/stm32cubeide_1.3.0_2/plugins/com.st.stm32cube.ide.mcu.externaltools.gnu-tools-for-stm32.7-2018-q2-update.linux64_1.0.0.201904181610/tools/bin/../lib/gcc/arm-none-eabi/7.3.1/../../../../arm-none-eabi/lib/thumb/v7e-m/fpv4-sp/hard/libc_nano.a(lib_a-nano-svfprintf.o)
 .rodata._printf_i.str1.1
                0x000000000800a3b3       0x22 /opt/st/stm32cubeide_1.3.0_2/plugins/com.st.stm32cube.ide.mcu.externaltools.gnu-tools-for-stm32.7-2018-q2-update.linux64_1.0.0.201904181610/tools/bin/../lib/gcc/arm-none-eabi/7.3.1/../../../../arm-none-eabi/lib/thumb/v7e-m/fpv4-sp/hard/libc_nano.a(lib_a-nano-vfprintf_i.o)
 .rodata._ctype_
                0x000000000800a3d5      0x101 /opt/st/stm32cubeide_1.3.0_2/plugins/com.st.stm32cube.ide.mcu.externaltools.gnu-tools-for-stm32.7-2018-q2-update.linux64_1.0.0.201904181610/tools/bin/../lib/gcc/arm-none-eabi/7.3.1/../../../../arm-none-eabi/lib/thumb/v7e-m/fpv4-sp/hard/libc_nano.a(lib_a-ctype_.o)
                0x000000000800a3d5                _ctype_
                0x000000000800a4d8                . = ALIGN (0x4)
 *fill*         0x000000000800a4d6        0x2 

.ARM.extab      0x000000000800a4d8        0x0
                0x000000000800a4d8                . = ALIGN (0x4)
 *(.ARM.extab* .gnu.linkonce.armextab.*)
                0x000000000800a4d8                . = ALIGN (0x4)

.ARM            0x000000000800a4d8        0x8
                0x000000000800a4d8                . = ALIGN (0x4)
                0x000000000800a4d8                __exidx_start = .
 *(.ARM.exidx*)
 .ARM.exidx     0x000000000800a4d8        0x8 /opt/st/stm32cubeide_1.3.0_2/plugins/com.st.stm32cube.ide.mcu.externaltools.gnu-tools-for-stm32.7-2018-q2-update.linux64_1.0.0.201904181610/tools/bin/../lib/gcc/arm-none-eabi/7.3.1/thumb/v7e-m/fpv4-sp/hard/libgcc.a(_udivmoddi4.o)
                0x000000000800a4e0                __exidx_end = .
                0x000000000800a4e0                . = ALIGN (0x4)

.rel.dyn        0x000000000800a4e0        0x0
 .rel.iplt      0x000000000800a4e0        0x0 /opt/st/stm32cubeide_1.3.0_2/plugins/com.st.stm32cube.ide.mcu.externaltools.gnu-tools-for-stm32.7-2018-q2-update.linux64_1.0.0.201904181610/tools/bin/../lib/gcc/arm-none-eabi/7.3.1/thumb/v7e-m/fpv4-sp/hard/crtbegin.o

.preinit_array  0x000000000800a4e0        0x0
                0x000000000800a4e0                . = ALIGN (0x4)
                0x000000000800a4e0                PROVIDE (__preinit_array_start = .)
 *(.preinit_array*)
                0x000000000800a4e0                PROVIDE (__preinit_array_end = .)
                0x000000000800a4e0                . = ALIGN (0x4)

.init_array     0x000000000800a4e0        0x4
                0x000000000800a4e0                . = ALIGN (0x4)
                0x000000000800a4e0                PROVIDE (__init_array_start = .)
 *(SORT_BY_NAME(.init_array.*))
 *(.init_array*)
 .init_array    0x000000000800a4e0        0x4 /opt/st/stm32cubeide_1.3.0_2/plugins/com.st.stm32cube.ide.mcu.externaltools.gnu-tools-for-stm32.7-2018-q2-update.linux64_1.0.0.201904181610/tools/bin/../lib/gcc/arm-none-eabi/7.3.1/thumb/v7e-m/fpv4-sp/hard/crtbegin.o
                0x000000000800a4e4                PROVIDE (__init_array_end = .)
                0x000000000800a4e4                . = ALIGN (0x4)

.fini_array     0x000000000800a4e4        0x4
                0x000000000800a4e4                . = ALIGN (0x4)
                [!provide]                        PROVIDE (__fini_array_start = .)
 *(SORT_BY_NAME(.fini_array.*))
 *(.fini_array*)
 .fini_array    0x000000000800a4e4        0x4 /opt/st/stm32cubeide_1.3.0_2/plugins/com.st.stm32cube.ide.mcu.externaltools.gnu-tools-for-stm32.7-2018-q2-update.linux64_1.0.0.201904181610/tools/bin/../lib/gcc/arm-none-eabi/7.3.1/thumb/v7e-m/fpv4-sp/hard/crtbegin.o
                [!provide]                        PROVIDE (__fini_array_end = .)
                0x000000000800a4e8                . = ALIGN (0x4)
                0x000000000800a4e8                _sidata = LOADADDR (.data)

.data           0x0000000020000000      0x200 load address 0x000000000800a4e8
                0x0000000020000000                . = ALIGN (0x4)
                0x0000000020000000                _sdata = .
 *(.data)
 *(.data*)
 .data.hi2c     0x0000000020000000        0x4 Core/Src/Drivers/_eeprom24xx.o
 .data.DevAddress
                0x0000000020000004        0x2 Core/Src/Drivers/_eeprom24xx.o
 *fill*         0x0000000020000006        0x2 
 .data.SIM      0x0000000020000008       0x18 Core/Src/Libs/_simcom.o
                0x0000000020000008                SIM
 .data.init.10423
                0x0000000020000020        0x1 Core/Src/Libs/_simcom.o
 *fill*         0x0000000020000021        0x3 
 .data.SystemCoreClock
                0x0000000020000024        0x4 Core/Src/system_stm32f4xx.o
                0x0000000020000024                SystemCoreClock
 .data.uwTickPrio
                0x0000000020000028        0x4 Drivers/STM32F4xx_HAL_Driver/Src/stm32f4xx_hal.o
                0x0000000020000028                uwTickPrio
 .data.uwTickFreq
                0x000000002000002c        0x1 Drivers/STM32F4xx_HAL_Driver/Src/stm32f4xx_hal.o
                0x000000002000002c                uwTickFreq
 *fill*         0x000000002000002d        0x3 
 .data._impure_ptr
                0x0000000020000030        0x4 /opt/st/stm32cubeide_1.3.0_2/plugins/com.st.stm32cube.ide.mcu.externaltools.gnu-tools-for-stm32.7-2018-q2-update.linux64_1.0.0.201904181610/tools/bin/../lib/gcc/arm-none-eabi/7.3.1/../../../../arm-none-eabi/lib/thumb/v7e-m/fpv4-sp/hard/libc_nano.a(lib_a-impure.o)
                0x0000000020000030                _impure_ptr
 .data.impure_data
                0x0000000020000034       0x60 /opt/st/stm32cubeide_1.3.0_2/plugins/com.st.stm32cube.ide.mcu.externaltools.gnu-tools-for-stm32.7-2018-q2-update.linux64_1.0.0.201904181610/tools/bin/../lib/gcc/arm-none-eabi/7.3.1/../../../../arm-none-eabi/lib/thumb/v7e-m/fpv4-sp/hard/libc_nano.a(lib_a-impure.o)
 .data.__global_locale
                0x0000000020000094      0x16c /opt/st/stm32cubeide_1.3.0_2/plugins/com.st.stm32cube.ide.mcu.externaltools.gnu-tools-for-stm32.7-2018-q2-update.linux64_1.0.0.201904181610/tools/bin/../lib/gcc/arm-none-eabi/7.3.1/../../../../arm-none-eabi/lib/thumb/v7e-m/fpv4-sp/hard/libc_nano.a(lib_a-locale.o)
                0x0000000020000094                __global_locale
                0x0000000020000200                . = ALIGN (0x4)
                0x0000000020000200                _edata = .

.igot.plt       0x0000000020000200        0x0 load address 0x000000000800a6e8
 .igot.plt      0x0000000020000200        0x0 /opt/st/stm32cubeide_1.3.0_2/plugins/com.st.stm32cube.ide.mcu.externaltools.gnu-tools-for-stm32.7-2018-q2-update.linux64_1.0.0.201904181610/tools/bin/../lib/gcc/arm-none-eabi/7.3.1/thumb/v7e-m/fpv4-sp/hard/crtbegin.o
                0x0000000020000200                . = ALIGN (0x4)

.bss            0x0000000020000200      0xb58 load address 0x000000000800a6e8
                0x0000000020000200                _sbss = .
                0x0000000020000200                __bss_start__ = _sbss
 *(.bss)
 .bss           0x0000000020000200       0x1c /opt/st/stm32cubeide_1.3.0_2/plugins/com.st.stm32cube.ide.mcu.externaltools.gnu-tools-for-stm32.7-2018-q2-update.linux64_1.0.0.201904181610/tools/bin/../lib/gcc/arm-none-eabi/7.3.1/thumb/v7e-m/fpv4-sp/hard/crtbegin.o
 *(.bss*)
 .bss.SIMCOM_DMA_RX
                0x000000002000021c      0x400 Core/Src/DMA/_dma_simcom.o
 .bss.simcom_write
                0x000000002000061c        0x4 Core/Src/DMA/_dma_simcom.o
 .bss.old_pos.10066
                0x0000000020000620        0x4 Core/Src/DMA/_dma_simcom.o
 .bss.DFU_FLAG  0x0000000020000624        0x4 Core/Src/Libs/_eeprom.o
                0x0000000020000624                DFU_FLAG
 .bss.heap_end.6424
                0x0000000020000628        0x4 Core/Src/sysmem.o
 .bss.__malloc_free_list
                0x000000002000062c        0x4 /opt/st/stm32cubeide_1.3.0_2/plugins/com.st.stm32cube.ide.mcu.externaltools.gnu-tools-for-stm32.7-2018-q2-update.linux64_1.0.0.201904181610/tools/bin/../lib/gcc/arm-none-eabi/7.3.1/../../../../arm-none-eabi/lib/thumb/v7e-m/fpv4-sp/hard/libc_nano.a(lib_a-nano-mallocr.o)
                0x000000002000062c                __malloc_free_list
 .bss.__malloc_sbrk_start
                0x0000000020000630        0x4 /opt/st/stm32cubeide_1.3.0_2/plugins/com.st.stm32cube.ide.mcu.externaltools.gnu-tools-for-stm32.7-2018-q2-update.linux64_1.0.0.201904181610/tools/bin/../lib/gcc/arm-none-eabi/7.3.1/../../../../arm-none-eabi/lib/thumb/v7e-m/fpv4-sp/hard/libc_nano.a(lib_a-nano-mallocr.o)
                0x0000000020000630                __malloc_sbrk_start
 *(COMMON)
 COMMON         0x0000000020000634      0x600 Core/Src/DMA/_dma_simcom.o
                0x0000000020000634                SIMCOM_UART_RX
 COMMON         0x0000000020000c34       0xfc Core/Src/main.o
                0x0000000020000c34                hcrc
                0x0000000020000c3c                hi2c2
                0x0000000020000c90                hdma_usart1_rx
                0x0000000020000cf0                huart1
 COMMON         0x0000000020000d30        0x4 Drivers/STM32F4xx_HAL_Driver/Src/stm32f4xx_hal.o
                0x0000000020000d30                uwTick
 COMMON         0x0000000020000d34       0x20 Drivers/STM32F4xx_HAL_Driver/Src/stm32f4xx_hal_flash.o
                0x0000000020000d34                pFlash
 COMMON         0x0000000020000d54        0x4 /opt/st/stm32cubeide_1.3.0_2/plugins/com.st.stm32cube.ide.mcu.externaltools.gnu-tools-for-stm32.7-2018-q2-update.linux64_1.0.0.201904181610/tools/bin/../lib/gcc/arm-none-eabi/7.3.1/../../../../arm-none-eabi/lib/thumb/v7e-m/fpv4-sp/hard/libc_nano.a(lib_a-reent.o)
                0x0000000020000d54                errno
                0x0000000020000d58                . = ALIGN (0x4)
                0x0000000020000d58                _ebss = .
                0x0000000020000d58                __bss_end__ = _ebss

._user_heap_stack
                0x0000000020000d58      0x600 load address 0x000000000800a6e8
                0x0000000020000d58                . = ALIGN (0x8)
                0x0000000020000d58                PROVIDE (end = .)
                [!provide]                        PROVIDE (_end = .)
                0x0000000020000f58                . = (. + _Min_Heap_Size)
 *fill*         0x0000000020000d58      0x200 
                0x0000000020001358                . = (. + _Min_Stack_Size)
 *fill*         0x0000000020000f58      0x400 
                0x0000000020001358                . = ALIGN (0x8)

/DISCARD/
 libc.a(*)
 libm.a(*)
 libgcc.a(*)

.ARM.attributes
                0x0000000000000000       0x30
 *(.ARM.attributes)
 .ARM.attributes
                0x0000000000000000       0x22 /opt/st/stm32cubeide_1.3.0_2/plugins/com.st.stm32cube.ide.mcu.externaltools.gnu-tools-for-stm32.7-2018-q2-update.linux64_1.0.0.201904181610/tools/bin/../lib/gcc/arm-none-eabi/7.3.1/thumb/v7e-m/fpv4-sp/hard/crti.o
 .ARM.attributes
                0x0000000000000022       0x34 /opt/st/stm32cubeide_1.3.0_2/plugins/com.st.stm32cube.ide.mcu.externaltools.gnu-tools-for-stm32.7-2018-q2-update.linux64_1.0.0.201904181610/tools/bin/../lib/gcc/arm-none-eabi/7.3.1/thumb/v7e-m/fpv4-sp/hard/crtbegin.o
 .ARM.attributes
                0x0000000000000056       0x39 Core/Src/DMA/_dma_simcom.o
 .ARM.attributes
                0x000000000000008f       0x39 Core/Src/Drivers/_at.o
 .ARM.attributes
                0x00000000000000c8       0x39 Core/Src/Drivers/_crc.o
 .ARM.attributes
                0x0000000000000101       0x39 Core/Src/Drivers/_eeprom24xx.o
 .ARM.attributes
                0x000000000000013a       0x39 Core/Src/Drivers/_flasher.o
 .ARM.attributes
                0x0000000000000173       0x39 Core/Src/Drivers/_log.o
 .ARM.attributes
                0x00000000000001ac       0x39 Core/Src/Libs/_eeprom.o
 .ARM.attributes
                0x00000000000001e5       0x39 Core/Src/Libs/_fota.o
 .ARM.attributes
                0x000000000000021e       0x39 Core/Src/Libs/_simcom.o
 .ARM.attributes
                0x0000000000000257       0x39 Core/Src/Libs/_utils.o
 .ARM.attributes
                0x0000000000000290       0x39 Core/Src/main.o
 .ARM.attributes
                0x00000000000002c9       0x39 Core/Src/stm32f4xx_hal_msp.o
 .ARM.attributes
                0x0000000000000302       0x39 Core/Src/stm32f4xx_it.o
 .ARM.attributes
                0x000000000000033b       0x39 Core/Src/sysmem.o
 .ARM.attributes
                0x0000000000000374       0x39 Core/Src/system_stm32f4xx.o
 .ARM.attributes
                0x00000000000003ad       0x21 Core/Startup/startup_stm32f423vhtx.o
 .ARM.attributes
                0x00000000000003ce       0x39 Drivers/STM32F4xx_HAL_Driver/Src/stm32f4xx_hal.o
 .ARM.attributes
                0x0000000000000407       0x39 Drivers/STM32F4xx_HAL_Driver/Src/stm32f4xx_hal_cortex.o
 .ARM.attributes
                0x0000000000000440       0x39 Drivers/STM32F4xx_HAL_Driver/Src/stm32f4xx_hal_crc.o
 .ARM.attributes
                0x0000000000000479       0x39 Drivers/STM32F4xx_HAL_Driver/Src/stm32f4xx_hal_dma.o
 .ARM.attributes
                0x00000000000004b2       0x39 Drivers/STM32F4xx_HAL_Driver/Src/stm32f4xx_hal_flash.o
 .ARM.attributes
                0x00000000000004eb       0x39 Drivers/STM32F4xx_HAL_Driver/Src/stm32f4xx_hal_flash_ex.o
 .ARM.attributes
                0x0000000000000524       0x39 Drivers/STM32F4xx_HAL_Driver/Src/stm32f4xx_hal_gpio.o
 .ARM.attributes
                0x000000000000055d       0x39 Drivers/STM32F4xx_HAL_Driver/Src/stm32f4xx_hal_i2c.o
 .ARM.attributes
                0x0000000000000596       0x39 Drivers/STM32F4xx_HAL_Driver/Src/stm32f4xx_hal_i2c_ex.o
 .ARM.attributes
                0x00000000000005cf       0x39 Drivers/STM32F4xx_HAL_Driver/Src/stm32f4xx_hal_rcc.o
 .ARM.attributes
                0x0000000000000608       0x39 Drivers/STM32F4xx_HAL_Driver/Src/stm32f4xx_hal_rcc_ex.o
 .ARM.attributes
                0x0000000000000641       0x39 Drivers/STM32F4xx_HAL_Driver/Src/stm32f4xx_hal_uart.o
 .ARM.attributes
                0x000000000000067a       0x34 /opt/st/stm32cubeide_1.3.0_2/plugins/com.st.stm32cube.ide.mcu.externaltools.gnu-tools-for-stm32.7-2018-q2-update.linux64_1.0.0.201904181610/tools/bin/../lib/gcc/arm-none-eabi/7.3.1/../../../../arm-none-eabi/lib/thumb/v7e-m/fpv4-sp/hard/libc_nano.a(lib_a-errno.o)
 .ARM.attributes
                0x00000000000006ae       0x34 /opt/st/stm32cubeide_1.3.0_2/plugins/com.st.stm32cube.ide.mcu.externaltools.gnu-tools-for-stm32.7-2018-q2-update.linux64_1.0.0.201904181610/tools/bin/../lib/gcc/arm-none-eabi/7.3.1/../../../../arm-none-eabi/lib/thumb/v7e-m/fpv4-sp/hard/libc_nano.a(lib_a-impure.o)
 .ARM.attributes
                0x00000000000006e2       0x34 /opt/st/stm32cubeide_1.3.0_2/plugins/com.st.stm32cube.ide.mcu.externaltools.gnu-tools-for-stm32.7-2018-q2-update.linux64_1.0.0.201904181610/tools/bin/../lib/gcc/arm-none-eabi/7.3.1/../../../../arm-none-eabi/lib/thumb/v7e-m/fpv4-sp/hard/libc_nano.a(lib_a-init.o)
 .ARM.attributes
                0x0000000000000716       0x34 /opt/st/stm32cubeide_1.3.0_2/plugins/com.st.stm32cube.ide.mcu.externaltools.gnu-tools-for-stm32.7-2018-q2-update.linux64_1.0.0.201904181610/tools/bin/../lib/gcc/arm-none-eabi/7.3.1/../../../../arm-none-eabi/lib/thumb/v7e-m/fpv4-sp/hard/libc_nano.a(lib_a-memcmp.o)
 .ARM.attributes
                0x000000000000074a       0x34 /opt/st/stm32cubeide_1.3.0_2/plugins/com.st.stm32cube.ide.mcu.externaltools.gnu-tools-for-stm32.7-2018-q2-update.linux64_1.0.0.201904181610/tools/bin/../lib/gcc/arm-none-eabi/7.3.1/../../../../arm-none-eabi/lib/thumb/v7e-m/fpv4-sp/hard/libc_nano.a(lib_a-memcpy-stub.o)
 .ARM.attributes
                0x000000000000077e       0x34 /opt/st/stm32cubeide_1.3.0_2/plugins/com.st.stm32cube.ide.mcu.externaltools.gnu-tools-for-stm32.7-2018-q2-update.linux64_1.0.0.201904181610/tools/bin/../lib/gcc/arm-none-eabi/7.3.1/../../../../arm-none-eabi/lib/thumb/v7e-m/fpv4-sp/hard/libc_nano.a(lib_a-memset.o)
 .ARM.attributes
                0x00000000000007b2       0x34 /opt/st/stm32cubeide_1.3.0_2/plugins/com.st.stm32cube.ide.mcu.externaltools.gnu-tools-for-stm32.7-2018-q2-update.linux64_1.0.0.201904181610/tools/bin/../lib/gcc/arm-none-eabi/7.3.1/../../../../arm-none-eabi/lib/thumb/v7e-m/fpv4-sp/hard/libc_nano.a(lib_a-sprintf.o)
 .ARM.attributes
                0x00000000000007e6       0x20 /opt/st/stm32cubeide_1.3.0_2/plugins/com.st.stm32cube.ide.mcu.externaltools.gnu-tools-for-stm32.7-2018-q2-update.linux64_1.0.0.201904181610/tools/bin/../lib/gcc/arm-none-eabi/7.3.1/../../../../arm-none-eabi/lib/thumb/v7e-m/fpv4-sp/hard/libc_nano.a(lib_a-strcmp.o)
 .ARM.attributes
                0x0000000000000806       0x1b /opt/st/stm32cubeide_1.3.0_2/plugins/com.st.stm32cube.ide.mcu.externaltools.gnu-tools-for-stm32.7-2018-q2-update.linux64_1.0.0.201904181610/tools/bin/../lib/gcc/arm-none-eabi/7.3.1/../../../../arm-none-eabi/lib/thumb/v7e-m/fpv4-sp/hard/libc_nano.a(lib_a-strlen.o)
 .ARM.attributes
                0x0000000000000821       0x34 /opt/st/stm32cubeide_1.3.0_2/plugins/com.st.stm32cube.ide.mcu.externaltools.gnu-tools-for-stm32.7-2018-q2-update.linux64_1.0.0.201904181610/tools/bin/../lib/gcc/arm-none-eabi/7.3.1/../../../../arm-none-eabi/lib/thumb/v7e-m/fpv4-sp/hard/libc_nano.a(lib_a-strncmp.o)
 .ARM.attributes
                0x0000000000000855       0x34 /opt/st/stm32cubeide_1.3.0_2/plugins/com.st.stm32cube.ide.mcu.externaltools.gnu-tools-for-stm32.7-2018-q2-update.linux64_1.0.0.201904181610/tools/bin/../lib/gcc/arm-none-eabi/7.3.1/../../../../arm-none-eabi/lib/thumb/v7e-m/fpv4-sp/hard/libc_nano.a(lib_a-strstr.o)
 .ARM.attributes
                0x0000000000000889       0x34 /opt/st/stm32cubeide_1.3.0_2/plugins/com.st.stm32cube.ide.mcu.externaltools.gnu-tools-for-stm32.7-2018-q2-update.linux64_1.0.0.201904181610/tools/bin/../lib/gcc/arm-none-eabi/7.3.1/../../../../arm-none-eabi/lib/thumb/v7e-m/fpv4-sp/hard/libc_nano.a(lib_a-strtoul.o)
 .ARM.attributes
                0x00000000000008bd       0x34 /opt/st/stm32cubeide_1.3.0_2/plugins/com.st.stm32cube.ide.mcu.externaltools.gnu-tools-for-stm32.7-2018-q2-update.linux64_1.0.0.201904181610/tools/bin/../lib/gcc/arm-none-eabi/7.3.1/../../../../arm-none-eabi/lib/thumb/v7e-m/fpv4-sp/hard/libc_nano.a(lib_a-locale.o)
 .ARM.attributes
                0x00000000000008f1       0x34 /opt/st/stm32cubeide_1.3.0_2/plugins/com.st.stm32cube.ide.mcu.externaltools.gnu-tools-for-stm32.7-2018-q2-update.linux64_1.0.0.201904181610/tools/bin/../lib/gcc/arm-none-eabi/7.3.1/../../../../arm-none-eabi/lib/thumb/v7e-m/fpv4-sp/hard/libc_nano.a(lib_a-mbtowc_r.o)
 .ARM.attributes
                0x0000000000000925       0x34 /opt/st/stm32cubeide_1.3.0_2/plugins/com.st.stm32cube.ide.mcu.externaltools.gnu-tools-for-stm32.7-2018-q2-update.linux64_1.0.0.201904181610/tools/bin/../lib/gcc/arm-none-eabi/7.3.1/../../../../arm-none-eabi/lib/thumb/v7e-m/fpv4-sp/hard/libc_nano.a(lib_a-nano-svfprintf.o)
 .ARM.attributes
                0x0000000000000959       0x34 /opt/st/stm32cubeide_1.3.0_2/plugins/com.st.stm32cube.ide.mcu.externaltools.gnu-tools-for-stm32.7-2018-q2-update.linux64_1.0.0.201904181610/tools/bin/../lib/gcc/arm-none-eabi/7.3.1/../../../../arm-none-eabi/lib/thumb/v7e-m/fpv4-sp/hard/libc_nano.a(lib_a-nano-vfprintf_i.o)
 .ARM.attributes
                0x000000000000098d       0x34 /opt/st/stm32cubeide_1.3.0_2/plugins/com.st.stm32cube.ide.mcu.externaltools.gnu-tools-for-stm32.7-2018-q2-update.linux64_1.0.0.201904181610/tools/bin/../lib/gcc/arm-none-eabi/7.3.1/../../../../arm-none-eabi/lib/thumb/v7e-m/fpv4-sp/hard/libc_nano.a(lib_a-wctomb_r.o)
 .ARM.attributes
                0x00000000000009c1       0x34 /opt/st/stm32cubeide_1.3.0_2/plugins/com.st.stm32cube.ide.mcu.externaltools.gnu-tools-for-stm32.7-2018-q2-update.linux64_1.0.0.201904181610/tools/bin/../lib/gcc/arm-none-eabi/7.3.1/../../../../arm-none-eabi/lib/thumb/v7e-m/fpv4-sp/hard/libc_nano.a(lib_a-ctype_.o)
 .ARM.attributes
                0x00000000000009f5       0x20 /opt/st/stm32cubeide_1.3.0_2/plugins/com.st.stm32cube.ide.mcu.externaltools.gnu-tools-for-stm32.7-2018-q2-update.linux64_1.0.0.201904181610/tools/bin/../lib/gcc/arm-none-eabi/7.3.1/../../../../arm-none-eabi/lib/thumb/v7e-m/fpv4-sp/hard/libc_nano.a(lib_a-memchr.o)
 .ARM.attributes
                0x0000000000000a15       0x34 /opt/st/stm32cubeide_1.3.0_2/plugins/com.st.stm32cube.ide.mcu.externaltools.gnu-tools-for-stm32.7-2018-q2-update.linux64_1.0.0.201904181610/tools/bin/../lib/gcc/arm-none-eabi/7.3.1/../../../../arm-none-eabi/lib/thumb/v7e-m/fpv4-sp/hard/libc_nano.a(lib_a-memmove.o)
 .ARM.attributes
                0x0000000000000a49       0x34 /opt/st/stm32cubeide_1.3.0_2/plugins/com.st.stm32cube.ide.mcu.externaltools.gnu-tools-for-stm32.7-2018-q2-update.linux64_1.0.0.201904181610/tools/bin/../lib/gcc/arm-none-eabi/7.3.1/../../../../arm-none-eabi/lib/thumb/v7e-m/fpv4-sp/hard/libc_nano.a(lib_a-nano-freer.o)
 .ARM.attributes
                0x0000000000000a7d       0x34 /opt/st/stm32cubeide_1.3.0_2/plugins/com.st.stm32cube.ide.mcu.externaltools.gnu-tools-for-stm32.7-2018-q2-update.linux64_1.0.0.201904181610/tools/bin/../lib/gcc/arm-none-eabi/7.3.1/../../../../arm-none-eabi/lib/thumb/v7e-m/fpv4-sp/hard/libc_nano.a(lib_a-nano-mallocr.o)
 .ARM.attributes
                0x0000000000000ab1       0x34 /opt/st/stm32cubeide_1.3.0_2/plugins/com.st.stm32cube.ide.mcu.externaltools.gnu-tools-for-stm32.7-2018-q2-update.linux64_1.0.0.201904181610/tools/bin/../lib/gcc/arm-none-eabi/7.3.1/../../../../arm-none-eabi/lib/thumb/v7e-m/fpv4-sp/hard/libc_nano.a(lib_a-nano-reallocr.o)
 .ARM.attributes
                0x0000000000000ae5       0x34 /opt/st/stm32cubeide_1.3.0_2/plugins/com.st.stm32cube.ide.mcu.externaltools.gnu-tools-for-stm32.7-2018-q2-update.linux64_1.0.0.201904181610/tools/bin/../lib/gcc/arm-none-eabi/7.3.1/../../../../arm-none-eabi/lib/thumb/v7e-m/fpv4-sp/hard/libc_nano.a(lib_a-sbrkr.o)
 .ARM.attributes
                0x0000000000000b19       0x34 /opt/st/stm32cubeide_1.3.0_2/plugins/com.st.stm32cube.ide.mcu.externaltools.gnu-tools-for-stm32.7-2018-q2-update.linux64_1.0.0.201904181610/tools/bin/../lib/gcc/arm-none-eabi/7.3.1/../../../../arm-none-eabi/lib/thumb/v7e-m/fpv4-sp/hard/libc_nano.a(lib_a-mlock.o)
 .ARM.attributes
                0x0000000000000b4d       0x34 /opt/st/stm32cubeide_1.3.0_2/plugins/com.st.stm32cube.ide.mcu.externaltools.gnu-tools-for-stm32.7-2018-q2-update.linux64_1.0.0.201904181610/tools/bin/../lib/gcc/arm-none-eabi/7.3.1/../../../../arm-none-eabi/lib/thumb/v7e-m/fpv4-sp/hard/libc_nano.a(lib_a-nano-msizer.o)
 .ARM.attributes
                0x0000000000000b81       0x34 /opt/st/stm32cubeide_1.3.0_2/plugins/com.st.stm32cube.ide.mcu.externaltools.gnu-tools-for-stm32.7-2018-q2-update.linux64_1.0.0.201904181610/tools/bin/../lib/gcc/arm-none-eabi/7.3.1/../../../../arm-none-eabi/lib/thumb/v7e-m/fpv4-sp/hard/libc_nano.a(lib_a-reent.o)
 .ARM.attributes
                0x0000000000000bb5       0x22 /opt/st/stm32cubeide_1.3.0_2/plugins/com.st.stm32cube.ide.mcu.externaltools.gnu-tools-for-stm32.7-2018-q2-update.linux64_1.0.0.201904181610/tools/bin/../lib/gcc/arm-none-eabi/7.3.1/thumb/v7e-m/fpv4-sp/hard/libgcc.a(_arm_addsubdf3.o)
 .ARM.attributes
                0x0000000000000bd7       0x22 /opt/st/stm32cubeide_1.3.0_2/plugins/com.st.stm32cube.ide.mcu.externaltools.gnu-tools-for-stm32.7-2018-q2-update.linux64_1.0.0.201904181610/tools/bin/../lib/gcc/arm-none-eabi/7.3.1/thumb/v7e-m/fpv4-sp/hard/libgcc.a(_arm_muldivdf3.o)
 .ARM.attributes
                0x0000000000000bf9       0x22 /opt/st/stm32cubeide_1.3.0_2/plugins/com.st.stm32cube.ide.mcu.externaltools.gnu-tools-for-stm32.7-2018-q2-update.linux64_1.0.0.201904181610/tools/bin/../lib/gcc/arm-none-eabi/7.3.1/thumb/v7e-m/fpv4-sp/hard/libgcc.a(_arm_fixunsdfsi.o)
 .ARM.attributes
                0x0000000000000c1b       0x22 /opt/st/stm32cubeide_1.3.0_2/plugins/com.st.stm32cube.ide.mcu.externaltools.gnu-tools-for-stm32.7-2018-q2-update.linux64_1.0.0.201904181610/tools/bin/../lib/gcc/arm-none-eabi/7.3.1/thumb/v7e-m/fpv4-sp/hard/libgcc.a(_arm_truncdfsf2.o)
 .ARM.attributes
                0x0000000000000c3d       0x22 /opt/st/stm32cubeide_1.3.0_2/plugins/com.st.stm32cube.ide.mcu.externaltools.gnu-tools-for-stm32.7-2018-q2-update.linux64_1.0.0.201904181610/tools/bin/../lib/gcc/arm-none-eabi/7.3.1/thumb/v7e-m/fpv4-sp/hard/libgcc.a(_aeabi_uldivmod.o)
 .ARM.attributes
                0x0000000000000c5f       0x34 /opt/st/stm32cubeide_1.3.0_2/plugins/com.st.stm32cube.ide.mcu.externaltools.gnu-tools-for-stm32.7-2018-q2-update.linux64_1.0.0.201904181610/tools/bin/../lib/gcc/arm-none-eabi/7.3.1/thumb/v7e-m/fpv4-sp/hard/libgcc.a(_udivmoddi4.o)
 .ARM.attributes
                0x0000000000000c93       0x22 /opt/st/stm32cubeide_1.3.0_2/plugins/com.st.stm32cube.ide.mcu.externaltools.gnu-tools-for-stm32.7-2018-q2-update.linux64_1.0.0.201904181610/tools/bin/../lib/gcc/arm-none-eabi/7.3.1/thumb/v7e-m/fpv4-sp/hard/libgcc.a(_dvmd_tls.o)
 .ARM.attributes
                0x0000000000000cb5       0x22 /opt/st/stm32cubeide_1.3.0_2/plugins/com.st.stm32cube.ide.mcu.externaltools.gnu-tools-for-stm32.7-2018-q2-update.linux64_1.0.0.201904181610/tools/bin/../lib/gcc/arm-none-eabi/7.3.1/thumb/v7e-m/fpv4-sp/hard/crtn.o
OUTPUT(VCU_BOOTLOADER.elf elf32-littlearm)

.debug_info     0x0000000000000000    0x171ad
 .debug_info    0x0000000000000000     0x1017 Core/Src/DMA/_dma_simcom.o
 .debug_info    0x0000000000001017     0x1a80 Core/Src/Drivers/_at.o
 .debug_info    0x0000000000002a97      0xbf5 Core/Src/Drivers/_crc.o
 .debug_info    0x000000000000368c     0x1016 Core/Src/Drivers/_eeprom24xx.o
 .debug_info    0x00000000000046a2      0xdac Core/Src/Drivers/_flasher.o
 .debug_info    0x000000000000544e      0xf51 Core/Src/Drivers/_log.o
 .debug_info    0x000000000000639f      0xb8c Core/Src/Libs/_eeprom.o
 .debug_info    0x0000000000006f2b      0xe9c Core/Src/Libs/_fota.o
 .debug_info    0x0000000000007dc7     0x137b Core/Src/Libs/_simcom.o
 .debug_info    0x0000000000009142      0xbd5 Core/Src/Libs/_utils.o
 .debug_info    0x0000000000009d17     0x1ac3 Core/Src/main.o
 .debug_info    0x000000000000b7da     0x1075 Core/Src/stm32f4xx_hal_msp.o
 .debug_info    0x000000000000c84f      0xf01 Core/Src/stm32f4xx_it.o
 .debug_info    0x000000000000d750      0x91c Core/Src/sysmem.o
 .debug_info    0x000000000000e06c      0x588 Core/Src/system_stm32f4xx.o
 .debug_info    0x000000000000e5f4       0x22 Core/Startup/startup_stm32f423vhtx.o
 .debug_info    0x000000000000e616      0x9cd Drivers/STM32F4xx_HAL_Driver/Src/stm32f4xx_hal.o
 .debug_info    0x000000000000efe3      0xe7c Drivers/STM32F4xx_HAL_Driver/Src/stm32f4xx_hal_cortex.o
 .debug_info    0x000000000000fe5f      0x441 Drivers/STM32F4xx_HAL_Driver/Src/stm32f4xx_hal_crc.o
 .debug_info    0x00000000000102a0      0x968 Drivers/STM32F4xx_HAL_Driver/Src/stm32f4xx_hal_dma.o
 .debug_info    0x0000000000010c08      0x622 Drivers/STM32F4xx_HAL_Driver/Src/stm32f4xx_hal_flash.o
 .debug_info    0x000000000001122a      0x884 Drivers/STM32F4xx_HAL_Driver/Src/stm32f4xx_hal_flash_ex.o
 .debug_info    0x0000000000011aae      0x81d Drivers/STM32F4xx_HAL_Driver/Src/stm32f4xx_hal_gpio.o
 .debug_info    0x00000000000122cb     0x23c2 Drivers/STM32F4xx_HAL_Driver/Src/stm32f4xx_hal_i2c.o
 .debug_info    0x000000000001468d      0x71d Drivers/STM32F4xx_HAL_Driver/Src/stm32f4xx_hal_i2c_ex.o
 .debug_info    0x0000000000014daa      0x944 Drivers/STM32F4xx_HAL_Driver/Src/stm32f4xx_hal_rcc.o
 .debug_info    0x00000000000156ee      0x873 Drivers/STM32F4xx_HAL_Driver/Src/stm32f4xx_hal_rcc_ex.o
 .debug_info    0x0000000000015f61     0x124c Drivers/STM32F4xx_HAL_Driver/Src/stm32f4xx_hal_uart.o

.debug_abbrev   0x0000000000000000     0x3a17
 .debug_abbrev  0x0000000000000000      0x26e Core/Src/DMA/_dma_simcom.o
 .debug_abbrev  0x000000000000026e      0x2d5 Core/Src/Drivers/_at.o
 .debug_abbrev  0x0000000000000543      0x21b Core/Src/Drivers/_crc.o
 .debug_abbrev  0x000000000000075e      0x212 Core/Src/Drivers/_eeprom24xx.o
 .debug_abbrev  0x0000000000000970      0x21a Core/Src/Drivers/_flasher.o
 .debug_abbrev  0x0000000000000b8a      0x28c Core/Src/Drivers/_log.o
 .debug_abbrev  0x0000000000000e16      0x23b Core/Src/Libs/_eeprom.o
 .debug_abbrev  0x0000000000001051      0x235 Core/Src/Libs/_fota.o
 .debug_abbrev  0x0000000000001286      0x326 Core/Src/Libs/_simcom.o
 .debug_abbrev  0x00000000000015ac      0x25c Core/Src/Libs/_utils.o
 .debug_abbrev  0x0000000000001808      0x295 Core/Src/main.o
 .debug_abbrev  0x0000000000001a9d      0x1d8 Core/Src/stm32f4xx_hal_msp.o
 .debug_abbrev  0x0000000000001c75      0x1d6 Core/Src/stm32f4xx_it.o
 .debug_abbrev  0x0000000000001e4b      0x1bb Core/Src/sysmem.o
 .debug_abbrev  0x0000000000002006      0x12b Core/Src/system_stm32f4xx.o
 .debug_abbrev  0x0000000000002131       0x12 Core/Startup/startup_stm32f423vhtx.o
 .debug_abbrev  0x0000000000002143      0x1c7 Drivers/STM32F4xx_HAL_Driver/Src/stm32f4xx_hal.o
 .debug_abbrev  0x000000000000230a      0x2fa Drivers/STM32F4xx_HAL_Driver/Src/stm32f4xx_hal_cortex.o
 .debug_abbrev  0x0000000000002604      0x1b7 Drivers/STM32F4xx_HAL_Driver/Src/stm32f4xx_hal_crc.o
 .debug_abbrev  0x00000000000027bb      0x229 Drivers/STM32F4xx_HAL_Driver/Src/stm32f4xx_hal_dma.o
 .debug_abbrev  0x00000000000029e4      0x248 Drivers/STM32F4xx_HAL_Driver/Src/stm32f4xx_hal_flash.o
 .debug_abbrev  0x0000000000002c2c      0x23c Drivers/STM32F4xx_HAL_Driver/Src/stm32f4xx_hal_flash_ex.o
 .debug_abbrev  0x0000000000002e68      0x1c9 Drivers/STM32F4xx_HAL_Driver/Src/stm32f4xx_hal_gpio.o
 .debug_abbrev  0x0000000000003031      0x254 Drivers/STM32F4xx_HAL_Driver/Src/stm32f4xx_hal_i2c.o
 .debug_abbrev  0x0000000000003285      0x16d Drivers/STM32F4xx_HAL_Driver/Src/stm32f4xx_hal_i2c_ex.o
 .debug_abbrev  0x00000000000033f2      0x245 Drivers/STM32F4xx_HAL_Driver/Src/stm32f4xx_hal_rcc.o
 .debug_abbrev  0x0000000000003637      0x19e Drivers/STM32F4xx_HAL_Driver/Src/stm32f4xx_hal_rcc_ex.o
 .debug_abbrev  0x00000000000037d5      0x242 Drivers/STM32F4xx_HAL_Driver/Src/stm32f4xx_hal_uart.o

.debug_aranges  0x0000000000000000      0xf90
 .debug_aranges
                0x0000000000000000       0x50 Core/Src/DMA/_dma_simcom.o
 .debug_aranges
                0x0000000000000050       0xd8 Core/Src/Drivers/_at.o
 .debug_aranges
                0x0000000000000128       0x38 Core/Src/Drivers/_crc.o
 .debug_aranges
                0x0000000000000160       0x38 Core/Src/Drivers/_eeprom24xx.o
 .debug_aranges
                0x0000000000000198       0x68 Core/Src/Drivers/_flasher.o
 .debug_aranges
                0x0000000000000200       0x90 Core/Src/Drivers/_log.o
 .debug_aranges
                0x0000000000000290       0x40 Core/Src/Libs/_eeprom.o
 .debug_aranges
                0x00000000000002d0       0x40 Core/Src/Libs/_fota.o
 .debug_aranges
                0x0000000000000310       0x80 Core/Src/Libs/_simcom.o
 .debug_aranges
                0x0000000000000390       0x58 Core/Src/Libs/_utils.o
 .debug_aranges
                0x00000000000003e8       0x58 Core/Src/main.o
 .debug_aranges
                0x0000000000000440       0x50 Core/Src/stm32f4xx_hal_msp.o
 .debug_aranges
                0x0000000000000490       0x70 Core/Src/stm32f4xx_it.o
 .debug_aranges
                0x0000000000000500       0x20 Core/Src/sysmem.o
 .debug_aranges
                0x0000000000000520       0x28 Core/Src/system_stm32f4xx.o
 .debug_aranges
                0x0000000000000548       0x28 Core/Startup/startup_stm32f423vhtx.o
 .debug_aranges
                0x0000000000000570       0xf0 Drivers/STM32F4xx_HAL_Driver/Src/stm32f4xx_hal.o
 .debug_aranges
                0x0000000000000660      0x118 Drivers/STM32F4xx_HAL_Driver/Src/stm32f4xx_hal_cortex.o
 .debug_aranges
                0x0000000000000778       0x50 Drivers/STM32F4xx_HAL_Driver/Src/stm32f4xx_hal_crc.o
 .debug_aranges
                0x00000000000007c8       0x90 Drivers/STM32F4xx_HAL_Driver/Src/stm32f4xx_hal_dma.o
 .debug_aranges
                0x0000000000000858       0xa0 Drivers/STM32F4xx_HAL_Driver/Src/stm32f4xx_hal_flash.o
 .debug_aranges
                0x00000000000008f8       0xc8 Drivers/STM32F4xx_HAL_Driver/Src/stm32f4xx_hal_flash_ex.o
 .debug_aranges
                0x00000000000009c0       0x58 Drivers/STM32F4xx_HAL_Driver/Src/stm32f4xx_hal_gpio.o
 .debug_aranges
                0x0000000000000a18      0x298 Drivers/STM32F4xx_HAL_Driver/Src/stm32f4xx_hal_i2c.o
 .debug_aranges
                0x0000000000000cb0       0x28 Drivers/STM32F4xx_HAL_Driver/Src/stm32f4xx_hal_i2c_ex.o
 .debug_aranges
                0x0000000000000cd8       0x88 Drivers/STM32F4xx_HAL_Driver/Src/stm32f4xx_hal_rcc.o
 .debug_aranges
                0x0000000000000d60       0x60 Drivers/STM32F4xx_HAL_Driver/Src/stm32f4xx_hal_rcc_ex.o
 .debug_aranges
                0x0000000000000dc0      0x1d0 Drivers/STM32F4xx_HAL_Driver/Src/stm32f4xx_hal_uart.o

.debug_ranges   0x0000000000000000      0xdf8
 .debug_ranges  0x0000000000000000       0x40 Core/Src/DMA/_dma_simcom.o
 .debug_ranges  0x0000000000000040       0xc8 Core/Src/Drivers/_at.o