_simcom.c:52:6:Simcom_Lock	8	static
_simcom.c:58:6:Simcom_Unlock	8	static
_simcom.c:64:7:Simcom_Response	16	static
_simcom.c:68:9:Simcom_SetState	208	static
_simcom.c:443:15:Simcom_Upload	56	static
_simcom.c:539:15:Simcom_Command	32	static
_simcom.c:585:15:Simcom_IdleJob	24	static
_simcom.c:609:22:Simcom_ProcessCommando	40	static
_simcom.c:648:22:Simcom_ProcessACK	32	static
_simcom.c:672:16:Simcom_CommandoIRQ	8	static
_simcom.c:677:22:Simcom_Ready	16	static
_simcom.c:700:22:Simcom_Power	8	static
_simcom.c:720:13:Simcom_Sleep	16	static
_simcom.c:725:22:Simcom_Execute	40	static
_simcom.c:802:13:Simcom_BeforeTransmitHook	32	static
