_simcom.c:52:6:Simcom_Lock	8	static
_simcom.c:58:6:Simcom_Unlock	8	static
_simcom.c:64:7:Simcom_Response	16	static
_simcom.c:68:9:Simcom_SetState	208	static
_simcom.c:444:15:Simcom_Upload	56	static
_simcom.c:550:15:Simcom_Command	32	static
_simcom.c:596:15:Simcom_IdleJob	24	static
_simcom.c:620:22:Simcom_ProcessCommando	40	static
_simcom.c:659:22:Simcom_ProcessACK	32	static
_simcom.c:683:16:Simcom_CommandoIRQ	8	static
_simcom.c:688:22:Simcom_Ready	16	static
_simcom.c:711:22:Simcom_Power	8	static
_simcom.c:731:13:Simcom_Sleep	16	static
_simcom.c:736:22:Simcom_Execute	40	static
_simcom.c:813:13:Simcom_BeforeTransmitHook	32	static
