stm32f4xx_hal_cryp.c:430:19:HAL_CRYP_Init	16	static
stm32f4xx_hal_cryp.c:505:19:HAL_CRYP_DeInit	16	static
stm32f4xx_hal_cryp.c:558:19:HAL_CRYP_SetConfig	16	static
stm32f4xx_hal_cryp.c:638:19:HAL_CRYP_GetConfig	16	static
stm32f4xx_hal_cryp.c:690:13:HAL_CRYP_MspInit	16	static
stm32f4xx_hal_cryp.c:706:13:HAL_CRYP_MspDeInit	16	static
stm32f4xx_hal_cryp.c:942:19:HAL_CRYP_Encrypt	32	static
stm32f4xx_hal_cryp.c:1115:19:HAL_CRYP_Decrypt	32	static
stm32f4xx_hal_cryp.c:1288:19:HAL_CRYP_Encrypt_IT	32	static
stm32f4xx_hal_cryp.c:1451:19:HAL_CRYP_Decrypt_IT	32	static
stm32f4xx_hal_cryp.c:1618:19:HAL_CRYP_Encrypt_DMA	40	static
stm32f4xx_hal_cryp.c:1850:19:HAL_CRYP_Decrypt_DMA	32	static
stm32f4xx_hal_cryp.c:2031:6:HAL_CRYP_IRQHandler	16	static
stm32f4xx_hal_cryp.c:2133:10:HAL_CRYP_GetError	16	static
stm32f4xx_hal_cryp.c:2144:23:HAL_CRYP_GetState	16	static
stm32f4xx_hal_cryp.c:2155:13:HAL_CRYP_InCpltCallback	16	static
stm32f4xx_hal_cryp.c:2171:13:HAL_CRYP_OutCpltCallback	16	static
stm32f4xx_hal_cryp.c:2187:13:HAL_CRYP_ErrorCallback	16	static
stm32f4xx_hal_cryp.c:2397:26:CRYP_AES_Encrypt	24	static
stm32f4xx_hal_cryp.c:2475:26:CRYP_AES_Encrypt_IT	24	static
stm32f4xx_hal_cryp.c:2571:26:CRYP_AES_Decrypt	24	static
stm32f4xx_hal_cryp.c:2722:26:CRYP_AES_Decrypt_IT	24	static
stm32f4xx_hal_cryp.c:2904:26:CRYP_AES_Decrypt_DMA	24	static
stm32f4xx_hal_cryp.c:3061:13:CRYP_DMAInCplt	24	static
stm32f4xx_hal_cryp.c:3102:13:CRYP_DMAOutCplt	24	static
stm32f4xx_hal_cryp.c:3157:13:CRYP_DMAError	24	static
stm32f4xx_hal_cryp.c:3193:13:CRYP_SetDMAConfig	24	static
stm32f4xx_hal_cryp.c:3306:13:CRYP_AES_ProcessData	40	static
stm32f4xx_hal_cryp.c:3433:13:CRYP_AES_IT	40	static
stm32f4xx_hal_cryp.c:3602:13:CRYP_SetKey	16	static
stm32f4xx_hal_cryp.c:3670:26:CRYP_AESGCM_Process	32	static
stm32f4xx_hal_cryp.c:3868:26:CRYP_AESGCM_Process_IT	40	static
stm32f4xx_hal_cryp.c:4148:26:CRYP_AESGCM_Process_DMA	32	static
stm32f4xx_hal_cryp.c:4326:26:CRYP_AESCCM_Process	48	static
stm32f4xx_hal_cryp.c:4753:26:CRYP_AESCCM_Process_IT	24	static
stm32f4xx_hal_cryp.c:4909:26:CRYP_AESCCM_Process_DMA	40	static
stm32f4xx_hal_cryp.c:5324:13:CRYP_GCMCCM_SetPayloadPhase_IT	56	static
stm32f4xx_hal_cryp.c:5599:26:CRYP_GCMCCM_SetHeaderPhase	24	static
stm32f4xx_hal_cryp.c:5851:26:CRYP_GCMCCM_SetHeaderPhase_DMA	24	static
stm32f4xx_hal_cryp.c:6143:13:CRYP_GCMCCM_SetHeaderPhase_IT	32	static
stm32f4xx_hal_cryp.c:6325:13:CRYP_Workaround	104	static,ignoring_inline_asm
stm32f4xx_hal_cryp.c:6924:26:CRYP_WaitOnCCFlag	24	static
