Archive member included to satisfy reference by file (symbol)

/opt/st/stm32cubeide_1.3.0_2/plugins/com.st.stm32cube.ide.mcu.externaltools.gnu-tools-for-stm32.7-2018-q2-update.linux64_1.0.0.201904181610/tools/bin/../lib/gcc/arm-none-eabi/7.3.1/../../../../arm-none-eabi/lib/thumb/v7e-m/fpv4-sp/hard/libc_nano.a(lib_a-errno.o)
                              Core/Src/syscalls.o (__errno)
/opt/st/stm32cubeide_1.3.0_2/plugins/com.st.stm32cube.ide.mcu.externaltools.gnu-tools-for-stm32.7-2018-q2-update.linux64_1.0.0.201904181610/tools/bin/../lib/gcc/arm-none-eabi/7.3.1/../../../../arm-none-eabi/lib/thumb/v7e-m/fpv4-sp/hard/libc_nano.a(lib_a-exit.o)
                              /opt/st/stm32cubeide_1.3.0_2/plugins/com.st.stm32cube.ide.mcu.externaltools.gnu-tools-for-stm32.7-2018-q2-update.linux64_1.0.0.201904181610/tools/bin/../lib/gcc/arm-none-eabi/7.3.1/../../../../arm-none-eabi/lib/thumb/v7e-m/fpv4-sp/hard/crt0.o (exit)
/opt/st/stm32cubeide_1.3.0_2/plugins/com.st.stm32cube.ide.mcu.externaltools.gnu-tools-for-stm32.7-2018-q2-update.linux64_1.0.0.201904181610/tools/bin/../lib/gcc/arm-none-eabi/7.3.1/../../../../arm-none-eabi/lib/thumb/v7e-m/fpv4-sp/hard/libc_nano.a(lib_a-impure.o)
                              /opt/st/stm32cubeide_1.3.0_2/plugins/com.st.stm32cube.ide.mcu.externaltools.gnu-tools-for-stm32.7-2018-q2-update.linux64_1.0.0.201904181610/tools/bin/../lib/gcc/arm-none-eabi/7.3.1/../../../../arm-none-eabi/lib/thumb/v7e-m/fpv4-sp/hard/libc_nano.a(lib_a-exit.o) (_global_impure_ptr)
/opt/st/stm32cubeide_1.3.0_2/plugins/com.st.stm32cube.ide.mcu.externaltools.gnu-tools-for-stm32.7-2018-q2-update.linux64_1.0.0.201904181610/tools/bin/../lib/gcc/arm-none-eabi/7.3.1/../../../../arm-none-eabi/lib/thumb/v7e-m/fpv4-sp/hard/libc_nano.a(lib_a-init.o)
                              /opt/st/stm32cubeide_1.3.0_2/plugins/com.st.stm32cube.ide.mcu.externaltools.gnu-tools-for-stm32.7-2018-q2-update.linux64_1.0.0.201904181610/tools/bin/../lib/gcc/arm-none-eabi/7.3.1/../../../../arm-none-eabi/lib/thumb/v7e-m/fpv4-sp/hard/crt0.o (__libc_init_array)
/opt/st/stm32cubeide_1.3.0_2/plugins/com.st.stm32cube.ide.mcu.externaltools.gnu-tools-for-stm32.7-2018-q2-update.linux64_1.0.0.201904181610/tools/bin/../lib/gcc/arm-none-eabi/7.3.1/../../../../arm-none-eabi/lib/thumb/v7e-m/fpv4-sp/hard/libc_nano.a(lib_a-memcmp.o)
                              Shared/Src/Drivers/_at.o (memcmp)
/opt/st/stm32cubeide_1.3.0_2/plugins/com.st.stm32cube.ide.mcu.externaltools.gnu-tools-for-stm32.7-2018-q2-update.linux64_1.0.0.201904181610/tools/bin/../lib/gcc/arm-none-eabi/7.3.1/../../../../arm-none-eabi/lib/thumb/v7e-m/fpv4-sp/hard/libc_nano.a(lib_a-memcpy-stub.o)
                              Shared/Src/DMA/_dma_simcom.o (memcpy)
/opt/st/stm32cubeide_1.3.0_2/plugins/com.st.stm32cube.ide.mcu.externaltools.gnu-tools-for-stm32.7-2018-q2-update.linux64_1.0.0.201904181610/tools/bin/../lib/gcc/arm-none-eabi/7.3.1/../../../../arm-none-eabi/lib/thumb/v7e-m/fpv4-sp/hard/libc_nano.a(lib_a-memset.o)
                              /opt/st/stm32cubeide_1.3.0_2/plugins/com.st.stm32cube.ide.mcu.externaltools.gnu-tools-for-stm32.7-2018-q2-update.linux64_1.0.0.201904181610/tools/bin/../lib/gcc/arm-none-eabi/7.3.1/../../../../arm-none-eabi/lib/thumb/v7e-m/fpv4-sp/hard/crt0.o (memset)
/opt/st/stm32cubeide_1.3.0_2/plugins/com.st.stm32cube.ide.mcu.externaltools.gnu-tools-for-stm32.7-2018-q2-update.linux64_1.0.0.201904181610/tools/bin/../lib/gcc/arm-none-eabi/7.3.1/../../../../arm-none-eabi/lib/thumb/v7e-m/fpv4-sp/hard/libc_nano.a(lib_a-sprintf.o)
                              Core/Src/Libs/_fota.o (sprintf)
/opt/st/stm32cubeide_1.3.0_2/plugins/com.st.stm32cube.ide.mcu.externaltools.gnu-tools-for-stm32.7-2018-q2-update.linux64_1.0.0.201904181610/tools/bin/../lib/gcc/arm-none-eabi/7.3.1/../../../../arm-none-eabi/lib/thumb/v7e-m/fpv4-sp/hard/libc_nano.a(lib_a-strcmp.o)
                              Shared/Src/Drivers/_at.o (strcmp)
/opt/st/stm32cubeide_1.3.0_2/plugins/com.st.stm32cube.ide.mcu.externaltools.gnu-tools-for-stm32.7-2018-q2-update.linux64_1.0.0.201904181610/tools/bin/../lib/gcc/arm-none-eabi/7.3.1/../../../../arm-none-eabi/lib/thumb/v7e-m/fpv4-sp/hard/libc_nano.a(lib_a-strlen.o)
                              Shared/Src/Drivers/_at.o (strlen)
/opt/st/stm32cubeide_1.3.0_2/plugins/com.st.stm32cube.ide.mcu.externaltools.gnu-tools-for-stm32.7-2018-q2-update.linux64_1.0.0.201904181610/tools/bin/../lib/gcc/arm-none-eabi/7.3.1/../../../../arm-none-eabi/lib/thumb/v7e-m/fpv4-sp/hard/libc_nano.a(lib_a-strncmp.o)
                              Shared/Src/Drivers/_at.o (strncmp)
/opt/st/stm32cubeide_1.3.0_2/plugins/com.st.stm32cube.ide.mcu.externaltools.gnu-tools-for-stm32.7-2018-q2-update.linux64_1.0.0.201904181610/tools/bin/../lib/gcc/arm-none-eabi/7.3.1/../../../../arm-none-eabi/lib/thumb/v7e-m/fpv4-sp/hard/libc_nano.a(lib_a-strstr.o)
                              Shared/Src/Libs/_simcom.o (strstr)
[...]
Memory Configuration

Name             Origin             Length             Attributes
RAM              0x0000000020000000 0x000000000004fff8 xrw
FLASH            0x0000000008000000 0x0000000000010000 xr
*default*        0x0000000000000000 0xffffffffffffffff

Linker script and memory map

LOAD /opt/st/stm32cubeide_1.3.0_2/plugins/com.st.stm32cube.ide.mcu.externaltools.gnu-tools-for-stm32.7-2018-q2-update.linux64_1.0.0.201904181610/tools/bin/../lib/gcc/arm-none-eabi/7.3.1/thumb/v7e-m/fpv4-sp/hard/crti.o
LOAD /opt/st/stm32cubeide_1.3.0_2/plugins/com.st.stm32cube.ide.mcu.externaltools.gnu-tools-for-stm32.7-2018-q2-update.linux64_1.0.0.201904181610/tools/bin/../lib/gcc/arm-none-eabi/7.3.1/thumb/v7e-m/fpv4-sp/hard/crtbegin.o
LOAD /opt/st/stm32cubeide_1.3.0_2/plugins/com.st.stm32cube.ide.mcu.externaltools.gnu-tools-for-stm32.7-2018-q2-update.linux64_1.0.0.201904181610/tools/bin/../lib/gcc/arm-none-eabi/7.3.1/../../../../arm-none-eabi/lib/thumb/v7e-m/fpv4-sp/hard/crt0.o
LOAD Core/Src/Drivers/_flasher.o
LOAD Core/Src/Libs/_focan.o
LOAD Core/Src/Libs/_fota.o
LOAD Core/Src/main.o
LOAD Core/Src/stm32f4xx_hal_msp.o
LOAD Core/Src/stm32f4xx_it.o
LOAD Core/Src/syscalls.o
LOAD Core/Src/sysmem.o
LOAD Core/Src/system_stm32f4xx.o
LOAD Core/Startup/startup_stm32f423vhtx.o
LOAD Drivers/STM32F4xx_HAL_Driver/Src/stm32f4xx_hal.o
LOAD Drivers/STM32F4xx_HAL_Driver/Src/stm32f4xx_hal_can.o
LOAD Drivers/STM32F4xx_HAL_Driver/Src/stm32f4xx_hal_cortex.o
LOAD Drivers/STM32F4xx_HAL_Driver/Src/stm32f4xx_hal_crc.o
LOAD Drivers/STM32F4xx_HAL_Driver/Src/stm32f4xx_hal_dma.o
LOAD Drivers/STM32F4xx_HAL_Driver/Src/stm32f4xx_hal_dma_ex.o
LOAD Drivers/STM32F4xx_HAL_Driver/Src/stm32f4xx_hal_exti.o
LOAD Drivers/STM32F4xx_HAL_Driver/Src/stm32f4xx_hal_flash.o
LOAD Drivers/STM32F4xx_HAL_Driver/Src/stm32f4xx_hal_flash_ex.o
LOAD Drivers/STM32F4xx_HAL_Driver/Src/stm32f4xx_hal_flash_ramfunc.o
LOAD Drivers/STM32F4xx_HAL_Driver/Src/stm32f4xx_hal_gpio.o
LOAD Drivers/STM32F4xx_HAL_Driver/Src/stm32f4xx_hal_i2c.o
LOAD Drivers/STM32F4xx_HAL_Driver/Src/stm32f4xx_hal_i2c_ex.o
LOAD Drivers/STM32F4xx_HAL_Driver/Src/stm32f4xx_hal_pwr.o
LOAD Drivers/STM32F4xx_HAL_Driver/Src/stm32f4xx_hal_pwr_ex.o
LOAD Drivers/STM32F4xx_HAL_Driver/Src/stm32f4xx_hal_rcc.o
LOAD Drivers/STM32F4xx_HAL_Driver/Src/stm32f4xx_hal_rcc_ex.o
LOAD Drivers/STM32F4xx_HAL_Driver/Src/stm32f4xx_hal_tim.o
LOAD Drivers/STM32F4xx_HAL_Driver/Src/stm32f4xx_hal_tim_ex.o
LOAD Drivers/STM32F4xx_HAL_Driver/Src/stm32f4xx_hal_uart.o
LOAD Shared/Src/DMA/_dma_simcom.o
LOAD Shared/Src/Drivers/_at.o
LOAD Shared/Src/Drivers/_canbus.o
LOAD Shared/Src/Drivers/_crc.o
LOAD Shared/Src/Drivers/_ee24xx.o
LOAD Shared/Src/Drivers/_log.o
LOAD Shared/Src/Libs/_eeprom.o
LOAD Shared/Src/Libs/_simcom.o
LOAD Shared/Src/Libs/_utils.o
START GROUP
LOAD /opt/st/stm32cubeide_1.3.0_2/plugins/com.st.stm32cube.ide.mcu.externaltools.gnu-tools-for-stm32.7-2018-q2-update.linux64_1.0.0.201904181610/tools/bin/../lib/gcc/arm-none-eabi/7.3.1/../../../../arm-none-eabi/lib/thumb/v7e-m/fpv4-sp/hard/libc_nano.a
LOAD /opt/st/stm32cubeide_1.3.0_2/plugins/com.st.stm32cube.ide.mcu.externaltools.gnu-tools-for-stm32.7-2018-q2-update.linux64_1.0.0.201904181610/tools/bin/../lib/gcc/arm-none-eabi/7.3.1/../../../../arm-none-eabi/lib/thumb/v7e-m/fpv4-sp/hard/libm.a
END GROUP
START GROUP
LOAD /opt/st/stm32cubeide_1.3.0_2/plugins/com.st.stm32cube.ide.mcu.externaltools.gnu-tools-for-stm32.7-2018-q2-update.linux64_1.0.0.201904181610/tools/bin/../lib/gcc/arm-none-eabi/7.3.1/thumb/v7e-m/fpv4-sp/hard/libgcc.a
LOAD /opt/st/stm32cubeide_1.3.0_2/plugins/com.st.stm32cube.ide.mcu.externaltools.gnu-tools-for-stm32.7-2018-q2-update.linux64_1.0.0.201904181610/tools/bin/../lib/gcc/arm-none-eabi/7.3.1/../../../../arm-none-eabi/lib/thumb/v7e-m/fpv4-sp/hard/libc_nano.a
END GROUP
START GROUP
LOAD /opt/st/stm32cubeide_1.3.0_2/plugins/com.st.stm32cube.ide.mcu.externaltools.gnu-tools-for-stm32.7-2018-q2-update.linux64_1.0.0.201904181610/tools/bin/../lib/gcc/arm-none-eabi/7.3.1/thumb/v7e-m/fpv4-sp/hard/libgcc.a
LOAD /opt/st/stm32cubeide_1.3.0_2/plugins/com.st.stm32cube.ide.mcu.externaltools.gnu-tools-for-stm32.7-2018-q2-update.linux64_1.0.0.201904181610/tools/bin/../lib/gcc/arm-none-eabi/7.3.1/../../../../arm-none-eabi/lib/thumb/v7e-m/fpv4-sp/hard/libc_nano.a
LOAD /opt/st/stm32cubeide_1.3.0_2/plugins/com.st.stm32cube.ide.mcu.externaltools.gnu-tools-for-stm32.7-2018-q2-update.linux64_1.0.0.201904181610/tools/bin/../lib/gcc/arm-none-eabi/7.3.1/../../../../arm-none-eabi/lib/thumb/v7e-m/fpv4-sp/hard/libnosys.a
END GROUP
START GROUP
LOAD /opt/st/stm32cubeide_1.3.0_2/plugins/com.st.stm32cube.ide.mcu.externaltools.gnu-tools-for-stm32.7-2018-q2-update.linux64_1.0.0.201904181610/tools/bin/../lib/gcc/arm-none-eabi/7.3.1/thumb/v7e-m/fpv4-sp/hard/libgcc.a
LOAD /opt/st/stm32cubeide_1.3.0_2/plugins/com.st.stm32cube.ide.mcu.externaltools.gnu-tools-for-stm32.7-2018-q2-update.linux64_1.0.0.201904181610/tools/bin/../lib/gcc/arm-none-eabi/7.3.1/../../../../arm-none-eabi/lib/thumb/v7e-m/fpv4-sp/hard/libc_nano.a
LOAD /opt/st/stm32cubeide_1.3.0_2/plugins/com.st.stm32cube.ide.mcu.externaltools.gnu-tools-for-stm32.7-2018-q2-update.linux64_1.0.0.201904181610/tools/bin/../lib/gcc/arm-none-eabi/7.3.1/../../../../arm-none-eabi/lib/thumb/v7e-m/fpv4-sp/hard/libnosys.a
END GROUP
LOAD /opt/st/stm32cubeide_1.3.0_2/plugins/com.st.stm32cube.ide.mcu.externaltools.gnu-tools-for-stm32.7-2018-q2-update.linux64_1.0.0.201904181610/tools/bin/../lib/gcc/arm-none-eabi/7.3.1/thumb/v7e-m/fpv4-sp/hard/crtend.o
LOAD /opt/st/stm32cubeide_1.3.0_2/plugins/com.st.stm32cube.ide.mcu.externaltools.gnu-tools-for-stm32.7-2018-q2-update.linux64_1.0.0.201904181610/tools/bin/../lib/gcc/arm-none-eabi/7.3.1/thumb/v7e-m/fpv4-sp/hard/crtn.o
                0x000000002004fff8                _estack = (ORIGIN (RAM) + LENGTH (RAM))
                0x0000000000000200                _Min_Heap_Size = 0x200
                0x0000000000000400                _Min_Stack_Size = 0x400

.isr_vector     0x0000000008000000      0x1d8
                0x0000000008000000                . = ALIGN (0x4)
 *(.isr_vector)
 .isr_vector    0x0000000008000000      0x1d8 Core/Startup/startup_stm32f423vhtx.o
                0x0000000008000000                g_pfnVectors
                0x00000000080001d8                . = ALIGN (0x4)

.text           0x00000000080001e0     0xb000
                0x00000000080001e0                . = ALIGN (0x4)
 *(.text)
 .text          0x00000000080001e0       0x40 /opt/st/stm32cubeide_1.3.0_2/plugins/com.st.stm32cube.ide.mcu.externaltools.gnu-tools-for-stm32.7-2018-q2-update.linux64_1.0.0.201904181610/tools/bin/../lib/gcc/arm-none-eabi/7.3.1/thumb/v7e-m/fpv4-sp/hard/crtbegin.o
 .text          0x0000000008000220       0x14 /opt/st/stm32cubeide_1.3.0_2/plugins/com.st.stm32cube.ide.mcu.externaltools.gnu-tools-for-stm32.7-2018-q2-update.linux64_1.0.0.201904181610/tools/bin/../lib/gcc/arm-none-eabi/7.3.1/../../../../arm-none-eabi/lib/thumb/v7e-m/fpv4-sp/hard/libc_nano.a(lib_a-strcmp.o)
                0x0000000008000220                strcmp
 .text          0x0000000008000234       0x10 /opt/st/stm32cubeide_1.3.0_2/plugins/com.st.stm32cube.ide.mcu.externaltools.gnu-tools-for-stm32.7-2018-q2-update.linux64_1.0.0.201904181610/tools/bin/../lib/gcc/arm-none-eabi/7.3.1/../../../../arm-none-eabi/lib/thumb/v7e-m/fpv4-sp/hard/libc_nano.a(lib_a-strlen.o)
                0x0000000008000234                strlen
 *fill*         0x0000000008000244        0xc 
 .text          0x0000000008000250       0xa0 /opt/st/stm32cubeide_1.3.0_2/plugins/com.st.stm32cube.ide.mcu.externaltools.gnu-tools-for-stm32.7-2018-q2-update.linux64_1.0.0.201904181610/tools/bin/../lib/gcc/arm-none-eabi/7.3.1/../../../../arm-none-eabi/lib/thumb/v7e-m/fpv4-sp/hard/libc_nano.a(lib_a-memchr.o)
                0x0000000008000250                memchr
 .text          0x00000000080002f0      0x378 /opt/st/stm32cubeide_1.3.0_2/plugins/com.st.stm32cube.ide.mcu.externaltools.gnu-tools-for-stm32.7-2018-q2-update.linux64_1.0.0.201904181610/tools/bin/../lib/gcc/arm-none-eabi/7.3.1/thumb/v7e-m/fpv4-sp/hard/libgcc.a(_arm_addsubdf3.o)
                0x00000000080002f0                __aeabi_drsub
                0x00000000080002f8                __aeabi_dsub
                0x00000000080002f8                __subdf3
                0x00000000080002fc                __adddf3
                0x00000000080002fc                __aeabi_dadd
                0x0000000008000574                __aeabi_ui2d
                0x0000000008000574                __floatunsidf
                0x0000000008000594                __floatsidf
                0x0000000008000594                __aeabi_i2d
                0x00000000080005b8                __extendsfdf2
                0x00000000080005b8                __aeabi_f2d
                0x00000000080005fc                __aeabi_ul2d
                0x00000000080005fc                __floatundidf
                0x000000000800060c                __floatdidf
                0x000000000800060c                __aeabi_l2d
 .text          0x0000000008000668      0x424 /opt/st/stm32cubeide_1.3.0_2/plugins/com.st.stm32cube.ide.mcu.externaltools.gnu-tools-for-stm32.7-2018-q2-update.linux64_1.0.0.201904181610/tools/bin/../lib/gcc/arm-none-eabi/7.3.1/thumb/v7e-m/fpv4-sp/hard/libgcc.a(_arm_muldivdf3.o)
                0x0000000008000668                __aeabi_dmul
                0x0000000008000668                __muldf3
                0x00000000080008bc                __aeabi_ddiv
                0x00000000080008bc                __divdf3
 .text          0x0000000008000a8c       0x40 /opt/st/stm32cubeide_1.3.0_2/plugins/com.st.stm32cube.ide.mcu.externaltools.gnu-tools-for-stm32.7-2018-q2-update.linux64_1.0.0.201904181610/tools/bin/../lib/gcc/arm-none-eabi/7.3.1/thumb/v7e-m/fpv4-sp/hard/libgcc.a(_arm_fixunsdfsi.o)
                0x0000000008000a8c                __fixunsdfsi
                0x0000000008000a8c                __aeabi_d2uiz
 .text          0x0000000008000acc       0xa0 /opt/st/stm32cubeide_1.3.0_2/plugins/com.st.stm32cube.ide.mcu.externaltools.gnu-tools-for-stm32.7-2018-q2-update.linux64_1.0.0.201904181610/tools/bin/../lib/gcc/arm-none-eabi/7.3.1/thumb/v7e-m/fpv4-sp/hard/libgcc.a(_arm_truncdfsf2.o)
                0x0000000008000acc                __aeabi_d2f
                0x0000000008000acc                __truncdfsf2
 .text          0x0000000008000b6c       0x30 /opt/st/stm32cubeide_1.3.0_2/plugins/com.st.stm32cube.ide.mcu.externaltools.gnu-tools-for-stm32.7-2018-q2-update.linux64_1.0.0.201904181610/tools/bin/../lib/gcc/arm-none-eabi/7.3.1/thumb/v7e-m/fpv4-sp/hard/libgcc.a(_aeabi_uldivmod.o)
                0x0000000008000b6c                __aeabi_uldivmod
 .text          0x0000000008000b9c      0x2cc /opt/st/stm32cubeide_1.3.0_2/plugins/com.st.stm32cube.ide.mcu.externaltools.gnu-tools-for-stm32.7-2018-q2-update.linux64_1.0.0.201904181610/tools/bin/../lib/gcc/arm-none-eabi/7.3.1/thumb/v7e-m/fpv4-sp/hard/libgcc.a(_udivmoddi4.o)
                0x0000000008000b9c                __udivmoddi4
 .text          0x0000000008000e68        0x4 /opt/st/stm32cubeide_1.3.0_2/plugins/com.st.stm32cube.ide.mcu.externaltools.gnu-tools-for-stm32.7-2018-q2-update.linux64_1.0.0.201904181610/tools/bin/../lib/gcc/arm-none-eabi/7.3.1/thumb/v7e-m/fpv4-sp/hard/libgcc.a(_dvmd_tls.o)
                0x0000000008000e68                __aeabi_ldiv0
                0x0000000008000e68                __aeabi_idiv0
 *(.text*)
 .text.FLASHER_WriteByte
                0x0000000008000e6c       0xa4 Core/Src/Drivers/_flasher.o
 .text.FLASHER_Erase
                0x0000000008000f10       0xec Core/Src/Drivers/_flasher.o
 .text.FLASHER_GetSector
                0x0000000008000ffc      0x1a0 Core/Src/Drivers/_flasher.o
 .text.FLASHER_EraseBkpArea
                0x000000000800119c       0x40 Core/Src/Drivers/_flasher.o
                0x000000000800119c                FLASHER_EraseBkpArea
 .text.FLASHER_EraseAppArea
                0x00000000080011dc       0x40 Core/Src/Drivers/_flasher.o
                0x00000000080011dc                FLASHER_EraseAppArea
 .text.FLASHER_WriteBkpArea
                0x000000000800121c       0x34 Core/Src/Drivers/_flasher.o
                0x000000000800121c                FLASHER_WriteBkpArea
 .text.FLASHER_WriteAppArea
                0x0000000008001250       0x34 Core/Src/Drivers/_flasher.o
                0x0000000008001250                FLASHER_WriteAppArea
 .text.FLASHER_BackupApp
                0x0000000008001284       0x38 Core/Src/Drivers/_flasher.o
                0x0000000008001284                FLASHER_BackupApp
 .text.FLASHER_RestoreApp
                0x00000000080012bc       0x38 Core/Src/Drivers/_flasher.o
                0x00000000080012bc                FLASHER_RestoreApp
 .text.FOCAN_Upgrade
                0x00000000080012f4       0x32 Core/Src/Libs/_focan.o
                0x00000000080012f4                FOCAN_Upgrade
 *fill*         0x0000000008001326        0x2 
 .text.FOCAN_SetTarget
                0x0000000008001328       0x20 Core/Src/Libs/_focan.o
 .text.FOCAN_EnterModeIAP
                0x0000000008001348       0xc0 Core/Src/Libs/_focan.o
 .text.FOCAN_GetVersion
                0x0000000008001408      0x100 Core/Src/Libs/_focan.o
 .text.FOTA_GetChecksum
                0x0000000008001508       0xc8 Core/Src/Libs/_fota.o
                0x0000000008001508                FOTA_GetChecksum
 .text.FOTA_DownloadAndInstall
                0x00000000080015d0      0x1a8 Core/Src/Libs/_fota.o
                0x00000000080015d0                FOTA_DownloadAndInstall
 .text.FOTA_CompareChecksum
                0x0000000008001778       0x90 Core/Src/Libs/_fota.o
                0x0000000008001778                FOTA_CompareChecksum
 .text.FOTA_Reboot
                0x0000000008001808       0x18 Core/Src/Libs/_fota.o
                0x0000000008001808                FOTA_Reboot
 .text.FOTA_ValidImage
                0x0000000008001820       0xd8 Core/Src/Libs/_fota.o
                0x0000000008001820                FOTA_ValidImage
 .text.FOTA_InProgressDFU
                0x00000000080018f8       0x28 Core/Src/Libs/_fota.o
                0x00000000080018f8                FOTA_InProgressDFU
 .text.FOTA_JumpToApplication
                0x0000000008001920       0x74 Core/Src/Libs/_fota.o
                0x0000000008001920                FOTA_JumpToApplication
 .text.FOTA_Upgrade
                0x0000000008001994       0x60 Core/Src/Libs/_fota.o
                0x0000000008001994                FOTA_Upgrade
 .text.main     0x00000000080019f4      0x158 Core/Src/main.o
                0x00000000080019f4                main
 .text.SystemClock_Config
                0x0000000008001b4c       0xd4 Core/Src/main.o
                0x0000000008001b4c                SystemClock_Config
 .text.MX_CAN1_Init
                0x0000000008001c20       0x6c Core/Src/main.o
 .text.MX_CRC_Init
                0x0000000008001c8c       0x28 Core/Src/main.o
 .text.MX_I2C2_Init
                0x0000000008001cb4       0x80 Core/Src/main.o
 .text.MX_USART1_UART_Init
                0x0000000008001d34       0x54 Core/Src/main.o
 .text.MX_DMA_Init
                0x0000000008001d88       0x40 Core/Src/main.o
 .text.MX_GPIO_Init
                0x0000000008001dc8      0x1f4 Core/Src/main.o
 .text.Error_Handler
                0x0000000008001fbc        0xe Core/Src/main.o
                0x0000000008001fbc                Error_Handler
 *fill*         0x0000000008001fca        0x2 
 .text.HAL_MspInit
                0x0000000008001fcc       0x50 Core/Src/stm32f4xx_hal_msp.o
                0x0000000008001fcc                HAL_MspInit
 .text.HAL_CAN_MspInit
                0x000000000800201c       0x90 Core/Src/stm32f4xx_hal_msp.o
                0x000000000800201c                HAL_CAN_MspInit
 .text.HAL_CAN_MspDeInit
                0x00000000080020ac       0x3c Core/Src/stm32f4xx_hal_msp.o
                0x00000000080020ac                HAL_CAN_MspDeInit
 .text.HAL_CRC_MspInit
                0x00000000080020e8       0x44 Core/Src/stm32f4xx_hal_msp.o
                0x00000000080020e8                HAL_CRC_MspInit
 .text.HAL_CRC_MspDeInit
                0x000000000800212c       0x34 Core/Src/stm32f4xx_hal_msp.o
                0x000000000800212c                HAL_CRC_MspDeInit
 .text.HAL_I2C_MspInit
                0x0000000008002160       0xb4 Core/Src/stm32f4xx_hal_msp.o
                0x0000000008002160                HAL_I2C_MspInit
 .text.HAL_I2C_MspDeInit
                0x0000000008002214       0x3c Core/Src/stm32f4xx_hal_msp.o
                0x0000000008002214                HAL_I2C_MspDeInit
 .text.HAL_UART_MspInit
                0x0000000008002250      0x108 Core/Src/stm32f4xx_hal_msp.o
                0x0000000008002250                HAL_UART_MspInit
 .text.HAL_UART_MspDeInit
                0x0000000008002358       0x4c Core/Src/stm32f4xx_hal_msp.o
                0x0000000008002358                HAL_UART_MspDeInit
 .text.NMI_Handler
                0x00000000080023a4        0xe Core/Src/stm32f4xx_it.o
                0x00000000080023a4                NMI_Handler
 .text.HardFault_Handler
                0x00000000080023b2        0x6 Core/Src/stm32f4xx_it.o
                0x00000000080023b2                HardFault_Handler
 .text.MemManage_Handler
                0x00000000080023b8        0x6 Core/Src/stm32f4xx_it.o
                0x00000000080023b8                MemManage_Handler
 .text.BusFault_Handler
                0x00000000080023be        0x6 Core/Src/stm32f4xx_it.o
                0x00000000080023be                BusFault_Handler
 .text.UsageFault_Handler
                0x00000000080023c4        0x6 Core/Src/stm32f4xx_it.o
                0x00000000080023c4                UsageFault_Handler
 .text.SVC_Handler
                0x00000000080023ca        0xe Core/Src/stm32f4xx_it.o
                0x00000000080023ca                SVC_Handler
 .text.DebugMon_Handler
                0x00000000080023d8        0xe Core/Src/stm32f4xx_it.o
                0x00000000080023d8                DebugMon_Handler
 .text.PendSV_Handler
                0x00000000080023e6        0xe Core/Src/stm32f4xx_it.o
                0x00000000080023e6                PendSV_Handler
 .text.SysTick_Handler
                0x00000000080023f4        0xc Core/Src/stm32f4xx_it.o
                0x00000000080023f4                SysTick_Handler
 .text.USART1_IRQHandler
                0x0000000008002400       0x18 Core/Src/stm32f4xx_it.o
                0x0000000008002400                USART1_IRQHandler
 .text.DMA2_Stream2_IRQHandler
                0x0000000008002418       0x18 Core/Src/stm32f4xx_it.o
                0x0000000008002418                DMA2_Stream2_IRQHandler
 .text._sbrk    0x0000000008002430       0x58 Core/Src/sysmem.o
                0x0000000008002430                _sbrk
 .text.SystemInit
                0x0000000008002488       0x2c Core/Src/system_stm32f4xx.o
                0x0000000008002488                SystemInit
 .text.Reset_Handler
                0x00000000080024b4       0x50 Core/Startup/startup_stm32f423vhtx.o
                0x00000000080024b4                Reset_Handler
 .text.Default_Handler
                0x0000000008002504        0x2 Core/Startup/startup_stm32f423vhtx.o
                0x0000000008002504                RTC_Alarm_IRQHandler
                0x0000000008002504                EXTI2_IRQHandler
                0x0000000008002504                TIM8_CC_IRQHandler
                0x0000000008002504                UART8_IRQHandler
                0x0000000008002504                FMPI2C1_EV_IRQHandler
                0x0000000008002504                SPI4_IRQHandler
                0x0000000008002504                TIM1_CC_IRQHandler
                0x0000000008002504                DMA2_Stream5_IRQHandler
                0x0000000008002504                DMA1_Stream5_IRQHandler
                0x0000000008002504                CAN3_RX1_IRQHandler
                0x0000000008002504                PVD_IRQHandler
                0x0000000008002504                SDIO_IRQHandler
                0x0000000008002504                TAMP_STAMP_IRQHandler
                0x0000000008002504                CAN2_RX1_IRQHandler
                0x0000000008002504                EXTI3_IRQHandler
                0x0000000008002504                TIM8_TRG_COM_TIM14_IRQHandler
                0x0000000008002504                DFSDM1_FLT1_IRQHandler
                0x0000000008002504                TIM1_UP_TIM10_IRQHandler
                0x0000000008002504                TIM8_UP_TIM13_IRQHandler
                0x0000000008002504                I2C3_ER_IRQHandler
                0x0000000008002504                EXTI0_IRQHandler
                0x0000000008002504                I2C2_EV_IRQHandler
                0x0000000008002504                DMA1_Stream2_IRQHandler
                0x0000000008002504                CAN1_RX0_IRQHandler
                0x0000000008002504                FPU_IRQHandler
                0x0000000008002504                CAN3_SCE_IRQHandler
                0x0000000008002504                CAN2_SCE_IRQHandler
                0x0000000008002504                SPI1_IRQHandler
                0x0000000008002504                TIM6_DAC_IRQHandler
                0x0000000008002504                TIM1_BRK_TIM9_IRQHandler
                0x0000000008002504                CAN2_RX0_IRQHandler
                0x0000000008002504                DMA2_Stream3_IRQHandler
                0x0000000008002504                USART6_IRQHandler
                0x0000000008002504                CAN3_RX0_IRQHandler
                0x0000000008002504                USART3_IRQHandler
                0x0000000008002504                DFSDM2_FLT3_IRQHandler
                0x0000000008002504                CAN1_RX1_IRQHandler
                0x0000000008002504                UART5_IRQHandler
                0x0000000008002504                DMA2_Stream0_IRQHandler
                0x0000000008002504                TIM4_IRQHandler
                0x0000000008002504                QUADSPI_IRQHandler
                0x0000000008002504                I2C1_EV_IRQHandler
                0x0000000008002504                DMA1_Stream6_IRQHandler
                0x0000000008002504                DMA1_Stream1_IRQHandler
                0x0000000008002504                UART4_IRQHandler
                0x0000000008002504                TIM3_IRQHandler
                0x0000000008002504                RCC_IRQHandler
                0x0000000008002504                UART9_IRQHandler
                0x0000000008002504                TIM8_BRK_TIM12_IRQHandler
                0x0000000008002504                Default_Handler
                0x0000000008002504                EXTI15_10_IRQHandler
                0x0000000008002504                ADC_IRQHandler
                0x0000000008002504                DMA1_Stream7_IRQHandler
                0x0000000008002504                DFSDM2_FLT0_IRQHandler
                0x0000000008002504                SPI5_IRQHandler
                0x0000000008002504                TIM7_IRQHandler
                0x0000000008002504                CAN2_TX_IRQHandler
                0x0000000008002504                TIM5_IRQHandler
                0x0000000008002504                DMA2_Stream7_IRQHandler
                0x0000000008002504                I2C3_EV_IRQHandler
                0x0000000008002504                DFSDM2_FLT2_IRQHandler
                0x0000000008002504                EXTI9_5_IRQHandler
                0x0000000008002504                RTC_WKUP_IRQHandler
                0x0000000008002504                SPI2_IRQHandler
                0x0000000008002504                DMA1_Stream0_IRQHandler
                0x0000000008002504                CAN1_TX_IRQHandler
                0x0000000008002504                FMPI2C1_ER_IRQHandler
                0x0000000008002504                EXTI4_IRQHandler
                0x0000000008002504                DFSDM2_FLT1_IRQHandler
                0x0000000008002504                RNG_IRQHandler
                0x0000000008002504                FSMC_IRQHandler
                0x0000000008002504                WWDG_IRQHandler
                0x0000000008002504                CAN3_TX_IRQHandler
                0x0000000008002504                TIM2_IRQHandler
                0x0000000008002504                OTG_FS_WKUP_IRQHandler
                0x0000000008002504                TIM1_TRG_COM_TIM11_IRQHandler
                0x0000000008002504                EXTI1_IRQHandler
                0x0000000008002504                AES_IRQHandler
                0x0000000008002504                UART7_IRQHandler
                0x0000000008002504                USART2_IRQHandler
                0x0000000008002504                DFSDM1_FLT0_IRQHandler
                0x0000000008002504                I2C2_ER_IRQHandler
                0x0000000008002504                DMA2_Stream1_IRQHandler
                0x0000000008002504                CAN1_SCE_IRQHandler
                0x0000000008002504                FLASH_IRQHandler
                0x0000000008002504                DMA2_Stream4_IRQHandler
                0x0000000008002504                OTG_FS_IRQHandler
                0x0000000008002504                SPI3_IRQHandler
                0x0000000008002504                DMA1_Stream4_IRQHandler
                0x0000000008002504                I2C1_ER_IRQHandler
                0x0000000008002504                LPTIM1_IRQHandler
                0x0000000008002504                DMA2_Stream6_IRQHandler
                0x0000000008002504                UART10_IRQHandler
                0x0000000008002504                SAI1_IRQHandler
                0x0000000008002504                DMA1_Stream3_IRQHandler
 *fill*         0x0000000008002506        0x2 
 .text.HAL_Init
                0x0000000008002508       0x44 Drivers/STM32F4xx_HAL_Driver/Src/stm32f4xx_hal.o
                0x0000000008002508                HAL_Init
 .text.HAL_DeInit
                0x000000000800254c       0x58 Drivers/STM32F4xx_HAL_Driver/Src/stm32f4xx_hal.o
                0x000000000800254c                HAL_DeInit
 .text.HAL_MspDeInit
                0x00000000080025a4        0xe Drivers/STM32F4xx_HAL_Driver/Src/stm32f4xx_hal.o
                0x00000000080025a4                HAL_MspDeInit
 *fill*         0x00000000080025b2        0x2 
 .text.HAL_InitTick
                0x00000000080025b4       0x60 Drivers/STM32F4xx_HAL_Driver/Src/stm32f4xx_hal.o
                0x00000000080025b4                HAL_InitTick
 .text.HAL_IncTick
                0x0000000008002614       0x28 Drivers/STM32F4xx_HAL_Driver/Src/stm32f4xx_hal.o
                0x0000000008002614                HAL_IncTick
 .text.HAL_GetTick
                0x000000000800263c       0x18 Drivers/STM32F4xx_HAL_Driver/Src/stm32f4xx_hal.o
                0x000000000800263c                HAL_GetTick
 .text.HAL_Delay
                0x0000000008002654       0x44 Drivers/STM32F4xx_HAL_Driver/Src/stm32f4xx_hal.o
                0x0000000008002654                HAL_Delay
 .text.HAL_CAN_Init
                0x0000000008002698      0x1f6 Drivers/STM32F4xx_HAL_Driver/Src/stm32f4xx_hal_can.o
                0x0000000008002698                HAL_CAN_Init
 *fill*         0x000000000800288e        0x2 
 .text.HAL_CAN_ConfigFilter
                0x0000000008002890      0x1d8 Drivers/STM32F4xx_HAL_Driver/Src/stm32f4xx_hal_can.o
                0x0000000008002890                HAL_CAN_ConfigFilter
 .text.HAL_CAN_Start
                0x0000000008002a68       0x88 Drivers/STM32F4xx_HAL_Driver/Src/stm32f4xx_hal_can.o
                0x0000000008002a68                HAL_CAN_Start
 .text.HAL_CAN_AddTxMessage
                0x0000000008002af0      0x1b6 Drivers/STM32F4xx_HAL_Driver/Src/stm32f4xx_hal_can.o
                0x0000000008002af0                HAL_CAN_AddTxMessage
 .text.HAL_CAN_GetTxMailboxesFreeLevel
                0x0000000008002ca6       0x6a Drivers/STM32F4xx_HAL_Driver/Src/stm32f4xx_hal_can.o
                0x0000000008002ca6                HAL_CAN_GetTxMailboxesFreeLevel
 .text.HAL_CAN_GetRxMessage
                0x0000000008002d10      0x224 Drivers/STM32F4xx_HAL_Driver/Src/stm32f4xx_hal_can.o
                0x0000000008002d10                HAL_CAN_GetRxMessage
 .text.__NVIC_SetPriorityGrouping
                0x0000000008002f34       0x48 Drivers/STM32F4xx_HAL_Driver/Src/stm32f4xx_hal_cortex.o
 .text.__NVIC_GetPriorityGrouping
                0x0000000008002f7c       0x1c Drivers/STM32F4xx_HAL_Driver/Src/stm32f4xx_hal_cortex.o
 .text.__NVIC_EnableIRQ
                0x0000000008002f98       0x3c Drivers/STM32F4xx_HAL_Driver/Src/stm32f4xx_hal_cortex.o
 .text.__NVIC_DisableIRQ
                0x0000000008002fd4       0x44 Drivers/STM32F4xx_HAL_Driver/Src/stm32f4xx_hal_cortex.o
 .text.__NVIC_SetPriority
                0x0000000008003018       0x54 Drivers/STM32F4xx_HAL_Driver/Src/stm32f4xx_hal_cortex.o
 .text.NVIC_EncodePriority
                0x000000000800306c       0x66 Drivers/STM32F4xx_HAL_Driver/Src/stm32f4xx_hal_cortex.o
 *fill*         0x00000000080030d2        0x2 
 .text.__NVIC_SystemReset
                0x00000000080030d4       0x28 Drivers/STM32F4xx_HAL_Driver/Src/stm32f4xx_hal_cortex.o
 .text.SysTick_Config
                0x00000000080030fc       0x44 Drivers/STM32F4xx_HAL_Driver/Src/stm32f4xx_hal_cortex.o
 .text.HAL_NVIC_SetPriorityGrouping
                0x0000000008003140       0x16 Drivers/STM32F4xx_HAL_Driver/Src/stm32f4xx_hal_cortex.o
                0x0000000008003140                HAL_NVIC_SetPriorityGrouping
 .text.HAL_NVIC_SetPriority
                0x0000000008003156       0x38 Drivers/STM32F4xx_HAL_Driver/Src/stm32f4xx_hal_cortex.o
                0x0000000008003156                HAL_NVIC_SetPriority
 .text.HAL_NVIC_EnableIRQ
                0x000000000800318e       0x1c Drivers/STM32F4xx_HAL_Driver/Src/stm32f4xx_hal_cortex.o
                0x000000000800318e                HAL_NVIC_EnableIRQ
 .text.HAL_NVIC_DisableIRQ
                0x00000000080031aa       0x1c Drivers/STM32F4xx_HAL_Driver/Src/stm32f4xx_hal_cortex.o
                0x00000000080031aa                HAL_NVIC_DisableIRQ
 .text.HAL_NVIC_SystemReset
                0x00000000080031c6        0x8 Drivers/STM32F4xx_HAL_Driver/Src/stm32f4xx_hal_cortex.o
                0x00000000080031c6                HAL_NVIC_SystemReset
 .text.HAL_SYSTICK_Config
                0x00000000080031ce       0x18 Drivers/STM32F4xx_HAL_Driver/Src/stm32f4xx_hal_cortex.o
                0x00000000080031ce                HAL_SYSTICK_Config
 .text.HAL_CRC_Init
                0x00000000080031e6       0x38 Drivers/STM32F4xx_HAL_Driver/Src/stm32f4xx_hal_crc.o
                0x00000000080031e6                HAL_CRC_Init
 *fill*         0x000000000800321e        0x2 
 .text.HAL_DMA_Init
                0x0000000008003220      0x15c Drivers/STM32F4xx_HAL_Driver/Src/stm32f4xx_hal_dma.o
                0x0000000008003220                HAL_DMA_Init
 .text.HAL_DMA_DeInit
                0x000000000800337c       0xbc Drivers/STM32F4xx_HAL_Driver/Src/stm32f4xx_hal_dma.o
                0x000000000800337c                HAL_DMA_DeInit
 .text.HAL_DMA_Start_IT
                0x0000000008003438       0xb0 Drivers/STM32F4xx_HAL_Driver/Src/stm32f4xx_hal_dma.o
                0x0000000008003438                HAL_DMA_Start_IT
 .text.HAL_DMA_Abort_IT
                0x00000000080034e8       0x44 Drivers/STM32F4xx_HAL_Driver/Src/stm32f4xx_hal_dma.o
                0x00000000080034e8                HAL_DMA_Abort_IT
 .text.HAL_DMA_IRQHandler
                0x000000000800352c      0x314 Drivers/STM32F4xx_HAL_Driver/Src/stm32f4xx_hal_dma.o
                0x000000000800352c                HAL_DMA_IRQHandler
 .text.DMA_SetConfig
                0x0000000008003840       0x5c Drivers/STM32F4xx_HAL_Driver/Src/stm32f4xx_hal_dma.o
 .text.DMA_CalcBaseAndBitshift
                0x000000000800389c       0x6c Drivers/STM32F4xx_HAL_Driver/Src/stm32f4xx_hal_dma.o
 .text.DMA_CheckFifoParam
                0x0000000008003908       0xf4 Drivers/STM32F4xx_HAL_Driver/Src/stm32f4xx_hal_dma.o
 .text.HAL_FLASH_Program
                0x00000000080039fc       0xa8 Drivers/STM32F4xx_HAL_Driver/Src/stm32f4xx_hal_flash.o
                0x00000000080039fc                HAL_FLASH_Program
 .text.HAL_FLASH_Unlock
                0x0000000008003aa4       0x44 Drivers/STM32F4xx_HAL_Driver/Src/stm32f4xx_hal_flash.o
                0x0000000008003aa4                HAL_FLASH_Unlock
 .text.HAL_FLASH_Lock
                0x0000000008003ae8       0x20 Drivers/STM32F4xx_HAL_Driver/Src/stm32f4xx_hal_flash.o
                0x0000000008003ae8                HAL_FLASH_Lock
 .text.HAL_FLASH_GetError
                0x0000000008003b08       0x18 Drivers/STM32F4xx_HAL_Driver/Src/stm32f4xx_hal_flash.o
                0x0000000008003b08                HAL_FLASH_GetError
 .text.FLASH_WaitForLastOperation
                0x0000000008003b20       0x80 Drivers/STM32F4xx_HAL_Driver/Src/stm32f4xx_hal_flash.o
                0x0000000008003b20                FLASH_WaitForLastOperation
 .text.FLASH_Program_DoubleWord
                0x0000000008003ba0       0x60 Drivers/STM32F4xx_HAL_Driver/Src/stm32f4xx_hal_flash.o
 .text.FLASH_Program_Word
                0x0000000008003c00       0x44 Drivers/STM32F4xx_HAL_Driver/Src/stm32f4xx_hal_flash.o
 .text.FLASH_Program_HalfWord
                0x0000000008003c44       0x48 Drivers/STM32F4xx_HAL_Driver/Src/stm32f4xx_hal_flash.o
 .text.FLASH_Program_Byte
                0x0000000008003c8c       0x44 Drivers/STM32F4xx_HAL_Driver/Src/stm32f4xx_hal_flash.o
 .text.FLASH_SetErrorCode
                0x0000000008003cd0       0xcc Drivers/STM32F4xx_HAL_Driver/Src/stm32f4xx_hal_flash.o
 .text.HAL_FLASHEx_Erase
                0x0000000008003d9c       0xe0 Drivers/STM32F4xx_HAL_Driver/Src/stm32f4xx_hal_flash_ex.o
                0x0000000008003d9c                HAL_FLASHEx_Erase
 .text.FLASH_MassErase
                0x0000000008003e7c       0x48 Drivers/STM32F4xx_HAL_Driver/Src/stm32f4xx_hal_flash_ex.o
 .text.FLASH_Erase_Sector
                0x0000000008003ec4       0x90 Drivers/STM32F4xx_HAL_Driver/Src/stm32f4xx_hal_flash_ex.o
                0x0000000008003ec4                FLASH_Erase_Sector
 .text.FLASH_FlushCaches
                0x0000000008003f54       0x8c Drivers/STM32F4xx_HAL_Driver/Src/stm32f4xx_hal_flash_ex.o
                0x0000000008003f54                FLASH_FlushCaches
 .text.HAL_GPIO_Init
                0x0000000008003fe0      0x324 Drivers/STM32F4xx_HAL_Driver/Src/stm32f4xx_hal_gpio.o
                0x0000000008003fe0                HAL_GPIO_Init
 .text.HAL_GPIO_DeInit
                0x0000000008004304      0x1e4 Drivers/STM32F4xx_HAL_Driver/Src/stm32f4xx_hal_gpio.o
                0x0000000008004304                HAL_GPIO_DeInit
 .text.HAL_GPIO_WritePin
                0x00000000080044e8       0x32 Drivers/STM32F4xx_HAL_Driver/Src/stm32f4xx_hal_gpio.o
                0x00000000080044e8                HAL_GPIO_WritePin
 .text.HAL_GPIO_TogglePin
                0x000000000800451a       0x36 Drivers/STM32F4xx_HAL_Driver/Src/stm32f4xx_hal_gpio.o
                0x000000000800451a                HAL_GPIO_TogglePin
 .text.HAL_I2C_Init
                0x0000000008004550      0x270 Drivers/STM32F4xx_HAL_Driver/Src/stm32f4xx_hal_i2c.o
                0x0000000008004550                HAL_I2C_Init
 .text.HAL_I2C_Mem_Write
                0x00000000080047c0      0x1f4 Drivers/STM32F4xx_HAL_Driver/Src/stm32f4xx_hal_i2c.o
                0x00000000080047c0                HAL_I2C_Mem_Write
 .text.HAL_I2C_Mem_Read
                0x00000000080049b4      0x44c Drivers/STM32F4xx_HAL_Driver/Src/stm32f4xx_hal_i2c.o
                0x00000000080049b4                HAL_I2C_Mem_Read
 .text.HAL_I2C_IsDeviceReady
                0x0000000008004e00      0x25c Drivers/STM32F4xx_HAL_Driver/Src/stm32f4xx_hal_i2c.o
                0x0000000008004e00                HAL_I2C_IsDeviceReady
 .text.I2C_RequestMemoryWrite
                0x000000000800505c      0x128 Drivers/STM32F4xx_HAL_Driver/Src/stm32f4xx_hal_i2c.o
 .text.I2C_RequestMemoryRead
                0x0000000008005184      0x1cc Drivers/STM32F4xx_HAL_Driver/Src/stm32f4xx_hal_i2c.o
 .text.I2C_WaitOnFlagUntilTimeout
                0x0000000008005350       0xae Drivers/STM32F4xx_HAL_Driver/Src/stm32f4xx_hal_i2c.o
 .text.I2C_WaitOnMasterAddressFlagUntilTimeout
                0x00000000080053fe       0xfe Drivers/STM32F4xx_HAL_Driver/Src/stm32f4xx_hal_i2c.o
 .text.I2C_WaitOnTXEFlagUntilTimeout
                0x00000000080054fc       0x82 Drivers/STM32F4xx_HAL_Driver/Src/stm32f4xx_hal_i2c.o
 .text.I2C_WaitOnBTFFlagUntilTimeout
                0x000000000800557e       0x82 Drivers/STM32F4xx_HAL_Driver/Src/stm32f4xx_hal_i2c.o
 .text.I2C_WaitOnRXNEFlagUntilTimeout
                0x0000000008005600       0xac Drivers/STM32F4xx_HAL_Driver/Src/stm32f4xx_hal_i2c.o
 .text.I2C_IsAcknowledgeFailed
                0x00000000080056ac       0x5e Drivers/STM32F4xx_HAL_Driver/Src/stm32f4xx_hal_i2c.o
 .text.HAL_I2CEx_ConfigAnalogFilter
                0x000000000800570a       0x78 Drivers/STM32F4xx_HAL_Driver/Src/stm32f4xx_hal_i2c_ex.o
                0x000000000800570a                HAL_I2CEx_ConfigAnalogFilter
 .text.HAL_I2CEx_ConfigDigitalFilter
                0x0000000008005782       0x7e Drivers/STM32F4xx_HAL_Driver/Src/stm32f4xx_hal_i2c_ex.o
                0x0000000008005782                HAL_I2CEx_ConfigDigitalFilter
 .text.HAL_RCC_ClockConfig
                0x0000000008005800      0x1cc Drivers/STM32F4xx_HAL_Driver/Src/stm32f4xx_hal_rcc.o
                0x0000000008005800                HAL_RCC_ClockConfig
 .text.HAL_RCC_GetSysClockFreq
                0x00000000080059cc      0x1b0 Drivers/STM32F4xx_HAL_Driver/Src/stm32f4xx_hal_rcc.o
                0x00000000080059cc                HAL_RCC_GetSysClockFreq
 .text.HAL_RCC_GetHCLKFreq
                0x0000000008005b7c       0x18 Drivers/STM32F4xx_HAL_Driver/Src/stm32f4xx_hal_rcc.o
                0x0000000008005b7c                HAL_RCC_GetHCLKFreq
 .text.HAL_RCC_GetPCLK1Freq
                0x0000000008005b94       0x28 Drivers/STM32F4xx_HAL_Driver/Src/stm32f4xx_hal_rcc.o
                0x0000000008005b94                HAL_RCC_GetPCLK1Freq
 .text.HAL_RCC_GetPCLK2Freq
                0x0000000008005bbc       0x28 Drivers/STM32F4xx_HAL_Driver/Src/stm32f4xx_hal_rcc.o
                0x0000000008005bbc                HAL_RCC_GetPCLK2Freq
 .text.HAL_RCC_DeInit
                0x0000000008005be4      0x198 Drivers/STM32F4xx_HAL_Driver/Src/stm32f4xx_hal_rcc_ex.o
                0x0000000008005be4                HAL_RCC_DeInit
 .text.HAL_RCC_OscConfig
                0x0000000008005d7c      0x484 Drivers/STM32F4xx_HAL_Driver/Src/stm32f4xx_hal_rcc_ex.o
                0x0000000008005d7c                HAL_RCC_OscConfig
 .text.HAL_UART_Init
                0x0000000008006200       0x9a Drivers/STM32F4xx_HAL_Driver/Src/stm32f4xx_hal_uart.o
                0x0000000008006200                HAL_UART_Init
 .text.HAL_UART_Transmit
                0x000000000800629a      0x132 Drivers/STM32F4xx_HAL_Driver/Src/stm32f4xx_hal_uart.o
                0x000000000800629a                HAL_UART_Transmit
 .text.HAL_UART_Receive_DMA
                0x00000000080063cc      0x100 Drivers/STM32F4xx_HAL_Driver/Src/stm32f4xx_hal_uart.o
                0x00000000080063cc                HAL_UART_Receive_DMA
 .text.HAL_UART_IRQHandler
                0x00000000080064cc      0x200 Drivers/STM32F4xx_HAL_Driver/Src/stm32f4xx_hal_uart.o
                0x00000000080064cc                HAL_UART_IRQHandler
 .text.HAL_UART_TxCpltCallback
                0x00000000080066cc       0x14 Drivers/STM32F4xx_HAL_Driver/Src/stm32f4xx_hal_uart.o
                0x00000000080066cc                HAL_UART_TxCpltCallback
 .text.HAL_UART_RxCpltCallback
                0x00000000080066e0       0x14 Drivers/STM32F4xx_HAL_Driver/Src/stm32f4xx_hal_uart.o
                0x00000000080066e0                HAL_UART_RxCpltCallback
 .text.HAL_UART_RxHalfCpltCallback
                0x00000000080066f4       0x14 Drivers/STM32F4xx_HAL_Driver/Src/stm32f4xx_hal_uart.o
                0x00000000080066f4                HAL_UART_RxHalfCpltCallback
 .text.HAL_UART_ErrorCallback
                0x0000000008006708       0x14 Drivers/STM32F4xx_HAL_Driver/Src/stm32f4xx_hal_uart.o
                0x0000000008006708                HAL_UART_ErrorCallback
 .text.UART_DMAReceiveCplt
                0x000000000800671c       0x68 Drivers/STM32F4xx_HAL_Driver/Src/stm32f4xx_hal_uart.o
 .text.UART_DMARxHalfCplt
                0x0000000008006784       0x1c Drivers/STM32F4xx_HAL_Driver/Src/stm32f4xx_hal_uart.o
 .text.UART_DMAError
                0x00000000080067a0       0x94 Drivers/STM32F4xx_HAL_Driver/Src/stm32f4xx_hal_uart.o
 .text.UART_WaitOnFlagUntilTimeout
                0x0000000008006834       0x94 Drivers/STM32F4xx_HAL_Driver/Src/stm32f4xx_hal_uart.o
 .text.UART_EndTxTransfer
                0x00000000080068c8       0x2c Drivers/STM32F4xx_HAL_Driver/Src/stm32f4xx_hal_uart.o
 .text.UART_EndRxTransfer
                0x00000000080068f4       0x3c Drivers/STM32F4xx_HAL_Driver/Src/stm32f4xx_hal_uart.o
 .text.UART_DMAAbortOnError
                0x0000000008006930       0x28 Drivers/STM32F4xx_HAL_Driver/Src/stm32f4xx_hal_uart.o
 .text.UART_Transmit_IT
                0x0000000008006958       0xac Drivers/STM32F4xx_HAL_Driver/Src/stm32f4xx_hal_uart.o
 .text.UART_EndTransmit_IT
                0x0000000008006a04       0x30 Drivers/STM32F4xx_HAL_Driver/Src/stm32f4xx_hal_uart.o
 .text.UART_Receive_IT
                0x0000000008006a34      0x102 Drivers/STM32F4xx_HAL_Driver/Src/stm32f4xx_hal_uart.o
 *fill*         0x0000000008006b36        0x2 
 .text.UART_SetConfig
                0x0000000008006b38      0x730 Drivers/STM32F4xx_HAL_Driver/Src/stm32f4xx_hal_uart.o
 .text.SIMCOM_USART_IrqHandler
                0x0000000008007268       0x3c Shared/Src/DMA/_dma_simcom.o
                0x0000000008007268                SIMCOM_USART_IrqHandler
 .text.SIMCOM_DMA_IrqHandler
                0x00000000080072a4     0x11e8 Shared/Src/DMA/_dma_simcom.o
                0x00000000080072a4                SIMCOM_DMA_IrqHandler
 .text.SIMCOM_DMA_Init
                0x000000000800848c       0x50 Shared/Src/DMA/_dma_simcom.o
                0x000000000800848c                SIMCOM_DMA_Init
 .text.SIMCOM_Check_Buffer
                0x00000000080084dc       0x8c Shared/Src/DMA/_dma_simcom.o
 .text.SIMCOM_Fill_Buffer
                0x0000000008008568       0x38 Shared/Src/DMA/_dma_simcom.o
 .text.SIMCOM_Reset_Buffer
                0x00000000080085a0       0x24 Shared/Src/DMA/_dma_simcom.o
                0x00000000080085a0                SIMCOM_Reset_Buffer
 .text.SIMCOM_Transmit
                0x00000000080085c4       0x38 Shared/Src/DMA/_dma_simcom.o
                0x00000000080085c4                SIMCOM_Transmit
 .text.AT_CommandEchoMode
                0x00000000080085fc       0x48 Shared/Src/Drivers/_at.o
                0x00000000080085fc                AT_CommandEchoMode
 *fill*         0x0000000008008644        0x4 
 .text.AT_SignalQualityReport
                0x0000000008008648      0x15c Shared/Src/Drivers/_at.o
                0x0000000008008648                AT_SignalQualityReport
 .text.AT_RadioAccessTechnology
                0x00000000080087a4      0x12c Shared/Src/Drivers/_at.o
                0x00000000080087a4                AT_RadioAccessTechnology
 .text.AT_NetworkAttachedStatus
                0x00000000080088d0      0x158 Shared/Src/Drivers/_at.o
                0x00000000080088d0                AT_NetworkAttachedStatus
 .text.AT_NetworkRegistration
                0x0000000008008a28      0x120 Shared/Src/Drivers/_at.o
                0x0000000008008a28                AT_NetworkRegistration
 .text.AT_ConfigureSlowClock
                0x0000000008008b48       0x28 Shared/Src/Drivers/_at.o
                0x0000000008008b48                AT_ConfigureSlowClock
 .text.AT_ReportMobileEquipmentError
                0x0000000008008b70       0x28 Shared/Src/Drivers/_at.o
                0x0000000008008b70                AT_ReportMobileEquipmentError
 .text.AT_FixedLocalRate
                0x0000000008008b98       0x28 Shared/Src/Drivers/_at.o
                0x0000000008008b98                AT_FixedLocalRate
 .text.AT_BearerInitialize
                0x0000000008008bc0       0x64 Shared/Src/Drivers/_at.o
                0x0000000008008bc0                AT_BearerInitialize
 .text.AT_FtpInitialize
                0x0000000008008c24       0xd0 Shared/Src/Drivers/_at.o
                0x0000000008008c24                AT_FtpInitialize
 .text.AT_FtpSetFile
                0x0000000008008cf4       0x2c Shared/Src/Drivers/_at.o
                0x0000000008008cf4                AT_FtpSetFile
 .text.AT_FtpFileSize
                0x0000000008008d20       0xbc Shared/Src/Drivers/_at.o
                0x0000000008008d20                AT_FtpFileSize
 .text.AT_FtpDownload
                0x0000000008008ddc      0x15c Shared/Src/Drivers/_at.o
                0x0000000008008ddc                AT_FtpDownload
 .text.AT_FtpCurrentState
                0x0000000008008f38       0x24 Shared/Src/Drivers/_at.o
                0x0000000008008f38                AT_FtpCurrentState
 .text.AT_BearerSettings
                0x0000000008008f5c      0x2a4 Shared/Src/Drivers/_at.o
                0x0000000008008f5c                AT_BearerSettings
 .text.AT_SingleString
                0x0000000008009200      0x13c Shared/Src/Drivers/_at.o
 .text.AT_FindInBuffer
                0x000000000800933c       0x46 Shared/Src/Drivers/_at.o
 *fill*         0x0000000008009382        0x2 
 .text.AT_SingleInteger
                0x0000000008009384       0xe0 Shared/Src/Drivers/_at.o
 .text.AT_CmdWrite
                0x0000000008009464       0x3c Shared/Src/Drivers/_at.o
 .text.AT_CmdRead
                0x00000000080094a0       0x70 Shared/Src/Drivers/_at.o
 .text.AT_ParseText
                0x0000000008009510       0x94 Shared/Src/Drivers/_at.o
 .text.AT_ParseNumber
                0x00000000080095a4       0x88 Shared/Src/Drivers/_at.o
 .text.CANBUS_Init
                0x000000000800962c       0x2c Shared/Src/Drivers/_canbus.o
                0x000000000800962c                CANBUS_Init
 .text.CANBUS_Header
                0x0000000008009658       0x36 Shared/Src/Drivers/_canbus.o
                0x0000000008009658                CANBUS_Header
 *fill*         0x000000000800968e        0x2 
 .text.CANBUS_Filter
                0x0000000008009690       0x4c Shared/Src/Drivers/_canbus.o
                0x0000000008009690                CANBUS_Filter
 .text.CANBUS_Write
                0x00000000080096dc       0x54 Shared/Src/Drivers/_canbus.o
                0x00000000080096dc                CANBUS_Write
 .text.CANBUS_Read
                0x0000000008009730       0x3c Shared/Src/Drivers/_canbus.o
                0x0000000008009730                CANBUS_Read
 .text.CANBUS_ReadID
                0x000000000800976c       0x28 Shared/Src/Drivers/_canbus.o
                0x000000000800976c                CANBUS_ReadID
 .text.lock     0x0000000008009794        0xe Shared/Src/Drivers/_canbus.o
 .text.unlock   0x00000000080097a2        0xe Shared/Src/Drivers/_canbus.o
 .text.CRC_Calculate8
                0x00000000080097b0       0xd8 Shared/Src/Drivers/_crc.o
                0x00000000080097b0                CRC_Calculate8
 .text.lock     0x0000000008009888        0xe Shared/Src/Drivers/_crc.o
 .text.unlock   0x0000000008009896        0xe Shared/Src/Drivers/_crc.o
 .text.EEPROM24XX_SetDevice
                0x00000000080098a4       0x24 Shared/Src/Drivers/_ee24xx.o
                0x00000000080098a4                EEPROM24XX_SetDevice
 .text.EEPROM24XX_IsConnected
                0x00000000080098c8       0x2c Shared/Src/Drivers/_ee24xx.o
                0x00000000080098c8                EEPROM24XX_IsConnected
 .text.EEPROM24XX_Save
                0x00000000080098f4       0x58 Shared/Src/Drivers/_ee24xx.o
                0x00000000080098f4                EEPROM24XX_Save
 .text.EEPROM24XX_Load
                0x000000000800994c       0x48 Shared/Src/Drivers/_ee24xx.o
                0x000000000800994c                EEPROM24XX_Load
 .text.LOG_Char
                0x0000000008009994       0x40 Shared/Src/Drivers/_log.o
                0x0000000008009994                LOG_Char
 .text.LOG_Enter
                0x00000000080099d4       0x16 Shared/Src/Drivers/_log.o
                0x00000000080099d4                LOG_Enter
 *fill*         0x00000000080099ea        0x2 
 .text.LOG_Int  0x00000000080099ec       0x9c Shared/Src/Drivers/_log.o
                0x00000000080099ec                LOG_Int
 .text.LOG_Hex32
                0x0000000008009a88       0x54 Shared/Src/Drivers/_log.o
                0x0000000008009a88                LOG_Hex32
 .text.LOG_Str  0x0000000008009adc       0x30 Shared/Src/Drivers/_log.o
                0x0000000008009adc                LOG_Str
 .text.LOG_StrLn
                0x0000000008009b0c       0x36 Shared/Src/Drivers/_log.o
                0x0000000008009b0c                LOG_StrLn
 .text.LOG_Buf  0x0000000008009b42       0x3e Shared/Src/Drivers/_log.o
                0x0000000008009b42                LOG_Buf
 .text.LOG_BufHex
                0x0000000008009b80       0x60 Shared/Src/Drivers/_log.o
                0x0000000008009b80                LOG_BufHex
 .text.lock     0x0000000008009be0        0xe Shared/Src/Drivers/_log.o
 .text.unlock   0x0000000008009bee        0xe Shared/Src/Drivers/_log.o
 .text.EEPROM_Init
                0x0000000008009bfc       0xac Shared/Src/Libs/_eeprom.o
                0x0000000008009bfc                EEPROM_Init
 .text.EEPROM_FlagDFU
                0x0000000008009ca8       0x2c Shared/Src/Libs/_eeprom.o
                0x0000000008009ca8                EEPROM_FlagDFU
 .text.EE_Command
                0x0000000008009cd4       0x6e Shared/Src/Libs/_eeprom.o
 .text.lock     0x0000000008009d42        0xe Shared/Src/Libs/_eeprom.o
 .text.unlock   0x0000000008009d50        0xe Shared/Src/Libs/_eeprom.o
 .text.Simcom_Lock
                0x0000000008009d5e        0xe Shared/Src/Libs/_simcom.o
                0x0000000008009d5e                Simcom_Lock
 .text.Simcom_Unlock
                0x0000000008009d6c        0xe Shared/Src/Libs/_simcom.o
                0x0000000008009d6c                Simcom_Unlock
 *fill*         0x0000000008009d7a        0x2 
 .text.Simcom_Response
                0x0000000008009d7c       0x20 Shared/Src/Libs/_simcom.o
                0x0000000008009d7c                Simcom_Response
 .text.Simcom_SetState
                0x0000000008009d9c      0x404 Shared/Src/Libs/_simcom.o
                0x0000000008009d9c                Simcom_SetState
 .text.Simcom_FOTA
                0x000000000800a1a0      0x1b0 Shared/Src/Libs/_simcom.o
                0x000000000800a1a0                Simcom_FOTA
 .text.Simcom_Command
                0x000000000800a350       0xd8 Shared/Src/Libs/_simcom.o
                0x000000000800a350                Simcom_Command
 .text.Simcom_IdleJob
                0x000000000800a428       0x60 Shared/Src/Libs/_simcom.o
                0x000000000800a428                Simcom_IdleJob
 .text.Simcom_Ready
                0x000000000800a488       0x70 Shared/Src/Libs/_simcom.o
 .text.Simcom_Power
                0x000000000800a4f8       0x64 Shared/Src/Libs/_simcom.o
 .text.Simcom_Sleep
                0x000000000800a55c       0x2c Shared/Src/Libs/_simcom.o
 .text.Simcom_Execute
                0x000000000800a588      0x124 Shared/Src/Libs/_simcom.o
 .text.Simcom_BeforeTransmitHook
                0x000000000800a6ac        0xe Shared/Src/Libs/_simcom.o
 .text._DelayMS
                0x000000000800a6ba       0x16 Shared/Src/Libs/_utils.o
                0x000000000800a6ba                _DelayMS
 .text._GetTickMS
                0x000000000800a6d0        0xe Shared/Src/Libs/_utils.o
                0x000000000800a6d0                _GetTickMS
 *fill*         0x000000000800a6de        0x2 
 .text._LedWrite
                0x000000000800a6e0       0x24 Shared/Src/Libs/_utils.o
                0x000000000800a6e0                _LedWrite
 .text._LedToggle
                0x000000000800a704       0x18 Shared/Src/Libs/_utils.o
                0x000000000800a704                _LedToggle
 .text._Error   0x000000000800a71c       0x1a Shared/Src/Libs/_utils.o
                0x000000000800a71c                _Error
 .text._ByteSwap32
                0x000000000800a736       0x44 Shared/Src/Libs/_utils.o
                0x000000000800a736                _ByteSwap32
 *fill*         0x000000000800a77a        0x2 
 .text.__errno  0x000000000800a77c        0xc /opt/st/stm32cubeide_1.3.0_2/plugins/com.st.stm32cube.ide.mcu.externaltools.gnu-tools-for-stm32.7-2018-q2-update.linux64_1.0.0.201904181610/tools/bin/../lib/gcc/arm-none-eabi/7.3.1/../../../../arm-none-eabi/lib/thumb/v7e-m/fpv4-sp/hard/libc_nano.a(lib_a-errno.o)
                0x000000000800a77c                __errno
 .text.__libc_init_array
                0x000000000800a788       0x48 /opt/st/stm32cubeide_1.3.0_2/plugins/com.st.stm32cube.ide.mcu.externaltools.gnu-tools-for-stm32.7-2018-q2-update.linux64_1.0.0.201904181610/tools/bin/../lib/gcc/arm-none-eabi/7.3.1/../../../../arm-none-eabi/lib/thumb/v7e-m/fpv4-sp/hard/libc_nano.a(lib_a-init.o)
                0x000000000800a788                __libc_init_array
 .text.memcmp   0x000000000800a7d0       0x1e /opt/st/stm32cubeide_1.3.0_2/plugins/com.st.stm32cube.ide.mcu.externaltools.gnu-tools-for-stm32.7-2018-q2-update.linux64_1.0.0.201904181610/tools/bin/../lib/gcc/arm-none-eabi/7.3.1/../../../../arm-none-eabi/lib/thumb/v7e-m/fpv4-sp/hard/libc_nano.a(lib_a-memcmp.o)
                0x000000000800a7d0                memcmp
 .text.memcpy   0x000000000800a7ee       0x16 /opt/st/stm32cubeide_1.3.0_2/plugins/com.st.stm32cube.ide.mcu.externaltools.gnu-tools-for-stm32.7-2018-q2-update.linux64_1.0.0.201904181610/tools/bin/../lib/gcc/arm-none-eabi/7.3.1/../../../../arm-none-eabi/lib/thumb/v7e-m/fpv4-sp/hard/libc_nano.a(lib_a-memcpy-stub.o)
                0x000000000800a7ee                memcpy
 .text.memset   0x000000000800a804       0x10 /opt/st/stm32cubeide_1.3.0_2/plugins/com.st.stm32cube.ide.mcu.externaltools.gnu-tools-for-stm32.7-2018-q2-update.linux64_1.0.0.201904181610/tools/bin/../lib/gcc/arm-none-eabi/7.3.1/../../../../arm-none-eabi/lib/thumb/v7e-m/fpv4-sp/hard/libc_nano.a(lib_a-memset.o)
                0x000000000800a804                memset
 .text.sprintf  0x000000000800a814       0x40 /opt/st/stm32cubeide_1.3.0_2/plugins/com.st.stm32cube.ide.mcu.externaltools.gnu-tools-for-stm32.7-2018-q2-update.linux64_1.0.0.201904181610/tools/bin/../lib/gcc/arm-none-eabi/7.3.1/../../../../arm-none-eabi/lib/thumb/v7e-m/fpv4-sp/hard/libc_nano.a(lib_a-sprintf.o)
                0x000000000800a814                sprintf
                0x000000000800a814                siprintf
 .text.strncmp  0x000000000800a854       0x24 /opt/st/stm32cubeide_1.3.0_2/plugins/com.st.stm32cube.ide.mcu.externaltools.gnu-tools-for-stm32.7-2018-q2-update.linux64_1.0.0.201904181610/tools/bin/../lib/gcc/arm-none-eabi/7.3.1/../../../../arm-none-eabi/lib/thumb/v7e-m/fpv4-sp/hard/libc_nano.a(lib_a-strncmp.o)
                0x000000000800a854                strncmp
 .text.strstr   0x000000000800a878       0x34 /opt/st/stm32cubeide_1.3.0_2/plugins/com.st.stm32cube.ide.mcu.externaltools.gnu-tools-for-stm32.7-2018-q2-update.linux64_1.0.0.201904181610/tools/bin/../lib/gcc/arm-none-eabi/7.3.1/../../../../arm-none-eabi/lib/thumb/v7e-m/fpv4-sp/hard/libc_nano.a(lib_a-strstr.o)
                0x000000000800a878                strstr
 .text._strtoul_l.isra.0
                0x000000000800a8ac       0xf4 /opt/st/stm32cubeide_1.3.0_2/plugins/com.st.stm32cube.ide.mcu.externaltools.gnu-tools-for-stm32.7-2018-q2-update.linux64_1.0.0.201904181610/tools/bin/../lib/gcc/arm-none-eabi/7.3.1/../../../../arm-none-eabi/lib/thumb/v7e-m/fpv4-sp/hard/libc_nano.a(lib_a-strtoul.o)
 .text.strtoul  0x000000000800a9a0       0x2c /opt/st/stm32cubeide_1.3.0_2/plugins/com.st.stm32cube.ide.mcu.externaltools.gnu-tools-for-stm32.7-2018-q2-update.linux64_1.0.0.201904181610/tools/bin/../lib/gcc/arm-none-eabi/7.3.1/../../../../arm-none-eabi/lib/thumb/v7e-m/fpv4-sp/hard/libc_nano.a(lib_a-strtoul.o)
                0x000000000800a9a0                strtoul
 .text.__locale_ctype_ptr_l
                0x000000000800a9cc        0x6 /opt/st/stm32cubeide_1.3.0_2/plugins/com.st.stm32cube.ide.mcu.externaltools.gnu-tools-for-stm32.7-2018-q2-update.linux64_1.0.0.201904181610/tools/bin/../lib/gcc/arm-none-eabi/7.3.1/../../../../arm-none-eabi/lib/thumb/v7e-m/fpv4-sp/hard/libc_nano.a(lib_a-locale.o)
                0x000000000800a9cc                __locale_ctype_ptr_l
 .text.__ascii_mbtowc
                0x000000000800a9d2       0x24 /opt/st/stm32cubeide_1.3.0_2/plugins/com.st.stm32cube.ide.mcu.externaltools.gnu-tools-for-stm32.7-2018-q2-update.linux64_1.0.0.201904181610/tools/bin/../lib/gcc/arm-none-eabi/7.3.1/../../../../arm-none-eabi/lib/thumb/v7e-m/fpv4-sp/hard/libc_nano.a(lib_a-mbtowc_r.o)
                0x000000000800a9d2                __ascii_mbtowc
 .text.__ssputs_r
                0x000000000800a9f6       0xb4 /opt/st/stm32cubeide_1.3.0_2/plugins/com.st.stm32cube.ide.mcu.externaltools.gnu-tools-for-stm32.7-2018-q2-update.linux64_1.0.0.201904181610/tools/bin/../lib/gcc/arm-none-eabi/7.3.1/../../../../arm-none-eabi/lib/thumb/v7e-m/fpv4-sp/hard/libc_nano.a(lib_a-nano-svfprintf.o)
                0x000000000800a9f6                __ssputs_r
 *fill*         0x000000000800aaaa        0x2 
 .text._svfprintf_r
                0x000000000800aaac      0x1f0 /opt/st/stm32cubeide_1.3.0_2/plugins/com.st.stm32cube.ide.mcu.externaltools.gnu-tools-for-stm32.7-2018-q2-update.linux64_1.0.0.201904181610/tools/bin/../lib/gcc/arm-none-eabi/7.3.1/../../../../arm-none-eabi/lib/thumb/v7e-m/fpv4-sp/hard/libc_nano.a(lib_a-nano-svfprintf.o)
                0x000000000800aaac                _svfprintf_r
                0x000000000800aaac                _svfiprintf_r
 .text._printf_common
                0x000000000800ac9c       0xea /opt/st/stm32cubeide_1.3.0_2/plugins/com.st.stm32cube.ide.mcu.externaltools.gnu-tools-for-stm32.7-2018-q2-update.linux64_1.0.0.201904181610/tools/bin/../lib/gcc/arm-none-eabi/7.3.1/../../../../arm-none-eabi/lib/thumb/v7e-m/fpv4-sp/hard/libc_nano.a(lib_a-nano-vfprintf_i.o)
                0x000000000800ac9c                _printf_common
 *fill*         0x000000000800ad86        0x2 
 .text._printf_i
                0x000000000800ad88      0x224 /opt/st/stm32cubeide_1.3.0_2/plugins/com.st.stm32cube.ide.mcu.externaltools.gnu-tools-for-stm32.7-2018-q2-update.linux64_1.0.0.201904181610/tools/bin/../lib/gcc/arm-none-eabi/7.3.1/../../../../arm-none-eabi/lib/thumb/v7e-m/fpv4-sp/hard/libc_nano.a(lib_a-nano-vfprintf_i.o)
                0x000000000800ad88                _printf_i
 .text.__ascii_wctomb
                0x000000000800afac       0x1a /opt/st/stm32cubeide_1.3.0_2/plugins/com.st.stm32cube.ide.mcu.externaltools.gnu-tools-for-stm32.7-2018-q2-update.linux64_1.0.0.201904181610/tools/bin/../lib/gcc/arm-none-eabi/7.3.1/../../../../arm-none-eabi/lib/thumb/v7e-m/fpv4-sp/hard/libc_nano.a(lib_a-wctomb_r.o)
                0x000000000800afac                __ascii_wctomb
 .text.memmove  0x000000000800afc6       0x32 /opt/st/stm32cubeide_1.3.0_2/plugins/com.st.stm32cube.ide.mcu.externaltools.gnu-tools-for-stm32.7-2018-q2-update.linux64_1.0.0.201904181610/tools/bin/../lib/gcc/arm-none-eabi/7.3.1/../../../../arm-none-eabi/lib/thumb/v7e-m/fpv4-sp/hard/libc_nano.a(lib_a-memmove.o)
                0x000000000800afc6                memmove
 .text._free_r  0x000000000800aff8       0x9c /opt/st/stm32cubeide_1.3.0_2/plugins/com.st.stm32cube.ide.mcu.externaltools.gnu-tools-for-stm32.7-2018-q2-update.linux64_1.0.0.201904181610/tools/bin/../lib/gcc/arm-none-eabi/7.3.1/../../../../arm-none-eabi/lib/thumb/v7e-m/fpv4-sp/hard/libc_nano.a(lib_a-nano-freer.o)
                0x000000000800aff8                _free_r
 .text._malloc_r
                0x000000000800b094       0xb4 /opt/st/stm32cubeide_1.3.0_2/plugins/com.st.stm32cube.ide.mcu.externaltools.gnu-tools-for-stm32.7-2018-q2-update.linux64_1.0.0.201904181610/tools/bin/../lib/gcc/arm-none-eabi/7.3.1/../../../../arm-none-eabi/lib/thumb/v7e-m/fpv4-sp/hard/libc_nano.a(lib_a-nano-mallocr.o)
                0x000000000800b094                _malloc_r
 .text._realloc_r
                0x000000000800b148       0x4c /opt/st/stm32cubeide_1.3.0_2/plugins/com.st.stm32cube.ide.mcu.externaltools.gnu-tools-for-stm32.7-2018-q2-update.linux64_1.0.0.201904181610/tools/bin/../lib/gcc/arm-none-eabi/7.3.1/../../../../arm-none-eabi/lib/thumb/v7e-m/fpv4-sp/hard/libc_nano.a(lib_a-nano-reallocr.o)
                0x000000000800b148                _realloc_r
 .text._sbrk_r  0x000000000800b194       0x20 /opt/st/stm32cubeide_1.3.0_2/plugins/com.st.stm32cube.ide.mcu.externaltools.gnu-tools-for-stm32.7-2018-q2-update.linux64_1.0.0.201904181610/tools/bin/../lib/gcc/arm-none-eabi/7.3.1/../../../../arm-none-eabi/lib/thumb/v7e-m/fpv4-sp/hard/libc_nano.a(lib_a-sbrkr.o)
                0x000000000800b194                _sbrk_r
 .text.__malloc_lock
                0x000000000800b1b4        0x2 /opt/st/stm32cubeide_1.3.0_2/plugins/com.st.stm32cube.ide.mcu.externaltools.gnu-tools-for-stm32.7-2018-q2-update.linux64_1.0.0.201904181610/tools/bin/../lib/gcc/arm-none-eabi/7.3.1/../../../../arm-none-eabi/lib/thumb/v7e-m/fpv4-sp/hard/libc_nano.a(lib_a-mlock.o)
                0x000000000800b1b4                __malloc_lock
 .text.__malloc_unlock
                0x000000000800b1b6        0x2 /opt/st/stm32cubeide_1.3.0_2/plugins/com.st.stm32cube.ide.mcu.externaltools.gnu-tools-for-stm32.7-2018-q2-update.linux64_1.0.0.201904181610/tools/bin/../lib/gcc/arm-none-eabi/7.3.1/../../../../arm-none-eabi/lib/thumb/v7e-m/fpv4-sp/hard/libc_nano.a(lib_a-mlock.o)
                0x000000000800b1b6                __malloc_unlock
 .text._malloc_usable_size_r
                0x000000000800b1b8       0x10 /opt/st/stm32cubeide_1.3.0_2/plugins/com.st.stm32cube.ide.mcu.externaltools.gnu-tools-for-stm32.7-2018-q2-update.linux64_1.0.0.201904181610/tools/bin/../lib/gcc/arm-none-eabi/7.3.1/../../../../arm-none-eabi/lib/thumb/v7e-m/fpv4-sp/hard/libc_nano.a(lib_a-nano-msizer.o)
                0x000000000800b1b8                _malloc_usable_size_r
 *(.glue_7)
 .glue_7        0x000000000800b1c8        0x0 linker stubs
 *(.glue_7t)
 .glue_7t       0x000000000800b1c8        0x0 linker stubs
 *(.eh_frame)
 .eh_frame      0x000000000800b1c8        0x0 /opt/st/stm32cubeide_1.3.0_2/plugins/com.st.stm32cube.ide.mcu.externaltools.gnu-tools-for-stm32.7-2018-q2-update.linux64_1.0.0.201904181610/tools/bin/../lib/gcc/arm-none-eabi/7.3.1/thumb/v7e-m/fpv4-sp/hard/crtbegin.o
 *(.init)
 .init          0x000000000800b1c8        0x4 /opt/st/stm32cubeide_1.3.0_2/plugins/com.st.stm32cube.ide.mcu.externaltools.gnu-tools-for-stm32.7-2018-q2-update.linux64_1.0.0.201904181610/tools/bin/../lib/gcc/arm-none-eabi/7.3.1/thumb/v7e-m/fpv4-sp/hard/crti.o
                0x000000000800b1c8                _init
 .init          0x000000000800b1cc        0x8 /opt/st/stm32cubeide_1.3.0_2/plugins/com.st.stm32cube.ide.mcu.externaltools.gnu-tools-for-stm32.7-2018-q2-update.linux64_1.0.0.201904181610/tools/bin/../lib/gcc/arm-none-eabi/7.3.1/thumb/v7e-m/fpv4-sp/hard/crtn.o
 *(.fini)
 .fini          0x000000000800b1d4        0x4 /opt/st/stm32cubeide_1.3.0_2/plugins/com.st.stm32cube.ide.mcu.externaltools.gnu-tools-for-stm32.7-2018-q2-update.linux64_1.0.0.201904181610/tools/bin/../lib/gcc/arm-none-eabi/7.3.1/thumb/v7e-m/fpv4-sp/hard/crti.o
                0x000000000800b1d4                _fini
 .fini          0x000000000800b1d8        0x8 /opt/st/stm32cubeide_1.3.0_2/plugins/com.st.stm32cube.ide.mcu.externaltools.gnu-tools-for-stm32.7-2018-q2-update.linux64_1.0.0.201904181610/tools/bin/../lib/gcc/arm-none-eabi/7.3.1/thumb/v7e-m/fpv4-sp/hard/crtn.o
                0x000000000800b1e0                . = ALIGN (0x4)
                0x000000000800b1e0                _etext = .

.vfp11_veneer   0x000000000800b1e0        0x0
 .vfp11_veneer  0x000000000800b1e0        0x0 linker stubs

.v4_bx          0x000000000800b1e0        0x0
 .v4_bx         0x000000000800b1e0        0x0 linker stubs

.iplt           0x000000000800b1e0        0x0
 .iplt          0x000000000800b1e0        0x0 /opt/st/stm32cubeide_1.3.0_2/plugins/com.st.stm32cube.ide.mcu.externaltools.gnu-tools-for-stm32.7-2018-q2-update.linux64_1.0.0.201904181610/tools/bin/../lib/gcc/arm-none-eabi/7.3.1/thumb/v7e-m/fpv4-sp/hard/crtbegin.o

.rodata         0x000000000800b1e0      0x850
                0x000000000800b1e0                . = ALIGN (0x4)
 *(.rodata)
 .rodata        0x000000000800b1e0       0x6b Core/Src/Drivers/_flasher.o
 *fill*         0x000000000800b24b        0x1 
 .rodata        0x000000000800b24c       0xc0 Core/Src/Libs/_fota.o
 .rodata        0x000000000800b30c       0xae Core/Src/main.o
 *fill*         0x000000000800b3ba        0x2 
 .rodata        0x000000000800b3bc      0x314 Shared/Src/Drivers/_at.o
 .rodata        0x000000000800b6d0       0x11 Shared/Src/Drivers/_log.o
 *fill*         0x000000000800b6e1        0x3 
 .rodata        0x000000000800b6e4       0x32 Shared/Src/Libs/_eeprom.o
 *fill*         0x000000000800b716        0x2 
 .rodata        0x000000000800b718      0x1b7 Shared/Src/Libs/_simcom.o
 *(.rodata*)
 *fill*         0x000000000800b8cf        0x1 
 .rodata.AHBPrescTable
                0x000000000800b8d0       0x10 Core/Src/system_stm32f4xx.o
                0x000000000800b8d0                AHBPrescTable
 .rodata.APBPrescTable
                0x000000000800b8e0        0x8 Core/Src/system_stm32f4xx.o
                0x000000000800b8e0                APBPrescTable
 .rodata.flagBitshiftOffset.8117
                0x000000000800b8e8        0x8 Drivers/STM32F4xx_HAL_Driver/Src/stm32f4xx_hal_dma.o
 .rodata._setlocale_r.str1.1
                0x000000000800b8f0        0x8 /opt/st/stm32cubeide_1.3.0_2/plugins/com.st.stm32cube.ide.mcu.externaltools.gnu-tools-for-stm32.7-2018-q2-update.linux64_1.0.0.201904181610/tools/bin/../lib/gcc/arm-none-eabi/7.3.1/../../../../arm-none-eabi/lib/thumb/v7e-m/fpv4-sp/hard/libc_nano.a(lib_a-locale.o)
                                          0x9 (size before relaxing)
 .rodata.str1.1
                0x000000000800b8f8        0x2 /opt/st/stm32cubeide_1.3.0_2/plugins/com.st.stm32cube.ide.mcu.externaltools.gnu-tools-for-stm32.7-2018-q2-update.linux64_1.0.0.201904181610/tools/bin/../lib/gcc/arm-none-eabi/7.3.1/../../../../arm-none-eabi/lib/thumb/v7e-m/fpv4-sp/hard/libc_nano.a(lib_a-locale.o)
 .rodata._svfprintf_r.str1.1
                0x000000000800b8fa       0x11 /opt/st/stm32cubeide_1.3.0_2/plugins/com.st.stm32cube.ide.mcu.externaltools.gnu-tools-for-stm32.7-2018-q2-update.linux64_1.0.0.201904181610/tools/bin/../lib/gcc/arm-none-eabi/7.3.1/../../../../arm-none-eabi/lib/thumb/v7e-m/fpv4-sp/hard/libc_nano.a(lib_a-nano-svfprintf.o)
 .rodata._printf_i.str1.1
                0x000000000800b90b       0x22 /opt/st/stm32cubeide_1.3.0_2/plugins/com.st.stm32cube.ide.mcu.externaltools.gnu-tools-for-stm32.7-2018-q2-update.linux64_1.0.0.201904181610/tools/bin/../lib/gcc/arm-none-eabi/7.3.1/../../../../arm-none-eabi/lib/thumb/v7e-m/fpv4-sp/hard/libc_nano.a(lib_a-nano-vfprintf_i.o)
 .rodata._ctype_
                0x000000000800b92d      0x101 /opt/st/stm32cubeide_1.3.0_2/plugins/com.st.stm32cube.ide.mcu.externaltools.gnu-tools-for-stm32.7-2018-q2-update.linux64_1.0.0.201904181610/tools/bin/../lib/gcc/arm-none-eabi/7.3.1/../../../../arm-none-eabi/lib/thumb/v7e-m/fpv4-sp/hard/libc_nano.a(lib_a-ctype_.o)
                0x000000000800b92d                _ctype_
                0x000000000800ba30                . = ALIGN (0x4)
 *fill*         0x000000000800ba2e        0x2 

.ARM.extab      0x000000000800ba30        0x0
                0x000000000800ba30                . = ALIGN (0x4)
 *(.ARM.extab* .gnu.linkonce.armextab.*)
                0x000000000800ba30                . = ALIGN (0x4)

.ARM            0x000000000800ba30        0x8
                0x000000000800ba30                . = ALIGN (0x4)
                0x000000000800ba30                __exidx_start = .
 *(.ARM.exidx*)
 .ARM.exidx     0x000000000800ba30        0x8 /opt/st/stm32cubeide_1.3.0_2/plugins/com.st.stm32cube.ide.mcu.externaltools.gnu-tools-for-stm32.7-2018-q2-update.linux64_1.0.0.201904181610/tools/bin/../lib/gcc/arm-none-eabi/7.3.1/thumb/v7e-m/fpv4-sp/hard/libgcc.a(_udivmoddi4.o)
                0x000000000800ba38                __exidx_end = .
                0x000000000800ba38                . = ALIGN (0x4)

.rel.dyn        0x000000000800ba38        0x0
 .rel.iplt      0x000000000800ba38        0x0 /opt/st/stm32cubeide_1.3.0_2/plugins/com.st.stm32cube.ide.mcu.externaltools.gnu-tools-for-stm32.7-2018-q2-update.linux64_1.0.0.201904181610/tools/bin/../lib/gcc/arm-none-eabi/7.3.1/thumb/v7e-m/fpv4-sp/hard/crtbegin.o

.preinit_array  0x000000000800ba38        0x0
                0x000000000800ba38                . = ALIGN (0x4)
                0x000000000800ba38                PROVIDE (__preinit_array_start = .)
 *(.preinit_array*)
                0x000000000800ba38                PROVIDE (__preinit_array_end = .)
                0x000000000800ba38                . = ALIGN (0x4)

.init_array     0x000000000800ba38        0x4
                0x000000000800ba38                . = ALIGN (0x4)
                0x000000000800ba38                PROVIDE (__init_array_start = .)
 *(SORT_BY_NAME(.init_array.*))
 *(.init_array*)
 .init_array    0x000000000800ba38        0x4 /opt/st/stm32cubeide_1.3.0_2/plugins/com.st.stm32cube.ide.mcu.externaltools.gnu-tools-for-stm32.7-2018-q2-update.linux64_1.0.0.201904181610/tools/bin/../lib/gcc/arm-none-eabi/7.3.1/thumb/v7e-m/fpv4-sp/hard/crtbegin.o
                0x000000000800ba3c                PROVIDE (__init_array_end = .)
                0x000000000800ba3c                . = ALIGN (0x4)

.fini_array     0x000000000800ba3c        0x4
                0x000000000800ba3c                . = ALIGN (0x4)
                [!provide]                        PROVIDE (__fini_array_start = .)
 *(SORT_BY_NAME(.fini_array.*))
 *(.fini_array*)
 .fini_array    0x000000000800ba3c        0x4 /opt/st/stm32cubeide_1.3.0_2/plugins/com.st.stm32cube.ide.mcu.externaltools.gnu-tools-for-stm32.7-2018-q2-update.linux64_1.0.0.201904181610/tools/bin/../lib/gcc/arm-none-eabi/7.3.1/thumb/v7e-m/fpv4-sp/hard/crtbegin.o
                [!provide]                        PROVIDE (__fini_array_end = .)
                0x000000000800ba40                . = ALIGN (0x4)
                0x000000000800ba40                _sidata = LOADADDR (.data)

.data           0x0000000020000000      0x1fc load address 0x000000000800ba40
                0x0000000020000000                . = ALIGN (0x4)
                0x0000000020000000                _sdata = .
 *(.data)
 *(.data*)
 .data.SystemCoreClock
                0x0000000020000000        0x4 Core/Src/system_stm32f4xx.o
                0x0000000020000000                SystemCoreClock
 .data.uwTickPrio
                0x0000000020000004        0x4 Drivers/STM32F4xx_HAL_Driver/Src/stm32f4xx_hal.o
                0x0000000020000004                uwTickPrio
 .data.uwTickFreq
                0x0000000020000008        0x1 Drivers/STM32F4xx_HAL_Driver/Src/stm32f4xx_hal.o
                0x0000000020000008                uwTickFreq
 *fill*         0x0000000020000009        0x1 
 .data.DevAddress
                0x000000002000000a        0x2 Shared/Src/Drivers/_ee24xx.o
 *fill*         0x000000002000000c        0x4 
 .data.SIM      0x0000000020000010       0x18 Shared/Src/Libs/_simcom.o
                0x0000000020000010                SIM
 .data.init.10505
                0x0000000020000028        0x1 Shared/Src/Libs/_simcom.o
 *fill*         0x0000000020000029        0x3 
 .data._impure_ptr
                0x000000002000002c        0x4 /opt/st/stm32cubeide_1.3.0_2/plugins/com.st.stm32cube.ide.mcu.externaltools.gnu-tools-for-stm32.7-2018-q2-update.linux64_1.0.0.201904181610/tools/bin/../lib/gcc/arm-none-eabi/7.3.1/../../../../arm-none-eabi/lib/thumb/v7e-m/fpv4-sp/hard/libc_nano.a(lib_a-impure.o)
                0x000000002000002c                _impure_ptr
 .data.impure_data
                0x0000000020000030       0x60 /opt/st/stm32cubeide_1.3.0_2/plugins/com.st.stm32cube.ide.mcu.externaltools.gnu-tools-for-stm32.7-2018-q2-update.linux64_1.0.0.201904181610/tools/bin/../lib/gcc/arm-none-eabi/7.3.1/../../../../arm-none-eabi/lib/thumb/v7e-m/fpv4-sp/hard/libc_nano.a(lib_a-impure.o)
 .data.__global_locale
                0x0000000020000090      0x16c /opt/st/stm32cubeide_1.3.0_2/plugins/com.st.stm32cube.ide.mcu.externaltools.gnu-tools-for-stm32.7-2018-q2-update.linux64_1.0.0.201904181610/tools/bin/../lib/gcc/arm-none-eabi/7.3.1/../../../../arm-none-eabi/lib/thumb/v7e-m/fpv4-sp/hard/libc_nano.a(lib_a-locale.o)
                0x0000000020000090                __global_locale
                0x00000000200001fc                . = ALIGN (0x4)
                0x00000000200001fc                _edata = .

.igot.plt       0x00000000200001fc        0x0 load address 0x000000000800bc3c
 .igot.plt      0x00000000200001fc        0x0 /opt/st/stm32cubeide_1.3.0_2/plugins/com.st.stm32cube.ide.mcu.externaltools.gnu-tools-for-stm32.7-2018-q2-update.linux64_1.0.0.201904181610/tools/bin/../lib/gcc/arm-none-eabi/7.3.1/thumb/v7e-m/fpv4-sp/hard/crtbegin.o
                0x00000000200001fc                . = ALIGN (0x4)

.bss            0x0000000020000200      0x84c load address 0x000000000800bc3c
                0x0000000020000200                _sbss = .
                0x0000000020000200                __bss_start__ = _sbss
 *(.bss)
 .bss           0x0000000020000200       0x1c /opt/st/stm32cubeide_1.3.0_2/plugins/com.st.stm32cube.ide.mcu.externaltools.gnu-tools-for-stm32.7-2018-q2-update.linux64_1.0.0.201904181610/tools/bin/../lib/gcc/arm-none-eabi/7.3.1/thumb/v7e-m/fpv4-sp/hard/crtbegin.o
 *(.bss*)
 .bss.HMI_ADDR  0x000000002000021c        0x2 Core/Src/Libs/_focan.o
 *fill*         0x000000002000021e        0x2 
 .bss.heap_end.6424
                0x0000000020000220        0x4 Core/Src/sysmem.o
 .bss.SIMCOM_DMA_RX
                0x0000000020000224       0x80 Shared/Src/DMA/_dma_simcom.o
 .bss.simcom_write
                0x00000000200002a4        0x4 Shared/Src/DMA/_dma_simcom.o
 .bss.old_pos.10207
                0x00000000200002a8        0x4 Shared/Src/DMA/_dma_simcom.o
 .bss.DFU_FLAG  0x00000000200002ac        0x4 Shared/Src/Libs/_eeprom.o
                0x00000000200002ac                DFU_FLAG
 .bss.__malloc_free_list
                0x00000000200002b0        0x4 /opt/st/stm32cubeide_1.3.0_2/plugins/com.st.stm32cube.ide.mcu.externaltools.gnu-tools-for-stm32.7-2018-q2-update.linux64_1.0.0.201904181610/tools/bin/../lib/gcc/arm-none-eabi/7.3.1/../../../../arm-none-eabi/lib/thumb/v7e-m/fpv4-sp/hard/libc_nano.a(lib_a-nano-mallocr.o)
                0x00000000200002b0                __malloc_free_list
 .bss.__malloc_sbrk_start
                0x00000000200002b4        0x4 /opt/st/stm32cubeide_1.3.0_2/plugins/com.st.stm32cube.ide.mcu.externaltools.gnu-tools-for-stm32.7-2018-q2-update.linux64_1.0.0.201904181610/tools/bin/../lib/gcc/arm-none-eabi/7.3.1/../../../../arm-none-eabi/lib/thumb/v7e-m/fpv4-sp/hard/libc_nano.a(lib_a-nano-mallocr.o)
                0x00000000200002b4                __malloc_sbrk_start
 *(COMMON)
 COMMON         0x00000000200002b8      0x124 Core/Src/main.o
                0x00000000200002b8                hcrc
                0x00000000200002c0                hi2c2
                0x0000000020000314                hdma_usart1_rx
                0x0000000020000374                huart1
                0x00000000200003b4                hcan1
 COMMON         0x00000000200003dc        0x4 Drivers/STM32F4xx_HAL_Driver/Src/stm32f4xx_hal.o
                0x00000000200003dc                uwTick
 COMMON         0x00000000200003e0       0x20 Drivers/STM32F4xx_HAL_Driver/Src/stm32f4xx_hal_flash.o
                0x00000000200003e0                pFlash
 COMMON         0x0000000020000400      0x600 Shared/Src/DMA/_dma_simcom.o
                0x0000000020000400                SIMCOM_UART_RX
 COMMON         0x0000000020000a00       0x48 Shared/Src/Drivers/_canbus.o
                0x0000000020000a00                CB
 COMMON         0x0000000020000a48        0x4 /opt/st/stm32cubeide_1.3.0_2/plugins/com.st.stm32cube.ide.mcu.externaltools.gnu-tools-for-stm32.7-2018-q2-update.linux64_1.0.0.201904181610/tools/bin/../lib/gcc/arm-none-eabi/7.3.1/../../../../arm-none-eabi/lib/thumb/v7e-m/fpv4-sp/hard/libc_nano.a(lib_a-reent.o)
                0x0000000020000a48                errno
                0x0000000020000a4c                . = ALIGN (0x4)
                0x0000000020000a4c                _ebss = .
                0x0000000020000a4c                __bss_end__ = _ebss

._user_heap_stack
                0x0000000020000a4c      0x604 load address 0x000000000800bc3c
                0x0000000020000a50                . = ALIGN (0x8)
 *fill*         0x0000000020000a4c        0x4 
                0x0000000020000a50                PROVIDE (end = .)
                [!provide]                        PROVIDE (_end = .)
                0x0000000020000c50                . = (. + _Min_Heap_Size)
 *fill*         0x0000000020000a50      0x200 
                0x0000000020001050                . = (. + _Min_Stack_Size)
 *fill*         0x0000000020000c50      0x400 
                0x0000000020001050                . = ALIGN (0x8)

/DISCARD/
 libc.a(*)
 libm.a(*)
 libgcc.a(*)

.ARM.attributes
                0x0000000000000000       0x30
 *(.ARM.attributes)
 .ARM.attributes
                0x0000000000000000       0x22 /opt/st/stm32cubeide_1.3.0_2/plugins/com.st.stm32cube.ide.mcu.externaltools.gnu-tools-for-stm32.7-2018-q2-update.linux64_1.0.0.201904181610/tools/bin/../lib/gcc/arm-none-eabi/7.3.1/thumb/v7e-m/fpv4-sp/hard/crti.o
 .ARM.attributes
                0x0000000000000022       0x34 /opt/st/stm32cubeide_1.3.0_2/plugins/com.st.stm32cube.ide.mcu.externaltools.gnu-tools-for-stm32.7-2018-q2-update.linux64_1.0.0.201904181610/tools/bin/../lib/gcc/arm-none-eabi/7.3.1/thumb/v7e-m/fpv4-sp/hard/crtbegin.o
 .ARM.attributes
                0x0000000000000056       0x39 Core/Src/Drivers/_flasher.o
 .ARM.attributes
                0x000000000000008f       0x39 Core/Src/Libs/_focan.o
 .ARM.attributes
                0x00000000000000c8       0x39 Core/Src/Libs/_fota.o
 .ARM.attributes
                0x0000000000000101       0x39 Core/Src/main.o
 .ARM.attributes
                0x000000000000013a       0x39 Core/Src/stm32f4xx_hal_msp.o
 .ARM.attributes
                0x0000000000000173       0x39 Core/Src/stm32f4xx_it.o
 .ARM.attributes
                0x00000000000001ac       0x39 Core/Src/sysmem.o
 .ARM.attributes
                0x00000000000001e5       0x39 Core/Src/system_stm32f4xx.o
 .ARM.attributes
                0x000000000000021e       0x21 Core/Startup/startup_stm32f423vhtx.o
 .ARM.attributes
                0x000000000000023f       0x39 Drivers/STM32F4xx_HAL_Driver/Src/stm32f4xx_hal.o
 .ARM.attributes
                0x0000000000000278       0x39 Drivers/STM32F4xx_HAL_Driver/Src/stm32f4xx_hal_can.o
 .ARM.attributes
                0x00000000000002b1       0x39 Drivers/STM32F4xx_HAL_Driver/Src/stm32f4xx_hal_cortex.o
 .ARM.attributes
                0x00000000000002ea       0x39 Drivers/STM32F4xx_HAL_Driver/Src/stm32f4xx_hal_crc.o
 .ARM.attributes
                0x0000000000000323       0x39 Drivers/STM32F4xx_HAL_Driver/Src/stm32f4xx_hal_dma.o
 .ARM.attributes
                0x000000000000035c       0x39 Drivers/STM32F4xx_HAL_Driver/Src/stm32f4xx_hal_flash.o
 .ARM.attributes
                0x0000000000000395       0x39 Drivers/STM32F4xx_HAL_Driver/Src/stm32f4xx_hal_flash_ex.o
 .ARM.attributes
                0x00000000000003ce       0x39 Drivers/STM32F4xx_HAL_Driver/Src/stm32f4xx_hal_gpio.o
 .ARM.attributes
                0x0000000000000407       0x39 Drivers/STM32F4xx_HAL_Driver/Src/stm32f4xx_hal_i2c.o
 .ARM.attributes
                0x0000000000000440       0x39 Drivers/STM32F4xx_HAL_Driver/Src/stm32f4xx_hal_i2c_ex.o
 .ARM.attributes
                0x0000000000000479       0x39 Drivers/STM32F4xx_HAL_Driver/Src/stm32f4xx_hal_rcc.o
 .ARM.attributes
                0x00000000000004b2       0x39 Drivers/STM32F4xx_HAL_Driver/Src/stm32f4xx_hal_rcc_ex.o
 .ARM.attributes
                0x00000000000004eb       0x39 Drivers/STM32F4xx_HAL_Driver/Src/stm32f4xx_hal_uart.o
 .ARM.attributes
                0x0000000000000524       0x39 Shared/Src/DMA/_dma_simcom.o
 .ARM.attributes
                0x000000000000055d       0x39 Shared/Src/Drivers/_at.o
 .ARM.attributes
                0x0000000000000596       0x39 Shared/Src/Drivers/_canbus.o
 .ARM.attributes
                0x00000000000005cf       0x39 Shared/Src/Drivers/_crc.o
 .ARM.attributes
                0x0000000000000608       0x39 Shared/Src/Drivers/_ee24xx.o
 .ARM.attributes
                0x0000000000000641       0x39 Shared/Src/Drivers/_log.o
 .ARM.attributes
                0x000000000000067a       0x39 Shared/Src/Libs/_eeprom.o
 .ARM.attributes
                0x00000000000006b3       0x39 Shared/Src/Libs/_simcom.o
 .ARM.attributes
                0x00000000000006ec       0x39 Shared/Src/Libs/_utils.o
 .ARM.attributes
                0x0000000000000725       0x34 /opt/st/stm32cubeide_1.3.0_2/plugins/com.st.stm32cube.ide.mcu.externaltools.gnu-tools-for-stm32.7-2018-q2-update.linux64_1.0.0.201904181610/tools/bin/../lib/gcc/arm-none-eabi/7.3.1/../../../../arm-none-eabi/lib/thumb/v7e-m/fpv4-sp/hard/libc_nano.a(lib_a-errno.o)
 .ARM.attributes
                0x0000000000000759       0x34 /opt/st/stm32cubeide_1.3.0_2/plugins/com.st.stm32cube.ide.mcu.externaltools.gnu-tools-for-stm32.7-2018-q2-update.linux64_1.0.0.201904181610/tools/bin/../lib/gcc/arm-none-eabi/7.3.1/../../../../arm-none-eabi/lib/thumb/v7e-m/fpv4-sp/hard/libc_nano.a(lib_a-impure.o)
 .ARM.attributes
                0x000000000000078d       0x34 /opt/st/stm32cubeide_1.3.0_2/plugins/com.st.stm32cube.ide.mcu.externaltools.gnu-tools-for-stm32.7-2018-q2-update.linux64_1.0.0.201904181610/tools/bin/../lib/gcc/arm-none-eabi/7.3.1/../../../../arm-none-eabi/lib/thumb/v7e-m/fpv4-sp/hard/libc_nano.a(lib_a-init.o)
 .ARM.attributes
                0x00000000000007c1       0x34 /opt/st/stm32cubeide_1.3.0_2/plugins/com.st.stm32cube.ide.mcu.externaltools.gnu-tools-for-stm32.7-2018-q2-update.linux64_1.0.0.201904181610/tools/bin/../lib/gcc/arm-none-eabi/7.3.1/../../../../arm-none-eabi/lib/thumb/v7e-m/fpv4-sp/hard/libc_nano.a(lib_a-memcmp.o)
 .ARM.attributes
                0x00000000000007f5       0x34 /opt/st/stm32cubeide_1.3.0_2/plugins/com.st.stm32cube.ide.mcu.externaltools.gnu-tools-for-stm32.7-2018-q2-update.linux64_1.0.0.201904181610/tools/bin/../lib/gcc/arm-none-eabi/7.3.1/../../../../arm-none-eabi/lib/thumb/v7e-m/fpv4-sp/hard/libc_nano.a(lib_a-memcpy-stub.o)
 .ARM.attributes
                0x0000000000000829       0x34 /opt/st/stm32cubeide_1.3.0_2/plugins/com.st.stm32cube.ide.mcu.externaltools.gnu-tools-for-stm32.7-2018-q2-update.linux64_1.0.0.201904181610/tools/bin/../lib/gcc/arm-none-eabi/7.3.1/../../../../arm-none-eabi/lib/thumb/v7e-m/fpv4-sp/hard/libc_nano.a(lib_a-memset.o)
 .ARM.attributes
                0x000000000000085d       0x34 /opt/st/stm32cubeide_1.3.0_2/plugins/com.st.stm32cube.ide.mcu.externaltools.gnu-tools-for-stm32.7-2018-q2-update.linux64_1.0.0.201904181610/tools/bin/../lib/gcc/arm-none-eabi/7.3.1/../../../../arm-none-eabi/lib/thumb/v7e-m/fpv4-sp/hard/libc_nano.a(lib_a-sprintf.o)
 .ARM.attributes
                0x0000000000000891       0x20 /opt/st/stm32cubeide_1.3.0_2/plugins/com.st.stm32cube.ide.mcu.externaltools.gnu-tools-for-stm32.7-2018-q2-update.linux64_1.0.0.201904181610/tools/bin/../lib/gcc/arm-none-eabi/7.3.1/../../../../arm-none-eabi/lib/thumb/v7e-m/fpv4-sp/hard/libc_nano.a(lib_a-strcmp.o)
 .ARM.attributes
                0x00000000000008b1       0x1b /opt/st/stm32cubeide_1.3.0_2/plugins/com.st.stm32cube.ide.mcu.externaltools.gnu-tools-for-stm32.7-2018-q2-update.linux64_1.0.0.201904181610/tools/bin/../lib/gcc/arm-none-eabi/7.3.1/../../../../arm-none-eabi/lib/thumb/v7e-m/fpv4-sp/hard/libc_nano.a(lib_a-strlen.o)
 .ARM.attributes
                0x00000000000008cc       0x34 /opt/st/stm32cubeide_1.3.0_2/plugins/com.st.stm32cube.ide.mcu.externaltools.gnu-tools-for-stm32.7-2018-q2-update.linux64_1.0.0.201904181610/tools/bin/../lib/gcc/arm-none-eabi/7.3.1/../../../../arm-none-eabi/lib/thumb/v7e-m/fpv4-sp/hard/libc_nano.a(lib_a-strncmp.o)
 .ARM.attributes
                0x0000000000000900       0x34 /opt/st/stm32cubeide_1.3.0_2/plugins/com.st.stm32cube.ide.mcu.externaltools.gnu-tools-for-stm32.7-2018-q2-update.linux64_1.0.0.201904181610/tools/bin/../lib/gcc/arm-none-eabi/7.3.1/../../../../arm-none-eabi/lib/thumb/v7e-m/fpv4-sp/hard/libc_nano.a(lib_a-strstr.o)
 .ARM.attributes
                0x0000000000000934       0x34 /opt/st/stm32cubeide_1.3.0_2/plugins/com.st.stm32cube.ide.mcu.externaltools.gnu-tools-for-stm32.7-2018-q2-update.linux64_1.0.0.201904181610/tools/bin/../lib/gcc/arm-none-eabi/7.3.1/../../../../arm-none-eabi/lib/thumb/v7e-m/fpv4-sp/hard/libc_nano.a(lib_a-strtoul.o)
 .ARM.attributes
                0x0000000000000968       0x34 /opt/st/stm32cubeide_1.3.0_2/plugins/com.st.stm32cube.ide.mcu.externaltools.gnu-tools-for-stm32.7-2018-q2-update.linux64_1.0.0.201904181610/tools/bin/../lib/gcc/arm-none-eabi/7.3.1/../../../../arm-none-eabi/lib/thumb/v7e-m/fpv4-sp/hard/libc_nano.a(lib_a-locale.o)
 .ARM.attributes
                0x000000000000099c       0x34 /opt/st/stm32cubeide_1.3.0_2/plugins/com.st.stm32cube.ide.mcu.externaltools.gnu-tools-for-stm32.7-2018-q2-update.linux64_1.0.0.201904181610/tools/bin/../lib/gcc/arm-none-eabi/7.3.1/../../../../arm-none-eabi/lib/thumb/v7e-m/fpv4-sp/hard/libc_nano.a(lib_a-mbtowc_r.o)
 .ARM.attributes
                0x00000000000009d0       0x34 /opt/st/stm32cubeide_1.3.0_2/plugins/com.st.stm32cube.ide.mcu.externaltools.gnu-tools-for-stm32.7-2018-q2-update.linux64_1.0.0.201904181610/tools/bin/../lib/gcc/arm-none-eabi/7.3.1/../../../../arm-none-eabi/lib/thumb/v7e-m/fpv4-sp/hard/libc_nano.a(lib_a-nano-svfprintf.o)
 .ARM.attributes
                0x0000000000000a04       0x34 /opt/st/stm32cubeide_1.3.0_2/plugins/com.st.stm32cube.ide.mcu.externaltools.gnu-tools-for-stm32.7-2018-q2-update.linux64_1.0.0.201904181610/tools/bin/../lib/gcc/arm-none-eabi/7.3.1/../../../../arm-none-eabi/lib/thumb/v7e-m/fpv4-sp/hard/libc_nano.a(lib_a-nano-vfprintf_i.o)
 .ARM.attributes
                0x0000000000000a38       0x34 /opt/st/stm32cubeide_1.3.0_2/plugins/com.st.stm32cube.ide.mcu.externaltools.gnu-tools-for-stm32.7-2018-q2-update.linux64_1.0.0.201904181610/tools/bin/../lib/gcc/arm-none-eabi/7.3.1/../../../../arm-none-eabi/lib/thumb/v7e-m/fpv4-sp/hard/libc_nano.a(lib_a-wctomb_r.o)
 .ARM.attributes
                0x0000000000000a6c       0x34 /opt/st/stm32cubeide_1.3.0_2/plugins/com.st.stm32cube.ide.mcu.externaltools.gnu-tools-for-stm32.7-2018-q2-update.linux64_1.0.0.201904181610/tools/bin/../lib/gcc/arm-none-eabi/7.3.1/../../../../arm-none-eabi/lib/thumb/v7e-m/fpv4-sp/hard/libc_nano.a(lib_a-ctype_.o)
 .ARM.attributes
                0x0000000000000aa0       0x20 /opt/st/stm32cubeide_1.3.0_2/plugins/com.st.stm32cube.ide.mcu.externaltools.gnu-tools-for-stm32.7-2018-q2-update.linux64_1.0.0.201904181610/tools/bin/../lib/gcc/arm-none-eabi/7.3.1/../../../../arm-none-eabi/lib/thumb/v7e-m/fpv4-sp/hard/libc_nano.a(lib_a-memchr.o)
 .ARM.attributes
                0x0000000000000ac0       0x34 /opt/st/stm32cubeide_1.3.0_2/plugins/com.st.stm32cube.ide.mcu.externaltools.gnu-tools-for-stm32.7-2018-q2-update.linux64_1.0.0.201904181610/tools/bin/../lib/gcc/arm-none-eabi/7.3.1/../../../../arm-none-eabi/lib/thumb/v7e-m/fpv4-sp/hard/libc_nano.a(lib_a-memmove.o)
 .ARM.attributes
                0x0000000000000af4       0x34 /opt/st/stm32cubeide_1.3.0_2/plugins/com.st.stm32cube.ide.mcu.externaltools.gnu-tools-for-stm32.7-2018-q2-update.linux64_1.0.0.201904181610/tools/bin/../lib/gcc/arm-none-eabi/7.3.1/../../../../arm-none-eabi/lib/thumb/v7e-m/fpv4-sp/hard/libc_nano.a(lib_a-nano-freer.o)
 .ARM.attributes
                0x0000000000000b28       0x34 /opt/st/stm32cubeide_1.3.0_2/plugins/com.st.stm32cube.ide.mcu.externaltools.gnu-tools-for-stm32.7-2018-q2-update.linux64_1.0.0.201904181610/tools/bin/../lib/gcc/arm-none-eabi/7.3.1/../../../../arm-none-eabi/lib/thumb/v7e-m/fpv4-sp/hard/libc_nano.a(lib_a-nano-mallocr.o)
 .ARM.attributes
                0x0000000000000b5c       0x34 /opt/st/stm32cubeide_1.3.0_2/plugins/com.st.stm32cube.ide.mcu.externaltools.gnu-tools-for-stm32.7-2018-q2-update.linux64_1.0.0.201904181610/tools/bin/../lib/gcc/arm-none-eabi/7.3.1/../../../../arm-none-eabi/lib/thumb/v7e-m/fpv4-sp/hard/libc_nano.a(lib_a-nano-reallocr.o)
 .ARM.attributes
                0x0000000000000b90       0x34 /opt/st/stm32cubeide_1.3.0_2/plugins/com.st.stm32cube.ide.mcu.externaltools.gnu-tools-for-stm32.7-2018-q2-update.linux64_1.0.0.201904181610/tools/bin/../lib/gcc/arm-none-eabi/7.3.1/../../../../arm-none-eabi/lib/thumb/v7e-m/fpv4-sp/hard/libc_nano.a(lib_a-sbrkr.o)
 .ARM.attributes
                0x0000000000000bc4       0x34 /opt/st/stm32cubeide_1.3.0_2/plugins/com.st.stm32cube.ide.mcu.externaltools.gnu-tools-for-stm32.7-2018-q2-update.linux64_1.0.0.201904181610/tools/bin/../lib/gcc/arm-none-eabi/7.3.1/../../../../arm-none-eabi/lib/thumb/v7e-m/fpv4-sp/hard/libc_nano.a(lib_a-mlock.o)
 .ARM.attributes
                0x0000000000000bf8       0x34 /opt/st/stm32cubeide_1.3.0_2/plugins/com.st.stm32cube.ide.mcu.externaltools.gnu-tools-for-stm32.7-2018-q2-update.linux64_1.0.0.201904181610/tools/bin/../lib/gcc/arm-none-eabi/7.3.1/../../../../arm-none-eabi/lib/thumb/v7e-m/fpv4-sp/hard/libc_nano.a(lib_a-nano-msizer.o)
 .ARM.attributes
                0x0000000000000c2c       0x34 /opt/st/stm32cubeide_1.3.0_2/plugins/com.st.stm32cube.ide.mcu.externaltools.gnu-tools-for-stm32.7-2018-q2-update.linux64_1.0.0.201904181610/tools/bin/../lib/gcc/arm-none-eabi/7.3.1/../../../../arm-none-eabi/lib/thumb/v7e-m/fpv4-sp/hard/libc_nano.a(lib_a-reent.o)
 .ARM.attributes
                0x0000000000000c60       0x22 /opt/st/stm32cubeide_1.3.0_2/plugins/com.st.stm32cube.ide.mcu.externaltools.gnu-tools-for-stm32.7-2018-q2-update.linux64_1.0.0.201904181610/tools/bin/../lib/gcc/arm-none-eabi/7.3.1/thumb/v7e-m/fpv4-sp/hard/libgcc.a(_arm_addsubdf3.o)
 .ARM.attributes
                0x0000000000000c82       0x22 /opt/st/stm32cubeide_1.3.0_2/plugins/com.st.stm32cube.ide.mcu.externaltools.gnu-tools-for-stm32.7-2018-q2-update.linux64_1.0.0.201904181610/tools/bin/../lib/gcc/arm-none-eabi/7.3.1/thumb/v7e-m/fpv4-sp/hard/libgcc.a(_arm_muldivdf3.o)
 .ARM.attributes
                0x0000000000000ca4       0x22 /opt/st/stm32cubeide_1.3.0_2/plugins/com.st.stm32cube.ide.mcu.externaltools.gnu-tools-for-stm32.7-2018-q2-update.linux64_1.0.0.201904181610/tools/bin/../lib/gcc/arm-none-eabi/7.3.1/thumb/v7e-m/fpv4-sp/hard/libgcc.a(_arm_fixunsdfsi.o)
 .ARM.attributes
                0x0000000000000cc6       0x22 /opt/st/stm32cubeide_1.3.0_2/plugins/com.st.stm32cube.ide.mcu.externaltools.gnu-tools-for-stm32.7-2018-q2-update.linux64_1.0.0.201904181610/tools/bin/../lib/gcc/arm-none-eabi/7.3.1/thumb/v7e-m/fpv4-sp/hard/libgcc.a(_arm_truncdfsf2.o)
 .ARM.attributes
                0x0000000000000ce8       0x22 /opt/st/stm32cubeide_1.3.0_2/plugins/com.st.stm32cube.ide.mcu.externaltools.gnu-tools-for-stm32.7-2018-q2-update.linux64_1.0.0.201904181610/tools/bin/../lib/gcc/arm-none-eabi/7.3.1/thumb/v7e-m/fpv4-sp/hard/libgcc.a(_aeabi_uldivmod.o)
 .ARM.attributes
                0x0000000000000d0a       0x34 /opt/st/stm32cubeide_1.3.0_2/plugins/com.st.stm32cube.ide.mcu.externaltools.gnu-tools-for-stm32.7-2018-q2-update.linux64_1.0.0.201904181610/tools/bin/../lib/gcc/arm-none-eabi/7.3.1/thumb/v7e-m/fpv4-sp/hard/libgcc.a(_udivmoddi4.o)
 .ARM.attributes
                0x0000000000000d3e       0x22 /opt/st/stm32cubeide_1.3.0_2/plugins/com.st.stm32cube.ide.mcu.externaltools.gnu-tools-for-stm32.7-2018-q2-update.linux64_1.0.0.201904181610/tools/bin/../lib/gcc/arm-none-eabi/7.3.1/thumb/v7e-m/fpv4-sp/hard/libgcc.a(_dvmd_tls.o)
 .ARM.attributes
                0x0000000000000d60       0x22 /opt/st/stm32cubeide_1.3.0_2/plugins/com.st.stm32cube.ide.mcu.externaltools.gnu-tools-for-stm32.7-2018-q2-update.linux64_1.0.0.201904181610/tools/bin/../lib/gcc/arm-none-eabi/7.3.1/thumb/v7e-m/fpv4-sp/hard/crtn.o
OUTPUT(VCU-BL.elf elf32-littlearm)

.debug_info     0x0000000000000000    0x1b4f1
 .debug_info    0x0000000000000000      0xd7a Core/Src/Drivers/_flasher.o
 .debug_info    0x0000000000000d7a      0xdfe Core/Src/Libs/_focan.o
 .debug_info    0x0000000000001b78     0x1a61 Core/Src/Libs/_fota.o
 .debug_info    0x00000000000035d9     0x1e7e Core/Src/main.o
 .debug_info    0x0000000000005457     0x14ae Core/Src/stm32f4xx_hal_msp.o
 .debug_info    0x0000000000006905      0xf01 Core/Src/stm32f4xx_it.o
 .debug_info    0x0000000000007806      0x91c Core/Src/sysmem.o
 .debug_info    0x0000000000008122      0x588 Core/Src/system_stm32f4xx.o
 .debug_info    0x00000000000086aa       0x22 Core/Startup/startup_stm32f423vhtx.o
 .debug_info    0x00000000000086cc      0x9cd Drivers/STM32F4xx_HAL_Driver/Src/stm32f4xx_hal.o
 .debug_info    0x0000000000009099      0xfb0 Drivers/STM32F4xx_HAL_Driver/Src/stm32f4xx_hal_can.o
 .debug_info    0x000000000000a049      0xe7c Drivers/STM32F4xx_HAL_Driver/Src/stm32f4xx_hal_cortex.o
 .debug_info    0x000000000000aec5      0x441 Drivers/STM32F4xx_HAL_Driver/Src/stm32f4xx_hal_crc.o
 .debug_info    0x000000000000b306      0x968 Drivers/STM32F4xx_HAL_Driver/Src/stm32f4xx_hal_dma.o
 .debug_info    0x000000000000bc6e      0x622 Drivers/STM32F4xx_HAL_Driver/Src/stm32f4xx_hal_flash.o
 .debug_info    0x000000000000c290      0x884 Drivers/STM32F4xx_HAL_Driver/Src/stm32f4xx_hal_flash_ex.o
 .debug_info    0x000000000000cb14      0x81d Drivers/STM32F4xx_HAL_Driver/Src/stm32f4xx_hal_gpio.o
 .debug_info    0x000000000000d331     0x23c2 Drivers/STM32F4xx_HAL_Driver/Src/stm32f4xx_hal_i2c.o
 .debug_info    0x000000000000f6f3      0x71d Drivers/STM32F4xx_HAL_Driver/Src/stm32f4xx_hal_i2c_ex.o