Archive member included to satisfy reference by file (symbol)

/opt/st/stm32cubeide_1.3.0_2/plugins/com.st.stm32cube.ide.mcu.externaltools.gnu-tools-for-stm32.7-2018-q2-update.linux64_1.0.0.201904181610/tools/bin/../lib/gcc/arm-none-eabi/7.3.1/../../../../arm-none-eabi/lib/thumb/v7e-m/fpv4-sp/hard/libc_nano.a(lib_a-errno.o)
                              Core/Src/syscalls.o (__errno)
/opt/st/stm32cubeide_1.3.0_2/plugins/com.st.stm32cube.ide.mcu.externaltools.gnu-tools-for-stm32.7-2018-q2-update.linux64_1.0.0.201904181610/tools/bin/../lib/gcc/arm-none-eabi/7.3.1/../../../../arm-none-eabi/lib/thumb/v7e-m/fpv4-sp/hard/libc_nano.a(lib_a-exit.o)
                              /opt/st/stm32cubeide_1.3.0_2/plugins/com.st.stm32cube.ide.mcu.externaltools.gnu-tools-for-stm32.7-2018-q2-update.linux64_1.0.0.201904181610/tools/bin/../lib/gcc/arm-none-eabi/7.3.1/../../../../arm-none-eabi/lib/thumb/v7e-m/fpv4-sp/hard/crt0.o (exit)
/opt/st/stm32cubeide_1.3.0_2/plugins/com.st.stm32cube.ide.mcu.externaltools.gnu-tools-for-stm32.7-2018-q2-update.linux64_1.0.0.201904181610/tools/bin/../lib/gcc/arm-none-eabi/7.3.1/../../../../arm-none-eabi/lib/thumb/v7e-m/fpv4-sp/hard/libc_nano.a(lib_a-impure.o)
                              /opt/st/stm32cubeide_1.3.0_2/plugins/com.st.stm32cube.ide.mcu.externaltools.gnu-tools-for-stm32.7-2018-q2-update.linux64_1.0.0.201904181610/tools/bin/../lib/gcc/arm-none-eabi/7.3.1/../../../../arm-none-eabi/lib/thumb/v7e-m/fpv4-sp/hard/libc_nano.a(lib_a-exit.o) (_global_impure_ptr)
/opt/st/stm32cubeide_1.3.0_2/plugins/com.st.stm32cube.ide.mcu.externaltools.gnu-tools-for-stm32.7-2018-q2-update.linux64_1.0.0.201904181610/tools/bin/../lib/gcc/arm-none-eabi/7.3.1/../../../../arm-none-eabi/lib/thumb/v7e-m/fpv4-sp/hard/libc_nano.a(lib_a-init.o)
                              /opt/st/stm32cubeide_1.3.0_2/plugins/com.st.stm32cube.ide.mcu.externaltools.gnu-tools-for-stm32.7-2018-q2-update.linux64_1.0.0.201904181610/tools/bin/../lib/gcc/arm-none-eabi/7.3.1/../../../../arm-none-eabi/lib/thumb/v7e-m/fpv4-sp/hard/crt0.o (__libc_init_array)
/opt/st/stm32cubeide_1.3.0_2/plugins/com.st.stm32cube.ide.mcu.externaltools.gnu-tools-for-stm32.7-2018-q2-update.linux64_1.0.0.201904181610/tools/bin/../lib/gcc/arm-none-eabi/7.3.1/../../../../arm-none-eabi/lib/thumb/v7e-m/fpv4-sp/hard/libc_nano.a(lib_a-memcmp.o)
                              Shared/Src/Drivers/_at.o (memcmp)
/opt/st/stm32cubeide_1.3.0_2/plugins/com.st.stm32cube.ide.mcu.externaltools.gnu-tools-for-stm32.7-2018-q2-update.linux64_1.0.0.201904181610/tools/bin/../lib/gcc/arm-none-eabi/7.3.1/../../../../arm-none-eabi/lib/thumb/v7e-m/fpv4-sp/hard/libc_nano.a(lib_a-memcpy-stub.o)
                              Core/Src/Libs/_fota.o (memcpy)
/opt/st/stm32cubeide_1.3.0_2/plugins/com.st.stm32cube.ide.mcu.externaltools.gnu-tools-for-stm32.7-2018-q2-update.linux64_1.0.0.201904181610/tools/bin/../lib/gcc/arm-none-eabi/7.3.1/../../../../arm-none-eabi/lib/thumb/v7e-m/fpv4-sp/hard/libc_nano.a(lib_a-memset.o)
                              /opt/st/stm32cubeide_1.3.0_2/plugins/com.st.stm32cube.ide.mcu.externaltools.gnu-tools-for-stm32.7-2018-q2-update.linux64_1.0.0.201904181610/tools/bin/../lib/gcc/arm-none-eabi/7.3.1/../../../../arm-none-eabi/lib/thumb/v7e-m/fpv4-sp/hard/crt0.o (memset)
/opt/st/stm32cubeide_1.3.0_2/plugins/com.st.stm32cube.ide.mcu.externaltools.gnu-tools-for-stm32.7-2018-q2-update.linux64_1.0.0.201904181610/tools/bin/../lib/gcc/arm-none-eabi/7.3.1/../../../../arm-none-eabi/lib/thumb/v7e-m/fpv4-sp/hard/libc_nano.a(lib_a-sprintf.o)
                              Core/Src/Libs/_fota.o (sprintf)
/opt/st/stm32cubeide_1.3.0_2/plugins/com.st.stm32cube.ide.mcu.externaltools.gnu-tools-for-stm32.7-2018-q2-update.linux64_1.0.0.201904181610/tools/bin/../lib/gcc/arm-none-eabi/7.3.1/../../../../arm-none-eabi/lib/thumb/v7e-m/fpv4-sp/hard/libc_nano.a(lib_a-strcmp.o)
                              Shared/Src/Drivers/_at.o (strcmp)
/opt/st/stm32cubeide_1.3.0_2/plugins/com.st.stm32cube.ide.mcu.externaltools.gnu-tools-for-stm32.7-2018-q2-update.linux64_1.0.0.201904181610/tools/bin/../lib/gcc/arm-none-eabi/7.3.1/../../../../arm-none-eabi/lib/thumb/v7e-m/fpv4-sp/hard/libc_nano.a(lib_a-strlen.o)
                              Shared/Src/Drivers/_at.o (strlen)
/opt/st/stm32cubeide_1.3.0_2/plugins/com.st.stm32cube.ide.mcu.externaltools.gnu-tools-for-stm32.7-2018-q2-update.linux64_1.0.0.201904181610/tools/bin/../lib/gcc/arm-none-eabi/7.3.1/../../../../arm-none-eabi/lib/thumb/v7e-m/fpv4-sp/hard/libc_nano.a(lib_a-strncmp.o)
                              Shared/Src/Drivers/_at.o (strncmp)
/opt/st/stm32cubeide_1.3.0_2/plugins/com.st.stm32cube.ide.mcu.externaltools.gnu-tools-for-stm32.7-2018-q2-update.linux64_1.0.0.201904181610/tools/bin/../lib/gcc/arm-none-eabi/7.3.1/../../../../arm-none-eabi/lib/thumb/v7e-m/fpv4-sp/hard/libc_nano.a(lib_a-strstr.o)
                              Shared/Src/Libs/_simcom.o (strstr)
[...]
Memory Configuration

Name             Origin             Length             Attributes
RAM              0x0000000020000000 0x000000000004fff8 xrw
FLASH            0x0000000008000000 0x0000000000010000 xr
*default*        0x0000000000000000 0xffffffffffffffff

Linker script and memory map

LOAD /opt/st/stm32cubeide_1.3.0_2/plugins/com.st.stm32cube.ide.mcu.externaltools.gnu-tools-for-stm32.7-2018-q2-update.linux64_1.0.0.201904181610/tools/bin/../lib/gcc/arm-none-eabi/7.3.1/thumb/v7e-m/fpv4-sp/hard/crti.o
LOAD /opt/st/stm32cubeide_1.3.0_2/plugins/com.st.stm32cube.ide.mcu.externaltools.gnu-tools-for-stm32.7-2018-q2-update.linux64_1.0.0.201904181610/tools/bin/../lib/gcc/arm-none-eabi/7.3.1/thumb/v7e-m/fpv4-sp/hard/crtbegin.o
LOAD /opt/st/stm32cubeide_1.3.0_2/plugins/com.st.stm32cube.ide.mcu.externaltools.gnu-tools-for-stm32.7-2018-q2-update.linux64_1.0.0.201904181610/tools/bin/../lib/gcc/arm-none-eabi/7.3.1/../../../../arm-none-eabi/lib/thumb/v7e-m/fpv4-sp/hard/crt0.o
LOAD Core/Src/Drivers/_flasher.o
LOAD Core/Src/Libs/_fota.o
LOAD Core/Src/main.o
LOAD Core/Src/stm32f4xx_hal_msp.o
LOAD Core/Src/stm32f4xx_it.o
LOAD Core/Src/syscalls.o
LOAD Core/Src/sysmem.o
LOAD Core/Src/system_stm32f4xx.o
LOAD Core/Startup/startup_stm32f423vhtx.o
LOAD Drivers/STM32F4xx_HAL_Driver/Src/stm32f4xx_hal.o
LOAD Drivers/STM32F4xx_HAL_Driver/Src/stm32f4xx_hal_can.o
LOAD Drivers/STM32F4xx_HAL_Driver/Src/stm32f4xx_hal_cortex.o
LOAD Drivers/STM32F4xx_HAL_Driver/Src/stm32f4xx_hal_crc.o
LOAD Drivers/STM32F4xx_HAL_Driver/Src/stm32f4xx_hal_dma.o
LOAD Drivers/STM32F4xx_HAL_Driver/Src/stm32f4xx_hal_dma_ex.o
LOAD Drivers/STM32F4xx_HAL_Driver/Src/stm32f4xx_hal_exti.o
LOAD Drivers/STM32F4xx_HAL_Driver/Src/stm32f4xx_hal_flash.o
LOAD Drivers/STM32F4xx_HAL_Driver/Src/stm32f4xx_hal_flash_ex.o
LOAD Drivers/STM32F4xx_HAL_Driver/Src/stm32f4xx_hal_flash_ramfunc.o
LOAD Drivers/STM32F4xx_HAL_Driver/Src/stm32f4xx_hal_gpio.o
LOAD Drivers/STM32F4xx_HAL_Driver/Src/stm32f4xx_hal_i2c.o
LOAD Drivers/STM32F4xx_HAL_Driver/Src/stm32f4xx_hal_i2c_ex.o
LOAD Drivers/STM32F4xx_HAL_Driver/Src/stm32f4xx_hal_pwr.o
LOAD Drivers/STM32F4xx_HAL_Driver/Src/stm32f4xx_hal_pwr_ex.o
LOAD Drivers/STM32F4xx_HAL_Driver/Src/stm32f4xx_hal_rcc.o
LOAD Drivers/STM32F4xx_HAL_Driver/Src/stm32f4xx_hal_rcc_ex.o
LOAD Drivers/STM32F4xx_HAL_Driver/Src/stm32f4xx_hal_tim.o
LOAD Drivers/STM32F4xx_HAL_Driver/Src/stm32f4xx_hal_tim_ex.o
LOAD Drivers/STM32F4xx_HAL_Driver/Src/stm32f4xx_hal_uart.o
LOAD Shared/Src/DMA/_dma_simcom.o
LOAD Shared/Src/Drivers/_at.o
LOAD Shared/Src/Drivers/_canbus.o
LOAD Shared/Src/Drivers/_crc.o
LOAD Shared/Src/Drivers/_ee24xx.o
LOAD Shared/Src/Drivers/_log.o
LOAD Shared/Src/Libs/_eeprom.o
LOAD Shared/Src/Libs/_simcom.o
LOAD Shared/Src/Libs/_utils.o
START GROUP
LOAD /opt/st/stm32cubeide_1.3.0_2/plugins/com.st.stm32cube.ide.mcu.externaltools.gnu-tools-for-stm32.7-2018-q2-update.linux64_1.0.0.201904181610/tools/bin/../lib/gcc/arm-none-eabi/7.3.1/../../../../arm-none-eabi/lib/thumb/v7e-m/fpv4-sp/hard/libc_nano.a
LOAD /opt/st/stm32cubeide_1.3.0_2/plugins/com.st.stm32cube.ide.mcu.externaltools.gnu-tools-for-stm32.7-2018-q2-update.linux64_1.0.0.201904181610/tools/bin/../lib/gcc/arm-none-eabi/7.3.1/../../../../arm-none-eabi/lib/thumb/v7e-m/fpv4-sp/hard/libm.a
END GROUP
START GROUP
LOAD /opt/st/stm32cubeide_1.3.0_2/plugins/com.st.stm32cube.ide.mcu.externaltools.gnu-tools-for-stm32.7-2018-q2-update.linux64_1.0.0.201904181610/tools/bin/../lib/gcc/arm-none-eabi/7.3.1/thumb/v7e-m/fpv4-sp/hard/libgcc.a
LOAD /opt/st/stm32cubeide_1.3.0_2/plugins/com.st.stm32cube.ide.mcu.externaltools.gnu-tools-for-stm32.7-2018-q2-update.linux64_1.0.0.201904181610/tools/bin/../lib/gcc/arm-none-eabi/7.3.1/../../../../arm-none-eabi/lib/thumb/v7e-m/fpv4-sp/hard/libc_nano.a
END GROUP
START GROUP
LOAD /opt/st/stm32cubeide_1.3.0_2/plugins/com.st.stm32cube.ide.mcu.externaltools.gnu-tools-for-stm32.7-2018-q2-update.linux64_1.0.0.201904181610/tools/bin/../lib/gcc/arm-none-eabi/7.3.1/thumb/v7e-m/fpv4-sp/hard/libgcc.a
LOAD /opt/st/stm32cubeide_1.3.0_2/plugins/com.st.stm32cube.ide.mcu.externaltools.gnu-tools-for-stm32.7-2018-q2-update.linux64_1.0.0.201904181610/tools/bin/../lib/gcc/arm-none-eabi/7.3.1/../../../../arm-none-eabi/lib/thumb/v7e-m/fpv4-sp/hard/libc_nano.a
LOAD /opt/st/stm32cubeide_1.3.0_2/plugins/com.st.stm32cube.ide.mcu.externaltools.gnu-tools-for-stm32.7-2018-q2-update.linux64_1.0.0.201904181610/tools/bin/../lib/gcc/arm-none-eabi/7.3.1/../../../../arm-none-eabi/lib/thumb/v7e-m/fpv4-sp/hard/libnosys.a
END GROUP
START GROUP
LOAD /opt/st/stm32cubeide_1.3.0_2/plugins/com.st.stm32cube.ide.mcu.externaltools.gnu-tools-for-stm32.7-2018-q2-update.linux64_1.0.0.201904181610/tools/bin/../lib/gcc/arm-none-eabi/7.3.1/thumb/v7e-m/fpv4-sp/hard/libgcc.a
LOAD /opt/st/stm32cubeide_1.3.0_2/plugins/com.st.stm32cube.ide.mcu.externaltools.gnu-tools-for-stm32.7-2018-q2-update.linux64_1.0.0.201904181610/tools/bin/../lib/gcc/arm-none-eabi/7.3.1/../../../../arm-none-eabi/lib/thumb/v7e-m/fpv4-sp/hard/libc_nano.a
LOAD /opt/st/stm32cubeide_1.3.0_2/plugins/com.st.stm32cube.ide.mcu.externaltools.gnu-tools-for-stm32.7-2018-q2-update.linux64_1.0.0.201904181610/tools/bin/../lib/gcc/arm-none-eabi/7.3.1/../../../../arm-none-eabi/lib/thumb/v7e-m/fpv4-sp/hard/libnosys.a
END GROUP
LOAD /opt/st/stm32cubeide_1.3.0_2/plugins/com.st.stm32cube.ide.mcu.externaltools.gnu-tools-for-stm32.7-2018-q2-update.linux64_1.0.0.201904181610/tools/bin/../lib/gcc/arm-none-eabi/7.3.1/thumb/v7e-m/fpv4-sp/hard/crtend.o
LOAD /opt/st/stm32cubeide_1.3.0_2/plugins/com.st.stm32cube.ide.mcu.externaltools.gnu-tools-for-stm32.7-2018-q2-update.linux64_1.0.0.201904181610/tools/bin/../lib/gcc/arm-none-eabi/7.3.1/thumb/v7e-m/fpv4-sp/hard/crtn.o
                0x000000002004fff8                _estack = (ORIGIN (RAM) + LENGTH (RAM))
                0x0000000000000200                _Min_Heap_Size = 0x200
                0x0000000000000400                _Min_Stack_Size = 0x400

.isr_vector     0x0000000008000000      0x1d8
                0x0000000008000000                . = ALIGN (0x4)
 *(.isr_vector)
 .isr_vector    0x0000000008000000      0x1d8 Core/Startup/startup_stm32f423vhtx.o
                0x0000000008000000                g_pfnVectors
                0x00000000080001d8                . = ALIGN (0x4)

.text           0x00000000080001e0     0xafc0
                0x00000000080001e0                . = ALIGN (0x4)
 *(.text)
 .text          0x00000000080001e0       0x40 /opt/st/stm32cubeide_1.3.0_2/plugins/com.st.stm32cube.ide.mcu.externaltools.gnu-tools-for-stm32.7-2018-q2-update.linux64_1.0.0.201904181610/tools/bin/../lib/gcc/arm-none-eabi/7.3.1/thumb/v7e-m/fpv4-sp/hard/crtbegin.o
 .text          0x0000000008000220       0x14 /opt/st/stm32cubeide_1.3.0_2/plugins/com.st.stm32cube.ide.mcu.externaltools.gnu-tools-for-stm32.7-2018-q2-update.linux64_1.0.0.201904181610/tools/bin/../lib/gcc/arm-none-eabi/7.3.1/../../../../arm-none-eabi/lib/thumb/v7e-m/fpv4-sp/hard/libc_nano.a(lib_a-strcmp.o)
                0x0000000008000220                strcmp
 .text          0x0000000008000234       0x10 /opt/st/stm32cubeide_1.3.0_2/plugins/com.st.stm32cube.ide.mcu.externaltools.gnu-tools-for-stm32.7-2018-q2-update.linux64_1.0.0.201904181610/tools/bin/../lib/gcc/arm-none-eabi/7.3.1/../../../../arm-none-eabi/lib/thumb/v7e-m/fpv4-sp/hard/libc_nano.a(lib_a-strlen.o)
                0x0000000008000234                strlen
 *fill*         0x0000000008000244        0xc 
 .text          0x0000000008000250       0xa0 /opt/st/stm32cubeide_1.3.0_2/plugins/com.st.stm32cube.ide.mcu.externaltools.gnu-tools-for-stm32.7-2018-q2-update.linux64_1.0.0.201904181610/tools/bin/../lib/gcc/arm-none-eabi/7.3.1/../../../../arm-none-eabi/lib/thumb/v7e-m/fpv4-sp/hard/libc_nano.a(lib_a-memchr.o)
                0x0000000008000250                memchr
 .text          0x00000000080002f0      0x378 /opt/st/stm32cubeide_1.3.0_2/plugins/com.st.stm32cube.ide.mcu.externaltools.gnu-tools-for-stm32.7-2018-q2-update.linux64_1.0.0.201904181610/tools/bin/../lib/gcc/arm-none-eabi/7.3.1/thumb/v7e-m/fpv4-sp/hard/libgcc.a(_arm_addsubdf3.o)
                0x00000000080002f0                __aeabi_drsub
                0x00000000080002f8                __aeabi_dsub
                0x00000000080002f8                __subdf3
                0x00000000080002fc                __adddf3
                0x00000000080002fc                __aeabi_dadd
                0x0000000008000574                __aeabi_ui2d
                0x0000000008000574                __floatunsidf
                0x0000000008000594                __floatsidf
                0x0000000008000594                __aeabi_i2d
                0x00000000080005b8                __extendsfdf2
                0x00000000080005b8                __aeabi_f2d
                0x00000000080005fc                __aeabi_ul2d
                0x00000000080005fc                __floatundidf
                0x000000000800060c                __floatdidf
                0x000000000800060c                __aeabi_l2d
 .text          0x0000000008000668      0x424 /opt/st/stm32cubeide_1.3.0_2/plugins/com.st.stm32cube.ide.mcu.externaltools.gnu-tools-for-stm32.7-2018-q2-update.linux64_1.0.0.201904181610/tools/bin/../lib/gcc/arm-none-eabi/7.3.1/thumb/v7e-m/fpv4-sp/hard/libgcc.a(_arm_muldivdf3.o)
                0x0000000008000668                __aeabi_dmul
                0x0000000008000668                __muldf3
                0x00000000080008bc                __aeabi_ddiv
                0x00000000080008bc                __divdf3
 .text          0x0000000008000a8c       0x40 /opt/st/stm32cubeide_1.3.0_2/plugins/com.st.stm32cube.ide.mcu.externaltools.gnu-tools-for-stm32.7-2018-q2-update.linux64_1.0.0.201904181610/tools/bin/../lib/gcc/arm-none-eabi/7.3.1/thumb/v7e-m/fpv4-sp/hard/libgcc.a(_arm_fixunsdfsi.o)
                0x0000000008000a8c                __fixunsdfsi
                0x0000000008000a8c                __aeabi_d2uiz
 .text          0x0000000008000acc       0xa0 /opt/st/stm32cubeide_1.3.0_2/plugins/com.st.stm32cube.ide.mcu.externaltools.gnu-tools-for-stm32.7-2018-q2-update.linux64_1.0.0.201904181610/tools/bin/../lib/gcc/arm-none-eabi/7.3.1/thumb/v7e-m/fpv4-sp/hard/libgcc.a(_arm_truncdfsf2.o)
                0x0000000008000acc                __aeabi_d2f
                0x0000000008000acc                __truncdfsf2
 .text          0x0000000008000b6c       0x30 /opt/st/stm32cubeide_1.3.0_2/plugins/com.st.stm32cube.ide.mcu.externaltools.gnu-tools-for-stm32.7-2018-q2-update.linux64_1.0.0.201904181610/tools/bin/../lib/gcc/arm-none-eabi/7.3.1/thumb/v7e-m/fpv4-sp/hard/libgcc.a(_aeabi_uldivmod.o)
                0x0000000008000b6c                __aeabi_uldivmod
 .text          0x0000000008000b9c      0x2cc /opt/st/stm32cubeide_1.3.0_2/plugins/com.st.stm32cube.ide.mcu.externaltools.gnu-tools-for-stm32.7-2018-q2-update.linux64_1.0.0.201904181610/tools/bin/../lib/gcc/arm-none-eabi/7.3.1/thumb/v7e-m/fpv4-sp/hard/libgcc.a(_udivmoddi4.o)
                0x0000000008000b9c                __udivmoddi4
 .text          0x0000000008000e68        0x4 /opt/st/stm32cubeide_1.3.0_2/plugins/com.st.stm32cube.ide.mcu.externaltools.gnu-tools-for-stm32.7-2018-q2-update.linux64_1.0.0.201904181610/tools/bin/../lib/gcc/arm-none-eabi/7.3.1/thumb/v7e-m/fpv4-sp/hard/libgcc.a(_dvmd_tls.o)
                0x0000000008000e68                __aeabi_ldiv0
                0x0000000008000e68                __aeabi_idiv0
 *(.text*)
 .text.FLASHER_WriteByte
                0x0000000008000e6c       0xa4 Core/Src/Drivers/_flasher.o
 .text.FLASHER_Erase
                0x0000000008000f10       0xec Core/Src/Drivers/_flasher.o
 .text.FLASHER_GetSector
                0x0000000008000ffc      0x1a0 Core/Src/Drivers/_flasher.o
 .text.FLASHER_EraseBkpArea
                0x000000000800119c       0x40 Core/Src/Drivers/_flasher.o
                0x000000000800119c                FLASHER_EraseBkpArea
 .text.FLASHER_EraseAppArea
                0x00000000080011dc       0x40 Core/Src/Drivers/_flasher.o
                0x00000000080011dc                FLASHER_EraseAppArea
 .text.FLASHER_WriteBkpArea
                0x000000000800121c       0x34 Core/Src/Drivers/_flasher.o
                0x000000000800121c                FLASHER_WriteBkpArea
 .text.FLASHER_WriteAppArea
                0x0000000008001250       0x34 Core/Src/Drivers/_flasher.o
                0x0000000008001250                FLASHER_WriteAppArea
 .text.FLASHER_BackupApp
                0x0000000008001284       0x38 Core/Src/Drivers/_flasher.o
                0x0000000008001284                FLASHER_BackupApp
 .text.FLASHER_RestoreApp
                0x00000000080012bc       0x38 Core/Src/Drivers/_flasher.o
                0x00000000080012bc                FLASHER_RestoreApp
 .text.FOTA_BearerInitialize
                0x00000000080012f4       0x64 Core/Src/Libs/_fota.o
                0x00000000080012f4                FOTA_BearerInitialize
 .text.FOTA_GetChecksum
                0x0000000008001358      0x134 Core/Src/Libs/_fota.o
                0x0000000008001358                FOTA_GetChecksum
 .text.FOTA_DownloadAndInstall
                0x000000000800148c      0x214 Core/Src/Libs/_fota.o
                0x000000000800148c                FOTA_DownloadAndInstall
 .text.FOTA_CompareChecksum
                0x00000000080016a0       0x90 Core/Src/Libs/_fota.o
                0x00000000080016a0                FOTA_CompareChecksum
 .text.FOTA_Reboot
                0x0000000008001730       0x18 Core/Src/Libs/_fota.o
                0x0000000008001730                FOTA_Reboot
 .text.FOTA_ValidImage
                0x0000000008001748       0xd8 Core/Src/Libs/_fota.o
                0x0000000008001748                FOTA_ValidImage
 .text.FOTA_InProgressDFU
                0x0000000008001820       0x28 Core/Src/Libs/_fota.o
                0x0000000008001820                FOTA_InProgressDFU
 .text.FOTA_JumpToApplication
                0x0000000008001848       0x6c Core/Src/Libs/_fota.o
                0x0000000008001848                FOTA_JumpToApplication
 .text.FOTA_Upgrade
                0x00000000080018b4       0x60 Core/Src/Libs/_fota.o
                0x00000000080018b4                FOTA_Upgrade
 .text.main     0x0000000008001914      0x158 Core/Src/main.o
                0x0000000008001914                main
 .text.SystemClock_Config
                0x0000000008001a6c       0xd4 Core/Src/main.o
                0x0000000008001a6c                SystemClock_Config
 .text.MX_CAN1_Init
                0x0000000008001b40       0x6c Core/Src/main.o
 .text.MX_CRC_Init
                0x0000000008001bac       0x28 Core/Src/main.o
 .text.MX_I2C2_Init
                0x0000000008001bd4       0x80 Core/Src/main.o
 .text.MX_USART1_UART_Init
                0x0000000008001c54       0x54 Core/Src/main.o
 .text.MX_DMA_Init
                0x0000000008001ca8       0x40 Core/Src/main.o
 .text.MX_GPIO_Init
                0x0000000008001ce8      0x1f4 Core/Src/main.o
 .text.Error_Handler
                0x0000000008001edc        0xe Core/Src/main.o
                0x0000000008001edc                Error_Handler
 *fill*         0x0000000008001eea        0x2 
 .text.HAL_MspInit
                0x0000000008001eec       0x50 Core/Src/stm32f4xx_hal_msp.o
                0x0000000008001eec                HAL_MspInit
 .text.HAL_CAN_MspInit
                0x0000000008001f3c       0xa0 Core/Src/stm32f4xx_hal_msp.o
                0x0000000008001f3c                HAL_CAN_MspInit
 .text.HAL_CRC_MspInit
                0x0000000008001fdc       0x44 Core/Src/stm32f4xx_hal_msp.o
                0x0000000008001fdc                HAL_CRC_MspInit
 .text.HAL_CRC_MspDeInit
                0x0000000008002020       0x34 Core/Src/stm32f4xx_hal_msp.o
                0x0000000008002020                HAL_CRC_MspDeInit
 .text.HAL_I2C_MspInit
                0x0000000008002054       0xb4 Core/Src/stm32f4xx_hal_msp.o
                0x0000000008002054                HAL_I2C_MspInit
 .text.HAL_I2C_MspDeInit
                0x0000000008002108       0x3c Core/Src/stm32f4xx_hal_msp.o
                0x0000000008002108                HAL_I2C_MspDeInit
 .text.HAL_UART_MspInit
                0x0000000008002144      0x108 Core/Src/stm32f4xx_hal_msp.o
                0x0000000008002144                HAL_UART_MspInit
 .text.HAL_UART_MspDeInit
                0x000000000800224c       0x4c Core/Src/stm32f4xx_hal_msp.o
                0x000000000800224c                HAL_UART_MspDeInit
 .text.NMI_Handler
                0x0000000008002298        0xe Core/Src/stm32f4xx_it.o
                0x0000000008002298                NMI_Handler
 .text.HardFault_Handler
                0x00000000080022a6        0x6 Core/Src/stm32f4xx_it.o
                0x00000000080022a6                HardFault_Handler
 .text.MemManage_Handler
                0x00000000080022ac        0x6 Core/Src/stm32f4xx_it.o
                0x00000000080022ac                MemManage_Handler
 .text.BusFault_Handler
                0x00000000080022b2        0x6 Core/Src/stm32f4xx_it.o
                0x00000000080022b2                BusFault_Handler
 .text.UsageFault_Handler
                0x00000000080022b8        0x6 Core/Src/stm32f4xx_it.o
                0x00000000080022b8                UsageFault_Handler
 .text.SVC_Handler
                0x00000000080022be        0xe Core/Src/stm32f4xx_it.o
                0x00000000080022be                SVC_Handler
 .text.DebugMon_Handler
                0x00000000080022cc        0xe Core/Src/stm32f4xx_it.o
                0x00000000080022cc                DebugMon_Handler
 .text.PendSV_Handler
                0x00000000080022da        0xe Core/Src/stm32f4xx_it.o
                0x00000000080022da                PendSV_Handler
 .text.SysTick_Handler
                0x00000000080022e8        0xc Core/Src/stm32f4xx_it.o
                0x00000000080022e8                SysTick_Handler
 .text.CAN1_RX0_IRQHandler
                0x00000000080022f4       0x14 Core/Src/stm32f4xx_it.o
                0x00000000080022f4                CAN1_RX0_IRQHandler
 .text.USART1_IRQHandler
                0x0000000008002308       0x18 Core/Src/stm32f4xx_it.o
                0x0000000008002308                USART1_IRQHandler
 .text.DMA2_Stream2_IRQHandler
                0x0000000008002320       0x18 Core/Src/stm32f4xx_it.o
                0x0000000008002320                DMA2_Stream2_IRQHandler
 .text._sbrk    0x0000000008002338       0x58 Core/Src/sysmem.o
                0x0000000008002338                _sbrk
 .text.SystemInit
                0x0000000008002390       0x2c Core/Src/system_stm32f4xx.o
                0x0000000008002390                SystemInit
 .text.Reset_Handler
                0x00000000080023bc       0x50 Core/Startup/startup_stm32f423vhtx.o
                0x00000000080023bc                Reset_Handler
 .text.Default_Handler
                0x000000000800240c        0x2 Core/Startup/startup_stm32f423vhtx.o
                0x000000000800240c                RTC_Alarm_IRQHandler
                0x000000000800240c                EXTI2_IRQHandler
                0x000000000800240c                TIM8_CC_IRQHandler
                0x000000000800240c                UART8_IRQHandler
                0x000000000800240c                FMPI2C1_EV_IRQHandler
                0x000000000800240c                SPI4_IRQHandler
                0x000000000800240c                TIM1_CC_IRQHandler
                0x000000000800240c                DMA2_Stream5_IRQHandler
                0x000000000800240c                DMA1_Stream5_IRQHandler
                0x000000000800240c                CAN3_RX1_IRQHandler
                0x000000000800240c                PVD_IRQHandler
                0x000000000800240c                SDIO_IRQHandler
                0x000000000800240c                TAMP_STAMP_IRQHandler
                0x000000000800240c                CAN2_RX1_IRQHandler
                0x000000000800240c                EXTI3_IRQHandler
                0x000000000800240c                TIM8_TRG_COM_TIM14_IRQHandler
                0x000000000800240c                DFSDM1_FLT1_IRQHandler
                0x000000000800240c                TIM1_UP_TIM10_IRQHandler
                0x000000000800240c                TIM8_UP_TIM13_IRQHandler
                0x000000000800240c                I2C3_ER_IRQHandler
                0x000000000800240c                EXTI0_IRQHandler
                0x000000000800240c                I2C2_EV_IRQHandler
                0x000000000800240c                DMA1_Stream2_IRQHandler
                0x000000000800240c                FPU_IRQHandler
                0x000000000800240c                CAN3_SCE_IRQHandler
                0x000000000800240c                CAN2_SCE_IRQHandler
                0x000000000800240c                SPI1_IRQHandler
                0x000000000800240c                TIM6_DAC_IRQHandler
                0x000000000800240c                TIM1_BRK_TIM9_IRQHandler
                0x000000000800240c                CAN2_RX0_IRQHandler
                0x000000000800240c                DMA2_Stream3_IRQHandler
                0x000000000800240c                USART6_IRQHandler
                0x000000000800240c                CAN3_RX0_IRQHandler
                0x000000000800240c                USART3_IRQHandler
                0x000000000800240c                DFSDM2_FLT3_IRQHandler
                0x000000000800240c                CAN1_RX1_IRQHandler
                0x000000000800240c                UART5_IRQHandler
                0x000000000800240c                DMA2_Stream0_IRQHandler
                0x000000000800240c                TIM4_IRQHandler
                0x000000000800240c                QUADSPI_IRQHandler
                0x000000000800240c                I2C1_EV_IRQHandler
                0x000000000800240c                DMA1_Stream6_IRQHandler
                0x000000000800240c                DMA1_Stream1_IRQHandler
                0x000000000800240c                UART4_IRQHandler
                0x000000000800240c                TIM3_IRQHandler
                0x000000000800240c                RCC_IRQHandler
                0x000000000800240c                UART9_IRQHandler
                0x000000000800240c                TIM8_BRK_TIM12_IRQHandler
                0x000000000800240c                Default_Handler
                0x000000000800240c                EXTI15_10_IRQHandler
                0x000000000800240c                ADC_IRQHandler
                0x000000000800240c                DMA1_Stream7_IRQHandler
                0x000000000800240c                DFSDM2_FLT0_IRQHandler
                0x000000000800240c                SPI5_IRQHandler
                0x000000000800240c                TIM7_IRQHandler
                0x000000000800240c                CAN2_TX_IRQHandler
                0x000000000800240c                TIM5_IRQHandler
                0x000000000800240c                DMA2_Stream7_IRQHandler
                0x000000000800240c                I2C3_EV_IRQHandler
                0x000000000800240c                DFSDM2_FLT2_IRQHandler
                0x000000000800240c                EXTI9_5_IRQHandler
                0x000000000800240c                RTC_WKUP_IRQHandler
                0x000000000800240c                SPI2_IRQHandler
                0x000000000800240c                DMA1_Stream0_IRQHandler
                0x000000000800240c                CAN1_TX_IRQHandler
                0x000000000800240c                FMPI2C1_ER_IRQHandler
                0x000000000800240c                EXTI4_IRQHandler
                0x000000000800240c                DFSDM2_FLT1_IRQHandler
                0x000000000800240c                RNG_IRQHandler
                0x000000000800240c                FSMC_IRQHandler
                0x000000000800240c                WWDG_IRQHandler
                0x000000000800240c                CAN3_TX_IRQHandler
                0x000000000800240c                TIM2_IRQHandler
                0x000000000800240c                OTG_FS_WKUP_IRQHandler
                0x000000000800240c                TIM1_TRG_COM_TIM11_IRQHandler
                0x000000000800240c                EXTI1_IRQHandler
                0x000000000800240c                AES_IRQHandler
                0x000000000800240c                UART7_IRQHandler
                0x000000000800240c                USART2_IRQHandler
                0x000000000800240c                DFSDM1_FLT0_IRQHandler
                0x000000000800240c                I2C2_ER_IRQHandler
                0x000000000800240c                DMA2_Stream1_IRQHandler
                0x000000000800240c                CAN1_SCE_IRQHandler
                0x000000000800240c                FLASH_IRQHandler
                0x000000000800240c                DMA2_Stream4_IRQHandler
                0x000000000800240c                OTG_FS_IRQHandler
                0x000000000800240c                SPI3_IRQHandler
                0x000000000800240c                DMA1_Stream4_IRQHandler
                0x000000000800240c                I2C1_ER_IRQHandler
                0x000000000800240c                LPTIM1_IRQHandler
                0x000000000800240c                DMA2_Stream6_IRQHandler
                0x000000000800240c                UART10_IRQHandler
                0x000000000800240c                SAI1_IRQHandler
                0x000000000800240c                DMA1_Stream3_IRQHandler
 *fill*         0x000000000800240e        0x2 
 .text.HAL_Init
                0x0000000008002410       0x44 Drivers/STM32F4xx_HAL_Driver/Src/stm32f4xx_hal.o
                0x0000000008002410                HAL_Init
 .text.HAL_DeInit
                0x0000000008002454       0x58 Drivers/STM32F4xx_HAL_Driver/Src/stm32f4xx_hal.o
                0x0000000008002454                HAL_DeInit
 .text.HAL_MspDeInit
                0x00000000080024ac        0xe Drivers/STM32F4xx_HAL_Driver/Src/stm32f4xx_hal.o
                0x00000000080024ac                HAL_MspDeInit
 *fill*         0x00000000080024ba        0x2 
 .text.HAL_InitTick
                0x00000000080024bc       0x60 Drivers/STM32F4xx_HAL_Driver/Src/stm32f4xx_hal.o
                0x00000000080024bc                HAL_InitTick
 .text.HAL_IncTick
                0x000000000800251c       0x28 Drivers/STM32F4xx_HAL_Driver/Src/stm32f4xx_hal.o
                0x000000000800251c                HAL_IncTick
 .text.HAL_GetTick
                0x0000000008002544       0x18 Drivers/STM32F4xx_HAL_Driver/Src/stm32f4xx_hal.o
                0x0000000008002544                HAL_GetTick
 .text.HAL_Delay
                0x000000000800255c       0x44 Drivers/STM32F4xx_HAL_Driver/Src/stm32f4xx_hal.o
                0x000000000800255c                HAL_Delay
 .text.HAL_CAN_Init
                0x00000000080025a0      0x1f6 Drivers/STM32F4xx_HAL_Driver/Src/stm32f4xx_hal_can.o
                0x00000000080025a0                HAL_CAN_Init
 *fill*         0x0000000008002796        0x2 
 .text.HAL_CAN_ConfigFilter
                0x0000000008002798      0x1d8 Drivers/STM32F4xx_HAL_Driver/Src/stm32f4xx_hal_can.o
                0x0000000008002798                HAL_CAN_ConfigFilter
 .text.HAL_CAN_Start
                0x0000000008002970       0x88 Drivers/STM32F4xx_HAL_Driver/Src/stm32f4xx_hal_can.o
                0x0000000008002970                HAL_CAN_Start
 .text.HAL_CAN_GetRxMessage
                0x00000000080029f8      0x224 Drivers/STM32F4xx_HAL_Driver/Src/stm32f4xx_hal_can.o
                0x00000000080029f8                HAL_CAN_GetRxMessage
 .text.HAL_CAN_ActivateNotification
                0x0000000008002c1c       0x4c Drivers/STM32F4xx_HAL_Driver/Src/stm32f4xx_hal_can.o
                0x0000000008002c1c                HAL_CAN_ActivateNotification
 .text.HAL_CAN_IRQHandler
                0x0000000008002c68      0x362 Drivers/STM32F4xx_HAL_Driver/Src/stm32f4xx_hal_can.o
                0x0000000008002c68                HAL_CAN_IRQHandler
 .text.HAL_CAN_TxMailbox0CompleteCallback
                0x0000000008002fca       0x14 Drivers/STM32F4xx_HAL_Driver/Src/stm32f4xx_hal_can.o
                0x0000000008002fca                HAL_CAN_TxMailbox0CompleteCallback
 .text.HAL_CAN_TxMailbox1CompleteCallback
                0x0000000008002fde       0x14 Drivers/STM32F4xx_HAL_Driver/Src/stm32f4xx_hal_can.o
                0x0000000008002fde                HAL_CAN_TxMailbox1CompleteCallback
 .text.HAL_CAN_TxMailbox2CompleteCallback
                0x0000000008002ff2       0x14 Drivers/STM32F4xx_HAL_Driver/Src/stm32f4xx_hal_can.o
                0x0000000008002ff2                HAL_CAN_TxMailbox2CompleteCallback
 .text.HAL_CAN_TxMailbox0AbortCallback
                0x0000000008003006       0x14 Drivers/STM32F4xx_HAL_Driver/Src/stm32f4xx_hal_can.o
                0x0000000008003006                HAL_CAN_TxMailbox0AbortCallback
 .text.HAL_CAN_TxMailbox1AbortCallback
                0x000000000800301a       0x14 Drivers/STM32F4xx_HAL_Driver/Src/stm32f4xx_hal_can.o
                0x000000000800301a                HAL_CAN_TxMailbox1AbortCallback
 .text.HAL_CAN_TxMailbox2AbortCallback
                0x000000000800302e       0x14 Drivers/STM32F4xx_HAL_Driver/Src/stm32f4xx_hal_can.o
                0x000000000800302e                HAL_CAN_TxMailbox2AbortCallback
 .text.HAL_CAN_RxFifo0FullCallback
                0x0000000008003042       0x14 Drivers/STM32F4xx_HAL_Driver/Src/stm32f4xx_hal_can.o
                0x0000000008003042                HAL_CAN_RxFifo0FullCallback
 .text.HAL_CAN_RxFifo1MsgPendingCallback
                0x0000000008003056       0x14 Drivers/STM32F4xx_HAL_Driver/Src/stm32f4xx_hal_can.o
                0x0000000008003056                HAL_CAN_RxFifo1MsgPendingCallback
 .text.HAL_CAN_RxFifo1FullCallback
                0x000000000800306a       0x14 Drivers/STM32F4xx_HAL_Driver/Src/stm32f4xx_hal_can.o
                0x000000000800306a                HAL_CAN_RxFifo1FullCallback
 .text.HAL_CAN_SleepCallback
                0x000000000800307e       0x14 Drivers/STM32F4xx_HAL_Driver/Src/stm32f4xx_hal_can.o
                0x000000000800307e                HAL_CAN_SleepCallback
 .text.HAL_CAN_WakeUpFromRxMsgCallback
                0x0000000008003092       0x14 Drivers/STM32F4xx_HAL_Driver/Src/stm32f4xx_hal_can.o
                0x0000000008003092                HAL_CAN_WakeUpFromRxMsgCallback
 .text.HAL_CAN_ErrorCallback
                0x00000000080030a6       0x14 Drivers/STM32F4xx_HAL_Driver/Src/stm32f4xx_hal_can.o
                0x00000000080030a6                HAL_CAN_ErrorCallback
 *fill*         0x00000000080030ba        0x2 
 .text.__NVIC_SetPriorityGrouping
                0x00000000080030bc       0x48 Drivers/STM32F4xx_HAL_Driver/Src/stm32f4xx_hal_cortex.o
 .text.__NVIC_GetPriorityGrouping
                0x0000000008003104       0x1c Drivers/STM32F4xx_HAL_Driver/Src/stm32f4xx_hal_cortex.o
 .text.__NVIC_EnableIRQ
                0x0000000008003120       0x3c Drivers/STM32F4xx_HAL_Driver/Src/stm32f4xx_hal_cortex.o
 .text.__NVIC_DisableIRQ
                0x000000000800315c       0x44 Drivers/STM32F4xx_HAL_Driver/Src/stm32f4xx_hal_cortex.o
 .text.__NVIC_SetPriority
                0x00000000080031a0       0x54 Drivers/STM32F4xx_HAL_Driver/Src/stm32f4xx_hal_cortex.o
 .text.NVIC_EncodePriority
                0x00000000080031f4       0x66 Drivers/STM32F4xx_HAL_Driver/Src/stm32f4xx_hal_cortex.o
 *fill*         0x000000000800325a        0x2 
 .text.__NVIC_SystemReset
                0x000000000800325c       0x28 Drivers/STM32F4xx_HAL_Driver/Src/stm32f4xx_hal_cortex.o
 .text.SysTick_Config
                0x0000000008003284       0x44 Drivers/STM32F4xx_HAL_Driver/Src/stm32f4xx_hal_cortex.o
 .text.HAL_NVIC_SetPriorityGrouping
                0x00000000080032c8       0x16 Drivers/STM32F4xx_HAL_Driver/Src/stm32f4xx_hal_cortex.o
                0x00000000080032c8                HAL_NVIC_SetPriorityGrouping
 .text.HAL_NVIC_SetPriority
                0x00000000080032de       0x38 Drivers/STM32F4xx_HAL_Driver/Src/stm32f4xx_hal_cortex.o
                0x00000000080032de                HAL_NVIC_SetPriority
 .text.HAL_NVIC_EnableIRQ
                0x0000000008003316       0x1c Drivers/STM32F4xx_HAL_Driver/Src/stm32f4xx_hal_cortex.o
                0x0000000008003316                HAL_NVIC_EnableIRQ
 .text.HAL_NVIC_DisableIRQ
                0x0000000008003332       0x1c Drivers/STM32F4xx_HAL_Driver/Src/stm32f4xx_hal_cortex.o
                0x0000000008003332                HAL_NVIC_DisableIRQ
 .text.HAL_NVIC_SystemReset
                0x000000000800334e        0x8 Drivers/STM32F4xx_HAL_Driver/Src/stm32f4xx_hal_cortex.o
                0x000000000800334e                HAL_NVIC_SystemReset
 .text.HAL_SYSTICK_Config
                0x0000000008003356       0x18 Drivers/STM32F4xx_HAL_Driver/Src/stm32f4xx_hal_cortex.o
                0x0000000008003356                HAL_SYSTICK_Config
 .text.HAL_CRC_Init
                0x000000000800336e       0x38 Drivers/STM32F4xx_HAL_Driver/Src/stm32f4xx_hal_crc.o
                0x000000000800336e                HAL_CRC_Init
 *fill*         0x00000000080033a6        0x2 
 .text.HAL_DMA_Init
                0x00000000080033a8      0x15c Drivers/STM32F4xx_HAL_Driver/Src/stm32f4xx_hal_dma.o
                0x00000000080033a8                HAL_DMA_Init
 .text.HAL_DMA_DeInit
                0x0000000008003504       0xbc Drivers/STM32F4xx_HAL_Driver/Src/stm32f4xx_hal_dma.o
                0x0000000008003504                HAL_DMA_DeInit
 .text.HAL_DMA_Start_IT
                0x00000000080035c0       0xb0 Drivers/STM32F4xx_HAL_Driver/Src/stm32f4xx_hal_dma.o
                0x00000000080035c0                HAL_DMA_Start_IT
 .text.HAL_DMA_Abort_IT
                0x0000000008003670       0x44 Drivers/STM32F4xx_HAL_Driver/Src/stm32f4xx_hal_dma.o
                0x0000000008003670                HAL_DMA_Abort_IT
 .text.HAL_DMA_IRQHandler
                0x00000000080036b4      0x314 Drivers/STM32F4xx_HAL_Driver/Src/stm32f4xx_hal_dma.o
                0x00000000080036b4                HAL_DMA_IRQHandler
 .text.DMA_SetConfig
                0x00000000080039c8       0x5c Drivers/STM32F4xx_HAL_Driver/Src/stm32f4xx_hal_dma.o
 .text.DMA_CalcBaseAndBitshift
                0x0000000008003a24       0x6c Drivers/STM32F4xx_HAL_Driver/Src/stm32f4xx_hal_dma.o
 .text.DMA_CheckFifoParam
                0x0000000008003a90       0xf4 Drivers/STM32F4xx_HAL_Driver/Src/stm32f4xx_hal_dma.o
 .text.HAL_FLASH_Program
                0x0000000008003b84       0xa8 Drivers/STM32F4xx_HAL_Driver/Src/stm32f4xx_hal_flash.o
                0x0000000008003b84                HAL_FLASH_Program
 .text.HAL_FLASH_Unlock
                0x0000000008003c2c       0x44 Drivers/STM32F4xx_HAL_Driver/Src/stm32f4xx_hal_flash.o
                0x0000000008003c2c                HAL_FLASH_Unlock
 .text.HAL_FLASH_Lock
                0x0000000008003c70       0x20 Drivers/STM32F4xx_HAL_Driver/Src/stm32f4xx_hal_flash.o
                0x0000000008003c70                HAL_FLASH_Lock
 .text.HAL_FLASH_GetError
                0x0000000008003c90       0x18 Drivers/STM32F4xx_HAL_Driver/Src/stm32f4xx_hal_flash.o
                0x0000000008003c90                HAL_FLASH_GetError
 .text.FLASH_WaitForLastOperation
                0x0000000008003ca8       0x80 Drivers/STM32F4xx_HAL_Driver/Src/stm32f4xx_hal_flash.o
                0x0000000008003ca8                FLASH_WaitForLastOperation
 .text.FLASH_Program_DoubleWord
                0x0000000008003d28       0x60 Drivers/STM32F4xx_HAL_Driver/Src/stm32f4xx_hal_flash.o
 .text.FLASH_Program_Word
                0x0000000008003d88       0x44 Drivers/STM32F4xx_HAL_Driver/Src/stm32f4xx_hal_flash.o
 .text.FLASH_Program_HalfWord
                0x0000000008003dcc       0x48 Drivers/STM32F4xx_HAL_Driver/Src/stm32f4xx_hal_flash.o
 .text.FLASH_Program_Byte
                0x0000000008003e14       0x44 Drivers/STM32F4xx_HAL_Driver/Src/stm32f4xx_hal_flash.o
 .text.FLASH_SetErrorCode
                0x0000000008003e58       0xcc Drivers/STM32F4xx_HAL_Driver/Src/stm32f4xx_hal_flash.o
 .text.HAL_FLASHEx_Erase
                0x0000000008003f24       0xe0 Drivers/STM32F4xx_HAL_Driver/Src/stm32f4xx_hal_flash_ex.o
                0x0000000008003f24                HAL_FLASHEx_Erase
 .text.FLASH_MassErase
                0x0000000008004004       0x48 Drivers/STM32F4xx_HAL_Driver/Src/stm32f4xx_hal_flash_ex.o
 .text.FLASH_Erase_Sector
                0x000000000800404c       0x90 Drivers/STM32F4xx_HAL_Driver/Src/stm32f4xx_hal_flash_ex.o
                0x000000000800404c                FLASH_Erase_Sector
 .text.FLASH_FlushCaches
                0x00000000080040dc       0x8c Drivers/STM32F4xx_HAL_Driver/Src/stm32f4xx_hal_flash_ex.o
                0x00000000080040dc                FLASH_FlushCaches
 .text.HAL_GPIO_Init
                0x0000000008004168      0x324 Drivers/STM32F4xx_HAL_Driver/Src/stm32f4xx_hal_gpio.o
                0x0000000008004168                HAL_GPIO_Init
 .text.HAL_GPIO_DeInit
                0x000000000800448c      0x1e4 Drivers/STM32F4xx_HAL_Driver/Src/stm32f4xx_hal_gpio.o
                0x000000000800448c                HAL_GPIO_DeInit
 .text.HAL_GPIO_WritePin
                0x0000000008004670       0x32 Drivers/STM32F4xx_HAL_Driver/Src/stm32f4xx_hal_gpio.o
                0x0000000008004670                HAL_GPIO_WritePin
 .text.HAL_GPIO_TogglePin
                0x00000000080046a2       0x36 Drivers/STM32F4xx_HAL_Driver/Src/stm32f4xx_hal_gpio.o
                0x00000000080046a2                HAL_GPIO_TogglePin
 .text.HAL_I2C_Init
                0x00000000080046d8      0x270 Drivers/STM32F4xx_HAL_Driver/Src/stm32f4xx_hal_i2c.o
                0x00000000080046d8                HAL_I2C_Init
 .text.HAL_I2C_Mem_Write
                0x0000000008004948      0x1f4 Drivers/STM32F4xx_HAL_Driver/Src/stm32f4xx_hal_i2c.o
                0x0000000008004948                HAL_I2C_Mem_Write
 .text.HAL_I2C_Mem_Read
                0x0000000008004b3c      0x44c Drivers/STM32F4xx_HAL_Driver/Src/stm32f4xx_hal_i2c.o
                0x0000000008004b3c                HAL_I2C_Mem_Read
 .text.HAL_I2C_IsDeviceReady
                0x0000000008004f88      0x25c Drivers/STM32F4xx_HAL_Driver/Src/stm32f4xx_hal_i2c.o
                0x0000000008004f88                HAL_I2C_IsDeviceReady
 .text.I2C_RequestMemoryWrite
                0x00000000080051e4      0x128 Drivers/STM32F4xx_HAL_Driver/Src/stm32f4xx_hal_i2c.o
 .text.I2C_RequestMemoryRead
                0x000000000800530c      0x1cc Drivers/STM32F4xx_HAL_Driver/Src/stm32f4xx_hal_i2c.o
 .text.I2C_WaitOnFlagUntilTimeout
                0x00000000080054d8       0xae Drivers/STM32F4xx_HAL_Driver/Src/stm32f4xx_hal_i2c.o
 .text.I2C_WaitOnMasterAddressFlagUntilTimeout
                0x0000000008005586       0xfe Drivers/STM32F4xx_HAL_Driver/Src/stm32f4xx_hal_i2c.o
 .text.I2C_WaitOnTXEFlagUntilTimeout
                0x0000000008005684       0x82 Drivers/STM32F4xx_HAL_Driver/Src/stm32f4xx_hal_i2c.o
 .text.I2C_WaitOnBTFFlagUntilTimeout
                0x0000000008005706       0x82 Drivers/STM32F4xx_HAL_Driver/Src/stm32f4xx_hal_i2c.o
 .text.I2C_WaitOnRXNEFlagUntilTimeout
                0x0000000008005788       0xac Drivers/STM32F4xx_HAL_Driver/Src/stm32f4xx_hal_i2c.o
 .text.I2C_IsAcknowledgeFailed
                0x0000000008005834       0x5e Drivers/STM32F4xx_HAL_Driver/Src/stm32f4xx_hal_i2c.o
 .text.HAL_I2CEx_ConfigAnalogFilter
                0x0000000008005892       0x78 Drivers/STM32F4xx_HAL_Driver/Src/stm32f4xx_hal_i2c_ex.o
                0x0000000008005892                HAL_I2CEx_ConfigAnalogFilter
 .text.HAL_I2CEx_ConfigDigitalFilter
                0x000000000800590a       0x7e Drivers/STM32F4xx_HAL_Driver/Src/stm32f4xx_hal_i2c_ex.o
                0x000000000800590a                HAL_I2CEx_ConfigDigitalFilter
 .text.HAL_RCC_ClockConfig
                0x0000000008005988      0x1cc Drivers/STM32F4xx_HAL_Driver/Src/stm32f4xx_hal_rcc.o
                0x0000000008005988                HAL_RCC_ClockConfig
 .text.HAL_RCC_GetSysClockFreq
                0x0000000008005b54      0x1b0 Drivers/STM32F4xx_HAL_Driver/Src/stm32f4xx_hal_rcc.o
                0x0000000008005b54                HAL_RCC_GetSysClockFreq
 .text.HAL_RCC_GetHCLKFreq
                0x0000000008005d04       0x18 Drivers/STM32F4xx_HAL_Driver/Src/stm32f4xx_hal_rcc.o
                0x0000000008005d04                HAL_RCC_GetHCLKFreq
 .text.HAL_RCC_GetPCLK1Freq
                0x0000000008005d1c       0x28 Drivers/STM32F4xx_HAL_Driver/Src/stm32f4xx_hal_rcc.o
                0x0000000008005d1c                HAL_RCC_GetPCLK1Freq
 .text.HAL_RCC_GetPCLK2Freq
                0x0000000008005d44       0x28 Drivers/STM32F4xx_HAL_Driver/Src/stm32f4xx_hal_rcc.o
                0x0000000008005d44                HAL_RCC_GetPCLK2Freq
 .text.HAL_RCC_DeInit
                0x0000000008005d6c      0x198 Drivers/STM32F4xx_HAL_Driver/Src/stm32f4xx_hal_rcc_ex.o
                0x0000000008005d6c                HAL_RCC_DeInit
 .text.HAL_RCC_OscConfig
                0x0000000008005f04      0x484 Drivers/STM32F4xx_HAL_Driver/Src/stm32f4xx_hal_rcc_ex.o
                0x0000000008005f04                HAL_RCC_OscConfig
 .text.HAL_UART_Init
                0x0000000008006388       0x9a Drivers/STM32F4xx_HAL_Driver/Src/stm32f4xx_hal_uart.o
                0x0000000008006388                HAL_UART_Init
 .text.HAL_UART_Transmit
                0x0000000008006422      0x132 Drivers/STM32F4xx_HAL_Driver/Src/stm32f4xx_hal_uart.o
                0x0000000008006422                HAL_UART_Transmit
 .text.HAL_UART_Receive_DMA
                0x0000000008006554      0x100 Drivers/STM32F4xx_HAL_Driver/Src/stm32f4xx_hal_uart.o
                0x0000000008006554                HAL_UART_Receive_DMA
 .text.HAL_UART_IRQHandler
                0x0000000008006654      0x200 Drivers/STM32F4xx_HAL_Driver/Src/stm32f4xx_hal_uart.o
                0x0000000008006654                HAL_UART_IRQHandler
 .text.HAL_UART_TxCpltCallback
                0x0000000008006854       0x14 Drivers/STM32F4xx_HAL_Driver/Src/stm32f4xx_hal_uart.o
                0x0000000008006854                HAL_UART_TxCpltCallback
 .text.HAL_UART_RxCpltCallback
                0x0000000008006868       0x14 Drivers/STM32F4xx_HAL_Driver/Src/stm32f4xx_hal_uart.o
                0x0000000008006868                HAL_UART_RxCpltCallback
 .text.HAL_UART_RxHalfCpltCallback
                0x000000000800687c       0x14 Drivers/STM32F4xx_HAL_Driver/Src/stm32f4xx_hal_uart.o
                0x000000000800687c                HAL_UART_RxHalfCpltCallback
 .text.HAL_UART_ErrorCallback
                0x0000000008006890       0x14 Drivers/STM32F4xx_HAL_Driver/Src/stm32f4xx_hal_uart.o
                0x0000000008006890                HAL_UART_ErrorCallback
 .text.UART_DMAReceiveCplt
                0x00000000080068a4       0x68 Drivers/STM32F4xx_HAL_Driver/Src/stm32f4xx_hal_uart.o
 .text.UART_DMARxHalfCplt
                0x000000000800690c       0x1c Drivers/STM32F4xx_HAL_Driver/Src/stm32f4xx_hal_uart.o
 .text.UART_DMAError
                0x0000000008006928       0x94 Drivers/STM32F4xx_HAL_Driver/Src/stm32f4xx_hal_uart.o
 .text.UART_WaitOnFlagUntilTimeout
                0x00000000080069bc       0x94 Drivers/STM32F4xx_HAL_Driver/Src/stm32f4xx_hal_uart.o
 .text.UART_EndTxTransfer
                0x0000000008006a50       0x2c Drivers/STM32F4xx_HAL_Driver/Src/stm32f4xx_hal_uart.o
 .text.UART_EndRxTransfer
                0x0000000008006a7c       0x3c Drivers/STM32F4xx_HAL_Driver/Src/stm32f4xx_hal_uart.o
 .text.UART_DMAAbortOnError
                0x0000000008006ab8       0x28 Drivers/STM32F4xx_HAL_Driver/Src/stm32f4xx_hal_uart.o
 .text.UART_Transmit_IT
                0x0000000008006ae0       0xac Drivers/STM32F4xx_HAL_Driver/Src/stm32f4xx_hal_uart.o
 .text.UART_EndTransmit_IT
                0x0000000008006b8c       0x30 Drivers/STM32F4xx_HAL_Driver/Src/stm32f4xx_hal_uart.o
 .text.UART_Receive_IT
                0x0000000008006bbc      0x102 Drivers/STM32F4xx_HAL_Driver/Src/stm32f4xx_hal_uart.o
 *fill*         0x0000000008006cbe        0x2 
 .text.UART_SetConfig
                0x0000000008006cc0      0x730 Drivers/STM32F4xx_HAL_Driver/Src/stm32f4xx_hal_uart.o
 .text.SIMCOM_USART_IrqHandler
                0x00000000080073f0       0x3c Shared/Src/DMA/_dma_simcom.o
                0x00000000080073f0                SIMCOM_USART_IrqHandler
 .text.SIMCOM_DMA_IrqHandler
                0x000000000800742c     0x11e8 Shared/Src/DMA/_dma_simcom.o
                0x000000000800742c                SIMCOM_DMA_IrqHandler
 .text.SIMCOM_DMA_Init
                0x0000000008008614       0x50 Shared/Src/DMA/_dma_simcom.o
                0x0000000008008614                SIMCOM_DMA_Init
 .text.SIMCOM_Check_Buffer
                0x0000000008008664       0x8c Shared/Src/DMA/_dma_simcom.o
 .text.SIMCOM_Fill_Buffer
                0x00000000080086f0       0x38 Shared/Src/DMA/_dma_simcom.o
 .text.SIMCOM_Reset_Buffer
                0x0000000008008728       0x24 Shared/Src/DMA/_dma_simcom.o
                0x0000000008008728                SIMCOM_Reset_Buffer
 .text.SIMCOM_Transmit
                0x000000000800874c       0x38 Shared/Src/DMA/_dma_simcom.o
                0x000000000800874c                SIMCOM_Transmit
 .text.AT_CommandEchoMode
                0x0000000008008784       0x48 Shared/Src/Drivers/_at.o
                0x0000000008008784                AT_CommandEchoMode
 *fill*         0x00000000080087cc        0x4 
 .text.AT_SignalQualityReport
                0x00000000080087d0      0x15c Shared/Src/Drivers/_at.o
                0x00000000080087d0                AT_SignalQualityReport
 .text.AT_RadioAccessTechnology
                0x000000000800892c      0x12c Shared/Src/Drivers/_at.o
                0x000000000800892c                AT_RadioAccessTechnology
 .text.AT_NetworkAttachedStatus
                0x0000000008008a58      0x158 Shared/Src/Drivers/_at.o
                0x0000000008008a58                AT_NetworkAttachedStatus
 .text.AT_NetworkRegistration
                0x0000000008008bb0      0x120 Shared/Src/Drivers/_at.o
                0x0000000008008bb0                AT_NetworkRegistration
 .text.AT_ConfigureSlowClock
                0x0000000008008cd0       0x28 Shared/Src/Drivers/_at.o
                0x0000000008008cd0                AT_ConfigureSlowClock
 .text.AT_ReportMobileEquipmentError
                0x0000000008008cf8       0x28 Shared/Src/Drivers/_at.o
                0x0000000008008cf8                AT_ReportMobileEquipmentError
 .text.AT_FixedLocalRate
                0x0000000008008d20       0x28 Shared/Src/Drivers/_at.o
                0x0000000008008d20                AT_FixedLocalRate
 .text.AT_FtpInitialize
                0x0000000008008d48       0xe4 Shared/Src/Drivers/_at.o
                0x0000000008008d48                AT_FtpInitialize
 .text.AT_FtpFileSize
                0x0000000008008e2c       0xbc Shared/Src/Drivers/_at.o
                0x0000000008008e2c                AT_FtpFileSize
 .text.AT_FtpDownload
                0x0000000008008ee8      0x15c Shared/Src/Drivers/_at.o
                0x0000000008008ee8                AT_FtpDownload
 .text.AT_FtpCurrentState
                0x0000000008009044       0x24 Shared/Src/Drivers/_at.o
                0x0000000008009044                AT_FtpCurrentState
 .text.AT_BearerSettings
                0x0000000008009068      0x2a4 Shared/Src/Drivers/_at.o
                0x0000000008009068                AT_BearerSettings
 .text.AT_SingleString
                0x000000000800930c      0x13c Shared/Src/Drivers/_at.o
 .text.AT_FindInBuffer
                0x0000000008009448       0x46 Shared/Src/Drivers/_at.o
 *fill*         0x000000000800948e        0x2 
 .text.AT_SingleInteger
                0x0000000008009490       0xe0 Shared/Src/Drivers/_at.o
 .text.AT_CmdWrite
                0x0000000008009570       0x3c Shared/Src/Drivers/_at.o
 .text.AT_CmdRead
                0x00000000080095ac       0x70 Shared/Src/Drivers/_at.o
 .text.AT_ParseText
                0x000000000800961c       0x94 Shared/Src/Drivers/_at.o
 .text.AT_ParseNumber
                0x00000000080096b0       0x88 Shared/Src/Drivers/_at.o
 .text.CANBUS_Init
                0x0000000008009738       0x3c Shared/Src/Drivers/_canbus.o
                0x0000000008009738                CANBUS_Init
 .text.CANBUS_Filter
                0x0000000008009774       0x4c Shared/Src/Drivers/_canbus.o
                0x0000000008009774                CANBUS_Filter
 .text.CANBUS_Read
                0x00000000080097c0       0x34 Shared/Src/Drivers/_canbus.o
                0x00000000080097c0                CANBUS_Read
 .text.HAL_CAN_RxFifo0MsgPendingCallback
                0x00000000080097f4       0x1c Shared/Src/Drivers/_canbus.o
                0x00000000080097f4                HAL_CAN_RxFifo0MsgPendingCallback
 .text.CRC_Calculate8
                0x0000000008009810       0xd8 Shared/Src/Drivers/_crc.o
                0x0000000008009810                CRC_Calculate8
 .text.lock     0x00000000080098e8        0xe Shared/Src/Drivers/_crc.o
 .text.unlock   0x00000000080098f6        0xe Shared/Src/Drivers/_crc.o
 .text.EEPROM24XX_SetDevice
                0x0000000008009904       0x24 Shared/Src/Drivers/_ee24xx.o
                0x0000000008009904                EEPROM24XX_SetDevice
 .text.EEPROM24XX_IsConnected
                0x0000000008009928       0x2c Shared/Src/Drivers/_ee24xx.o
                0x0000000008009928                EEPROM24XX_IsConnected
 .text.EEPROM24XX_Save
                0x0000000008009954       0x58 Shared/Src/Drivers/_ee24xx.o
                0x0000000008009954                EEPROM24XX_Save
 .text.EEPROM24XX_Load
                0x00000000080099ac       0x48 Shared/Src/Drivers/_ee24xx.o
                0x00000000080099ac                EEPROM24XX_Load
 .text.LOG_Char
                0x00000000080099f4       0x40 Shared/Src/Drivers/_log.o
                0x00000000080099f4                LOG_Char
 .text.LOG_Enter
                0x0000000008009a34       0x16 Shared/Src/Drivers/_log.o
                0x0000000008009a34                LOG_Enter
 *fill*         0x0000000008009a4a        0x2 
 .text.LOG_Int  0x0000000008009a4c       0x9c Shared/Src/Drivers/_log.o
                0x0000000008009a4c                LOG_Int
 .text.LOG_Hex32
                0x0000000008009ae8       0x54 Shared/Src/Drivers/_log.o
                0x0000000008009ae8                LOG_Hex32
 .text.LOG_Str  0x0000000008009b3c       0x30 Shared/Src/Drivers/_log.o
                0x0000000008009b3c                LOG_Str
 .text.LOG_StrLn
                0x0000000008009b6c       0x36 Shared/Src/Drivers/_log.o
                0x0000000008009b6c                LOG_StrLn
 .text.LOG_Buf  0x0000000008009ba2       0x3e Shared/Src/Drivers/_log.o
                0x0000000008009ba2                LOG_Buf
 .text.LOG_BufHex
                0x0000000008009be0       0x60 Shared/Src/Drivers/_log.o
                0x0000000008009be0                LOG_BufHex
 .text.lock     0x0000000008009c40        0xe Shared/Src/Drivers/_log.o
 .text.unlock   0x0000000008009c4e        0xe Shared/Src/Drivers/_log.o
 .text.EEPROM_Init
                0x0000000008009c5c       0xac Shared/Src/Libs/_eeprom.o
                0x0000000008009c5c                EEPROM_Init
 .text.EEPROM_FlagDFU
                0x0000000008009d08       0x2c Shared/Src/Libs/_eeprom.o
                0x0000000008009d08                EEPROM_FlagDFU
 .text.EE_Command
                0x0000000008009d34       0x6e Shared/Src/Libs/_eeprom.o
 .text.lock     0x0000000008009da2        0xe Shared/Src/Libs/_eeprom.o
 .text.unlock   0x0000000008009db0        0xe Shared/Src/Libs/_eeprom.o
 .text.Simcom_Lock
                0x0000000008009dbe        0xe Shared/Src/Libs/_simcom.o
                0x0000000008009dbe                Simcom_Lock
 .text.Simcom_Unlock
                0x0000000008009dcc        0xe Shared/Src/Libs/_simcom.o
                0x0000000008009dcc                Simcom_Unlock
 *fill*         0x0000000008009dda        0x2 
 .text.Simcom_Response
                0x0000000008009ddc       0x20 Shared/Src/Libs/_simcom.o
                0x0000000008009ddc                Simcom_Response
 .text.Simcom_SetState
                0x0000000008009dfc      0x404 Shared/Src/Libs/_simcom.o
                0x0000000008009dfc                Simcom_SetState
 .text.Simcom_FOTA
                0x000000000800a200      0x110 Shared/Src/Libs/_simcom.o
                0x000000000800a200                Simcom_FOTA
 .text.Simcom_Command
                0x000000000800a310       0xd8 Shared/Src/Libs/_simcom.o
                0x000000000800a310                Simcom_Command
 .text.Simcom_IdleJob
                0x000000000800a3e8       0x60 Shared/Src/Libs/_simcom.o
                0x000000000800a3e8                Simcom_IdleJob
 .text.Simcom_Ready
                0x000000000800a448       0x70 Shared/Src/Libs/_simcom.o
 .text.Simcom_Power
                0x000000000800a4b8       0x64 Shared/Src/Libs/_simcom.o
 .text.Simcom_Sleep
                0x000000000800a51c       0x2c Shared/Src/Libs/_simcom.o
 .text.Simcom_Execute
                0x000000000800a548      0x124 Shared/Src/Libs/_simcom.o
 .text.Simcom_BeforeTransmitHook
                0x000000000800a66c        0xe Shared/Src/Libs/_simcom.o
 .text._DelayMS
                0x000000000800a67a       0x16 Shared/Src/Libs/_utils.o
                0x000000000800a67a                _DelayMS
 .text._GetTickMS
                0x000000000800a690        0xe Shared/Src/Libs/_utils.o
                0x000000000800a690                _GetTickMS
 *fill*         0x000000000800a69e        0x2 
 .text._LedWrite
                0x000000000800a6a0       0x24 Shared/Src/Libs/_utils.o
                0x000000000800a6a0                _LedWrite
 .text._LedToggle
                0x000000000800a6c4       0x18 Shared/Src/Libs/_utils.o
                0x000000000800a6c4                _LedToggle
 .text._Error   0x000000000800a6dc       0x1a Shared/Src/Libs/_utils.o
                0x000000000800a6dc                _Error
 .text._ByteSwap32
                0x000000000800a6f6       0x44 Shared/Src/Libs/_utils.o
                0x000000000800a6f6                _ByteSwap32
 *fill*         0x000000000800a73a        0x2 
 .text.__errno  0x000000000800a73c        0xc /opt/st/stm32cubeide_1.3.0_2/plugins/com.st.stm32cube.ide.mcu.externaltools.gnu-tools-for-stm32.7-2018-q2-update.linux64_1.0.0.201904181610/tools/bin/../lib/gcc/arm-none-eabi/7.3.1/../../../../arm-none-eabi/lib/thumb/v7e-m/fpv4-sp/hard/libc_nano.a(lib_a-errno.o)
                0x000000000800a73c                __errno
 .text.__libc_init_array
                0x000000000800a748       0x48 /opt/st/stm32cubeide_1.3.0_2/plugins/com.st.stm32cube.ide.mcu.externaltools.gnu-tools-for-stm32.7-2018-q2-update.linux64_1.0.0.201904181610/tools/bin/../lib/gcc/arm-none-eabi/7.3.1/../../../../arm-none-eabi/lib/thumb/v7e-m/fpv4-sp/hard/libc_nano.a(lib_a-init.o)
                0x000000000800a748                __libc_init_array
 .text.memcmp   0x000000000800a790       0x1e /opt/st/stm32cubeide_1.3.0_2/plugins/com.st.stm32cube.ide.mcu.externaltools.gnu-tools-for-stm32.7-2018-q2-update.linux64_1.0.0.201904181610/tools/bin/../lib/gcc/arm-none-eabi/7.3.1/../../../../arm-none-eabi/lib/thumb/v7e-m/fpv4-sp/hard/libc_nano.a(lib_a-memcmp.o)
                0x000000000800a790                memcmp
 .text.memcpy   0x000000000800a7ae       0x16 /opt/st/stm32cubeide_1.3.0_2/plugins/com.st.stm32cube.ide.mcu.externaltools.gnu-tools-for-stm32.7-2018-q2-update.linux64_1.0.0.201904181610/tools/bin/../lib/gcc/arm-none-eabi/7.3.1/../../../../arm-none-eabi/lib/thumb/v7e-m/fpv4-sp/hard/libc_nano.a(lib_a-memcpy-stub.o)
                0x000000000800a7ae                memcpy
 .text.memset   0x000000000800a7c4       0x10 /opt/st/stm32cubeide_1.3.0_2/plugins/com.st.stm32cube.ide.mcu.externaltools.gnu-tools-for-stm32.7-2018-q2-update.linux64_1.0.0.201904181610/tools/bin/../lib/gcc/arm-none-eabi/7.3.1/../../../../arm-none-eabi/lib/thumb/v7e-m/fpv4-sp/hard/libc_nano.a(lib_a-memset.o)
                0x000000000800a7c4                memset
 .text.sprintf  0x000000000800a7d4       0x40 /opt/st/stm32cubeide_1.3.0_2/plugins/com.st.stm32cube.ide.mcu.externaltools.gnu-tools-for-stm32.7-2018-q2-update.linux64_1.0.0.201904181610/tools/bin/../lib/gcc/arm-none-eabi/7.3.1/../../../../arm-none-eabi/lib/thumb/v7e-m/fpv4-sp/hard/libc_nano.a(lib_a-sprintf.o)
                0x000000000800a7d4                sprintf
                0x000000000800a7d4                siprintf
 .text.strncmp  0x000000000800a814       0x24 /opt/st/stm32cubeide_1.3.0_2/plugins/com.st.stm32cube.ide.mcu.externaltools.gnu-tools-for-stm32.7-2018-q2-update.linux64_1.0.0.201904181610/tools/bin/../lib/gcc/arm-none-eabi/7.3.1/../../../../arm-none-eabi/lib/thumb/v7e-m/fpv4-sp/hard/libc_nano.a(lib_a-strncmp.o)
                0x000000000800a814                strncmp
 .text.strstr   0x000000000800a838       0x34 /opt/st/stm32cubeide_1.3.0_2/plugins/com.st.stm32cube.ide.mcu.externaltools.gnu-tools-for-stm32.7-2018-q2-update.linux64_1.0.0.201904181610/tools/bin/../lib/gcc/arm-none-eabi/7.3.1/../../../../arm-none-eabi/lib/thumb/v7e-m/fpv4-sp/hard/libc_nano.a(lib_a-strstr.o)
                0x000000000800a838                strstr
 .text._strtoul_l.isra.0
                0x000000000800a86c       0xf4 /opt/st/stm32cubeide_1.3.0_2/plugins/com.st.stm32cube.ide.mcu.externaltools.gnu-tools-for-stm32.7-2018-q2-update.linux64_1.0.0.201904181610/tools/bin/../lib/gcc/arm-none-eabi/7.3.1/../../../../arm-none-eabi/lib/thumb/v7e-m/fpv4-sp/hard/libc_nano.a(lib_a-strtoul.o)
 .text.strtoul  0x000000000800a960       0x2c /opt/st/stm32cubeide_1.3.0_2/plugins/com.st.stm32cube.ide.mcu.externaltools.gnu-tools-for-stm32.7-2018-q2-update.linux64_1.0.0.201904181610/tools/bin/../lib/gcc/arm-none-eabi/7.3.1/../../../../arm-none-eabi/lib/thumb/v7e-m/fpv4-sp/hard/libc_nano.a(lib_a-strtoul.o)
                0x000000000800a960                strtoul
 .text.__locale_ctype_ptr_l
                0x000000000800a98c        0x6 /opt/st/stm32cubeide_1.3.0_2/plugins/com.st.stm32cube.ide.mcu.externaltools.gnu-tools-for-stm32.7-2018-q2-update.linux64_1.0.0.201904181610/tools/bin/../lib/gcc/arm-none-eabi/7.3.1/../../../../arm-none-eabi/lib/thumb/v7e-m/fpv4-sp/hard/libc_nano.a(lib_a-locale.o)
                0x000000000800a98c                __locale_ctype_ptr_l
 .text.__ascii_mbtowc
                0x000000000800a992       0x24 /opt/st/stm32cubeide_1.3.0_2/plugins/com.st.stm32cube.ide.mcu.externaltools.gnu-tools-for-stm32.7-2018-q2-update.linux64_1.0.0.201904181610/tools/bin/../lib/gcc/arm-none-eabi/7.3.1/../../../../arm-none-eabi/lib/thumb/v7e-m/fpv4-sp/hard/libc_nano.a(lib_a-mbtowc_r.o)
                0x000000000800a992                __ascii_mbtowc
 .text.__ssputs_r
                0x000000000800a9b6       0xb4 /opt/st/stm32cubeide_1.3.0_2/plugins/com.st.stm32cube.ide.mcu.externaltools.gnu-tools-for-stm32.7-2018-q2-update.linux64_1.0.0.201904181610/tools/bin/../lib/gcc/arm-none-eabi/7.3.1/../../../../arm-none-eabi/lib/thumb/v7e-m/fpv4-sp/hard/libc_nano.a(lib_a-nano-svfprintf.o)
                0x000000000800a9b6                __ssputs_r
 *fill*         0x000000000800aa6a        0x2 
 .text._svfprintf_r
                0x000000000800aa6c      0x1f0 /opt/st/stm32cubeide_1.3.0_2/plugins/com.st.stm32cube.ide.mcu.externaltools.gnu-tools-for-stm32.7-2018-q2-update.linux64_1.0.0.201904181610/tools/bin/../lib/gcc/arm-none-eabi/7.3.1/../../../../arm-none-eabi/lib/thumb/v7e-m/fpv4-sp/hard/libc_nano.a(lib_a-nano-svfprintf.o)
                0x000000000800aa6c                _svfprintf_r
                0x000000000800aa6c                _svfiprintf_r
 .text._printf_common
                0x000000000800ac5c       0xea /opt/st/stm32cubeide_1.3.0_2/plugins/com.st.stm32cube.ide.mcu.externaltools.gnu-tools-for-stm32.7-2018-q2-update.linux64_1.0.0.201904181610/tools/bin/../lib/gcc/arm-none-eabi/7.3.1/../../../../arm-none-eabi/lib/thumb/v7e-m/fpv4-sp/hard/libc_nano.a(lib_a-nano-vfprintf_i.o)
                0x000000000800ac5c                _printf_common
 *fill*         0x000000000800ad46        0x2 
 .text._printf_i
                0x000000000800ad48      0x224 /opt/st/stm32cubeide_1.3.0_2/plugins/com.st.stm32cube.ide.mcu.externaltools.gnu-tools-for-stm32.7-2018-q2-update.linux64_1.0.0.201904181610/tools/bin/../lib/gcc/arm-none-eabi/7.3.1/../../../../arm-none-eabi/lib/thumb/v7e-m/fpv4-sp/hard/libc_nano.a(lib_a-nano-vfprintf_i.o)
                0x000000000800ad48                _printf_i
 .text.__ascii_wctomb
                0x000000000800af6c       0x1a /opt/st/stm32cubeide_1.3.0_2/plugins/com.st.stm32cube.ide.mcu.externaltools.gnu-tools-for-stm32.7-2018-q2-update.linux64_1.0.0.201904181610/tools/bin/../lib/gcc/arm-none-eabi/7.3.1/../../../../arm-none-eabi/lib/thumb/v7e-m/fpv4-sp/hard/libc_nano.a(lib_a-wctomb_r.o)
                0x000000000800af6c                __ascii_wctomb
 .text.memmove  0x000000000800af86       0x32 /opt/st/stm32cubeide_1.3.0_2/plugins/com.st.stm32cube.ide.mcu.externaltools.gnu-tools-for-stm32.7-2018-q2-update.linux64_1.0.0.201904181610/tools/bin/../lib/gcc/arm-none-eabi/7.3.1/../../../../arm-none-eabi/lib/thumb/v7e-m/fpv4-sp/hard/libc_nano.a(lib_a-memmove.o)
                0x000000000800af86                memmove
 .text._free_r  0x000000000800afb8       0x9c /opt/st/stm32cubeide_1.3.0_2/plugins/com.st.stm32cube.ide.mcu.externaltools.gnu-tools-for-stm32.7-2018-q2-update.linux64_1.0.0.201904181610/tools/bin/../lib/gcc/arm-none-eabi/7.3.1/../../../../arm-none-eabi/lib/thumb/v7e-m/fpv4-sp/hard/libc_nano.a(lib_a-nano-freer.o)
                0x000000000800afb8                _free_r
 .text._malloc_r
                0x000000000800b054       0xb4 /opt/st/stm32cubeide_1.3.0_2/plugins/com.st.stm32cube.ide.mcu.externaltools.gnu-tools-for-stm32.7-2018-q2-update.linux64_1.0.0.201904181610/tools/bin/../lib/gcc/arm-none-eabi/7.3.1/../../../../arm-none-eabi/lib/thumb/v7e-m/fpv4-sp/hard/libc_nano.a(lib_a-nano-mallocr.o)
                0x000000000800b054                _malloc_r
 .text._realloc_r
                0x000000000800b108       0x4c /opt/st/stm32cubeide_1.3.0_2/plugins/com.st.stm32cube.ide.mcu.externaltools.gnu-tools-for-stm32.7-2018-q2-update.linux64_1.0.0.201904181610/tools/bin/../lib/gcc/arm-none-eabi/7.3.1/../../../../arm-none-eabi/lib/thumb/v7e-m/fpv4-sp/hard/libc_nano.a(lib_a-nano-reallocr.o)
                0x000000000800b108                _realloc_r
 .text._sbrk_r  0x000000000800b154       0x20 /opt/st/stm32cubeide_1.3.0_2/plugins/com.st.stm32cube.ide.mcu.externaltools.gnu-tools-for-stm32.7-2018-q2-update.linux64_1.0.0.201904181610/tools/bin/../lib/gcc/arm-none-eabi/7.3.1/../../../../arm-none-eabi/lib/thumb/v7e-m/fpv4-sp/hard/libc_nano.a(lib_a-sbrkr.o)
                0x000000000800b154                _sbrk_r
 .text.__malloc_lock
                0x000000000800b174        0x2 /opt/st/stm32cubeide_1.3.0_2/plugins/com.st.stm32cube.ide.mcu.externaltools.gnu-tools-for-stm32.7-2018-q2-update.linux64_1.0.0.201904181610/tools/bin/../lib/gcc/arm-none-eabi/7.3.1/../../../../arm-none-eabi/lib/thumb/v7e-m/fpv4-sp/hard/libc_nano.a(lib_a-mlock.o)
                0x000000000800b174                __malloc_lock
 .text.__malloc_unlock
                0x000000000800b176        0x2 /opt/st/stm32cubeide_1.3.0_2/plugins/com.st.stm32cube.ide.mcu.externaltools.gnu-tools-for-stm32.7-2018-q2-update.linux64_1.0.0.201904181610/tools/bin/../lib/gcc/arm-none-eabi/7.3.1/../../../../arm-none-eabi/lib/thumb/v7e-m/fpv4-sp/hard/libc_nano.a(lib_a-mlock.o)
                0x000000000800b176                __malloc_unlock
 .text._malloc_usable_size_r
                0x000000000800b178       0x10 /opt/st/stm32cubeide_1.3.0_2/plugins/com.st.stm32cube.ide.mcu.externaltools.gnu-tools-for-stm32.7-2018-q2-update.linux64_1.0.0.201904181610/tools/bin/../lib/gcc/arm-none-eabi/7.3.1/../../../../arm-none-eabi/lib/thumb/v7e-m/fpv4-sp/hard/libc_nano.a(lib_a-nano-msizer.o)
                0x000000000800b178                _malloc_usable_size_r
 *(.glue_7)
 .glue_7        0x000000000800b188        0x0 linker stubs
 *(.glue_7t)
 .glue_7t       0x000000000800b188        0x0 linker stubs
 *(.eh_frame)
 .eh_frame      0x000000000800b188        0x0 /opt/st/stm32cubeide_1.3.0_2/plugins/com.st.stm32cube.ide.mcu.externaltools.gnu-tools-for-stm32.7-2018-q2-update.linux64_1.0.0.201904181610/tools/bin/../lib/gcc/arm-none-eabi/7.3.1/thumb/v7e-m/fpv4-sp/hard/crtbegin.o
 *(.init)
 .init          0x000000000800b188        0x4 /opt/st/stm32cubeide_1.3.0_2/plugins/com.st.stm32cube.ide.mcu.externaltools.gnu-tools-for-stm32.7-2018-q2-update.linux64_1.0.0.201904181610/tools/bin/../lib/gcc/arm-none-eabi/7.3.1/thumb/v7e-m/fpv4-sp/hard/crti.o
                0x000000000800b188                _init
 .init          0x000000000800b18c        0x8 /opt/st/stm32cubeide_1.3.0_2/plugins/com.st.stm32cube.ide.mcu.externaltools.gnu-tools-for-stm32.7-2018-q2-update.linux64_1.0.0.201904181610/tools/bin/../lib/gcc/arm-none-eabi/7.3.1/thumb/v7e-m/fpv4-sp/hard/crtn.o
 *(.fini)
 .fini          0x000000000800b194        0x4 /opt/st/stm32cubeide_1.3.0_2/plugins/com.st.stm32cube.ide.mcu.externaltools.gnu-tools-for-stm32.7-2018-q2-update.linux64_1.0.0.201904181610/tools/bin/../lib/gcc/arm-none-eabi/7.3.1/thumb/v7e-m/fpv4-sp/hard/crti.o
                0x000000000800b194                _fini
 .fini          0x000000000800b198        0x8 /opt/st/stm32cubeide_1.3.0_2/plugins/com.st.stm32cube.ide.mcu.externaltools.gnu-tools-for-stm32.7-2018-q2-update.linux64_1.0.0.201904181610/tools/bin/../lib/gcc/arm-none-eabi/7.3.1/thumb/v7e-m/fpv4-sp/hard/crtn.o
                0x000000000800b1a0                . = ALIGN (0x4)
                0x000000000800b1a0                _etext = .

.vfp11_veneer   0x000000000800b1a0        0x0
 .vfp11_veneer  0x000000000800b1a0        0x0 linker stubs

.v4_bx          0x000000000800b1a0        0x0
 .v4_bx         0x000000000800b1a0        0x0 linker stubs

.iplt           0x000000000800b1a0        0x0
 .iplt          0x000000000800b1a0        0x0 /opt/st/stm32cubeide_1.3.0_2/plugins/com.st.stm32cube.ide.mcu.externaltools.gnu-tools-for-stm32.7-2018-q2-update.linux64_1.0.0.201904181610/tools/bin/../lib/gcc/arm-none-eabi/7.3.1/thumb/v7e-m/fpv4-sp/hard/crtbegin.o

.rodata         0x000000000800b1a0      0x840
                0x000000000800b1a0                . = ALIGN (0x4)
 *(.rodata)
 .rodata        0x000000000800b1a0       0x6b Core/Src/Drivers/_flasher.o
 *fill*         0x000000000800b20b        0x1 
 .rodata        0x000000000800b20c      0x140 Core/Src/Libs/_fota.o
 .rodata        0x000000000800b34c       0xb6 Core/Src/main.o
 *fill*         0x000000000800b402        0x2 
 .rodata        0x000000000800b404      0x2d0 Shared/Src/Drivers/_at.o
 .rodata        0x000000000800b6d4       0x11 Shared/Src/Drivers/_log.o
 *fill*         0x000000000800b6e5        0x3 
 .rodata        0x000000000800b6e8       0x32 Shared/Src/Libs/_eeprom.o
 *fill*         0x000000000800b71a        0x2 
 .rodata        0x000000000800b71c      0x163 Shared/Src/Libs/_simcom.o
 *(.rodata*)
 *fill*         0x000000000800b87f        0x1 
 .rodata.AHBPrescTable
                0x000000000800b880       0x10 Core/Src/system_stm32f4xx.o
                0x000000000800b880                AHBPrescTable
 .rodata.APBPrescTable
                0x000000000800b890        0x8 Core/Src/system_stm32f4xx.o
                0x000000000800b890                APBPrescTable
 .rodata.flagBitshiftOffset.8117
                0x000000000800b898        0x8 Drivers/STM32F4xx_HAL_Driver/Src/stm32f4xx_hal_dma.o
 .rodata._setlocale_r.str1.1
                0x000000000800b8a0        0x8 /opt/st/stm32cubeide_1.3.0_2/plugins/com.st.stm32cube.ide.mcu.externaltools.gnu-tools-for-stm32.7-2018-q2-update.linux64_1.0.0.201904181610/tools/bin/../lib/gcc/arm-none-eabi/7.3.1/../../../../arm-none-eabi/lib/thumb/v7e-m/fpv4-sp/hard/libc_nano.a(lib_a-locale.o)
                                          0x9 (size before relaxing)
 .rodata.str1.1
                0x000000000800b8a8        0x2 /opt/st/stm32cubeide_1.3.0_2/plugins/com.st.stm32cube.ide.mcu.externaltools.gnu-tools-for-stm32.7-2018-q2-update.linux64_1.0.0.201904181610/tools/bin/../lib/gcc/arm-none-eabi/7.3.1/../../../../arm-none-eabi/lib/thumb/v7e-m/fpv4-sp/hard/libc_nano.a(lib_a-locale.o)
 .rodata._svfprintf_r.str1.1
                0x000000000800b8aa       0x11 /opt/st/stm32cubeide_1.3.0_2/plugins/com.st.stm32cube.ide.mcu.externaltools.gnu-tools-for-stm32.7-2018-q2-update.linux64_1.0.0.201904181610/tools/bin/../lib/gcc/arm-none-eabi/7.3.1/../../../../arm-none-eabi/lib/thumb/v7e-m/fpv4-sp/hard/libc_nano.a(lib_a-nano-svfprintf.o)
 .rodata._printf_i.str1.1
                0x000000000800b8bb       0x22 /opt/st/stm32cubeide_1.3.0_2/plugins/com.st.stm32cube.ide.mcu.externaltools.gnu-tools-for-stm32.7-2018-q2-update.linux64_1.0.0.201904181610/tools/bin/../lib/gcc/arm-none-eabi/7.3.1/../../../../arm-none-eabi/lib/thumb/v7e-m/fpv4-sp/hard/libc_nano.a(lib_a-nano-vfprintf_i.o)
 .rodata._ctype_
                0x000000000800b8dd      0x101 /opt/st/stm32cubeide_1.3.0_2/plugins/com.st.stm32cube.ide.mcu.externaltools.gnu-tools-for-stm32.7-2018-q2-update.linux64_1.0.0.201904181610/tools/bin/../lib/gcc/arm-none-eabi/7.3.1/../../../../arm-none-eabi/lib/thumb/v7e-m/fpv4-sp/hard/libc_nano.a(lib_a-ctype_.o)
                0x000000000800b8dd                _ctype_
                0x000000000800b9e0                . = ALIGN (0x4)
 *fill*         0x000000000800b9de        0x2 

.ARM.extab      0x000000000800b9e0        0x0
                0x000000000800b9e0                . = ALIGN (0x4)
 *(.ARM.extab* .gnu.linkonce.armextab.*)
                0x000000000800b9e0                . = ALIGN (0x4)

.ARM            0x000000000800b9e0        0x8
                0x000000000800b9e0                . = ALIGN (0x4)
                0x000000000800b9e0                __exidx_start = .
 *(.ARM.exidx*)
 .ARM.exidx     0x000000000800b9e0        0x8 /opt/st/stm32cubeide_1.3.0_2/plugins/com.st.stm32cube.ide.mcu.externaltools.gnu-tools-for-stm32.7-2018-q2-update.linux64_1.0.0.201904181610/tools/bin/../lib/gcc/arm-none-eabi/7.3.1/thumb/v7e-m/fpv4-sp/hard/libgcc.a(_udivmoddi4.o)
                0x000000000800b9e8                __exidx_end = .
                0x000000000800b9e8                . = ALIGN (0x4)

.rel.dyn        0x000000000800b9e8        0x0
 .rel.iplt      0x000000000800b9e8        0x0 /opt/st/stm32cubeide_1.3.0_2/plugins/com.st.stm32cube.ide.mcu.externaltools.gnu-tools-for-stm32.7-2018-q2-update.linux64_1.0.0.201904181610/tools/bin/../lib/gcc/arm-none-eabi/7.3.1/thumb/v7e-m/fpv4-sp/hard/crtbegin.o

.preinit_array  0x000000000800b9e8        0x0
                0x000000000800b9e8                . = ALIGN (0x4)
                0x000000000800b9e8                PROVIDE (__preinit_array_start = .)
 *(.preinit_array*)
                0x000000000800b9e8                PROVIDE (__preinit_array_end = .)
                0x000000000800b9e8                . = ALIGN (0x4)

.init_array     0x000000000800b9e8        0x4
                0x000000000800b9e8                . = ALIGN (0x4)
                0x000000000800b9e8                PROVIDE (__init_array_start = .)
 *(SORT_BY_NAME(.init_array.*))
 *(.init_array*)
 .init_array    0x000000000800b9e8        0x4 /opt/st/stm32cubeide_1.3.0_2/plugins/com.st.stm32cube.ide.mcu.externaltools.gnu-tools-for-stm32.7-2018-q2-update.linux64_1.0.0.201904181610/tools/bin/../lib/gcc/arm-none-eabi/7.3.1/thumb/v7e-m/fpv4-sp/hard/crtbegin.o
                0x000000000800b9ec                PROVIDE (__init_array_end = .)
                0x000000000800b9ec                . = ALIGN (0x4)

.fini_array     0x000000000800b9ec        0x4
                0x000000000800b9ec                . = ALIGN (0x4)
                [!provide]                        PROVIDE (__fini_array_start = .)
 *(SORT_BY_NAME(.fini_array.*))
 *(.fini_array*)
 .fini_array    0x000000000800b9ec        0x4 /opt/st/stm32cubeide_1.3.0_2/plugins/com.st.stm32cube.ide.mcu.externaltools.gnu-tools-for-stm32.7-2018-q2-update.linux64_1.0.0.201904181610/tools/bin/../lib/gcc/arm-none-eabi/7.3.1/thumb/v7e-m/fpv4-sp/hard/crtbegin.o
                [!provide]                        PROVIDE (__fini_array_end = .)
                0x000000000800b9f0                . = ALIGN (0x4)
                0x000000000800b9f0                _sidata = LOADADDR (.data)

.data           0x0000000020000000      0x1fc load address 0x000000000800b9f0
                0x0000000020000000                . = ALIGN (0x4)
                0x0000000020000000                _sdata = .
 *(.data)
 *(.data*)
 .data.SystemCoreClock
                0x0000000020000000        0x4 Core/Src/system_stm32f4xx.o
                0x0000000020000000                SystemCoreClock
 .data.uwTickPrio
                0x0000000020000004        0x4 Drivers/STM32F4xx_HAL_Driver/Src/stm32f4xx_hal.o
                0x0000000020000004                uwTickPrio
 .data.uwTickFreq
                0x0000000020000008        0x1 Drivers/STM32F4xx_HAL_Driver/Src/stm32f4xx_hal.o
                0x0000000020000008                uwTickFreq
 *fill*         0x0000000020000009        0x1 
 .data.DevAddress
                0x000000002000000a        0x2 Shared/Src/Drivers/_ee24xx.o
 *fill*         0x000000002000000c        0x4 
 .data.SIM      0x0000000020000010       0x18 Shared/Src/Libs/_simcom.o
                0x0000000020000010                SIM
 .data.init.10499
                0x0000000020000028        0x1 Shared/Src/Libs/_simcom.o
 *fill*         0x0000000020000029        0x3 
 .data._impure_ptr
                0x000000002000002c        0x4 /opt/st/stm32cubeide_1.3.0_2/plugins/com.st.stm32cube.ide.mcu.externaltools.gnu-tools-for-stm32.7-2018-q2-update.linux64_1.0.0.201904181610/tools/bin/../lib/gcc/arm-none-eabi/7.3.1/../../../../arm-none-eabi/lib/thumb/v7e-m/fpv4-sp/hard/libc_nano.a(lib_a-impure.o)
                0x000000002000002c                _impure_ptr
 .data.impure_data
                0x0000000020000030       0x60 /opt/st/stm32cubeide_1.3.0_2/plugins/com.st.stm32cube.ide.mcu.externaltools.gnu-tools-for-stm32.7-2018-q2-update.linux64_1.0.0.201904181610/tools/bin/../lib/gcc/arm-none-eabi/7.3.1/../../../../arm-none-eabi/lib/thumb/v7e-m/fpv4-sp/hard/libc_nano.a(lib_a-impure.o)
 .data.__global_locale
                0x0000000020000090      0x16c /opt/st/stm32cubeide_1.3.0_2/plugins/com.st.stm32cube.ide.mcu.externaltools.gnu-tools-for-stm32.7-2018-q2-update.linux64_1.0.0.201904181610/tools/bin/../lib/gcc/arm-none-eabi/7.3.1/../../../../arm-none-eabi/lib/thumb/v7e-m/fpv4-sp/hard/libc_nano.a(lib_a-locale.o)
                0x0000000020000090                __global_locale
                0x00000000200001fc                . = ALIGN (0x4)
                0x00000000200001fc                _edata = .

.igot.plt       0x00000000200001fc        0x0 load address 0x000000000800bbec
 .igot.plt      0x00000000200001fc        0x0 /opt/st/stm32cubeide_1.3.0_2/plugins/com.st.stm32cube.ide.mcu.externaltools.gnu-tools-for-stm32.7-2018-q2-update.linux64_1.0.0.201904181610/tools/bin/../lib/gcc/arm-none-eabi/7.3.1/thumb/v7e-m/fpv4-sp/hard/crtbegin.o
                0x00000000200001fc                . = ALIGN (0x4)

.bss            0x0000000020000200      0x84c load address 0x000000000800bbec
                0x0000000020000200                _sbss = .
                0x0000000020000200                __bss_start__ = _sbss
 *(.bss)
 .bss           0x0000000020000200       0x1c /opt/st/stm32cubeide_1.3.0_2/plugins/com.st.stm32cube.ide.mcu.externaltools.gnu-tools-for-stm32.7-2018-q2-update.linux64_1.0.0.201904181610/tools/bin/../lib/gcc/arm-none-eabi/7.3.1/thumb/v7e-m/fpv4-sp/hard/crtbegin.o
 *(.bss*)
 .bss.heap_end.6424
                0x000000002000021c        0x4 Core/Src/sysmem.o
 .bss.SIMCOM_DMA_RX
                0x0000000020000220       0x80 Shared/Src/DMA/_dma_simcom.o
 .bss.simcom_write
                0x00000000200002a0        0x4 Shared/Src/DMA/_dma_simcom.o
 .bss.old_pos.10203
                0x00000000200002a4        0x4 Shared/Src/DMA/_dma_simcom.o
 .bss.DFU_FLAG  0x00000000200002a8        0x4 Shared/Src/Libs/_eeprom.o
                0x00000000200002a8                DFU_FLAG
 .bss.__malloc_free_list
                0x00000000200002ac        0x4 /opt/st/stm32cubeide_1.3.0_2/plugins/com.st.stm32cube.ide.mcu.externaltools.gnu-tools-for-stm32.7-2018-q2-update.linux64_1.0.0.201904181610/tools/bin/../lib/gcc/arm-none-eabi/7.3.1/../../../../arm-none-eabi/lib/thumb/v7e-m/fpv4-sp/hard/libc_nano.a(lib_a-nano-mallocr.o)
                0x00000000200002ac                __malloc_free_list
 .bss.__malloc_sbrk_start
                0x00000000200002b0        0x4 /opt/st/stm32cubeide_1.3.0_2/plugins/com.st.stm32cube.ide.mcu.externaltools.gnu-tools-for-stm32.7-2018-q2-update.linux64_1.0.0.201904181610/tools/bin/../lib/gcc/arm-none-eabi/7.3.1/../../../../arm-none-eabi/lib/thumb/v7e-m/fpv4-sp/hard/libc_nano.a(lib_a-nano-mallocr.o)
                0x00000000200002b0                __malloc_sbrk_start
 *(COMMON)
 COMMON         0x00000000200002b4      0x124 Core/Src/main.o
                0x00000000200002b4                hcrc
                0x00000000200002bc                hi2c2
                0x0000000020000310                hdma_usart1_rx
                0x0000000020000370                huart1
                0x00000000200003b0                hcan1
 COMMON         0x00000000200003d8        0x4 Drivers/STM32F4xx_HAL_Driver/Src/stm32f4xx_hal.o
                0x00000000200003d8                uwTick
 COMMON         0x00000000200003dc       0x20 Drivers/STM32F4xx_HAL_Driver/Src/stm32f4xx_hal_flash.o
                0x00000000200003dc                pFlash
 COMMON         0x00000000200003fc      0x600 Shared/Src/DMA/_dma_simcom.o
                0x00000000200003fc                SIMCOM_UART_RX
 *fill*         0x00000000200009fc        0x4 
 COMMON         0x0000000020000a00       0x48 Shared/Src/Drivers/_canbus.o
                0x0000000020000a00                CB
 COMMON         0x0000000020000a48        0x4 /opt/st/stm32cubeide_1.3.0_2/plugins/com.st.stm32cube.ide.mcu.externaltools.gnu-tools-for-stm32.7-2018-q2-update.linux64_1.0.0.201904181610/tools/bin/../lib/gcc/arm-none-eabi/7.3.1/../../../../arm-none-eabi/lib/thumb/v7e-m/fpv4-sp/hard/libc_nano.a(lib_a-reent.o)
                0x0000000020000a48                errno
                0x0000000020000a4c                . = ALIGN (0x4)
                0x0000000020000a4c                _ebss = .
                0x0000000020000a4c                __bss_end__ = _ebss

._user_heap_stack
                0x0000000020000a4c      0x604 load address 0x000000000800bbec
                0x0000000020000a50                . = ALIGN (0x8)
 *fill*         0x0000000020000a4c        0x4 
                0x0000000020000a50                PROVIDE (end = .)
                [!provide]                        PROVIDE (_end = .)
                0x0000000020000c50                . = (. + _Min_Heap_Size)
 *fill*         0x0000000020000a50      0x200 
                0x0000000020001050                . = (. + _Min_Stack_Size)
 *fill*         0x0000000020000c50      0x400 
                0x0000000020001050                . = ALIGN (0x8)

/DISCARD/
 libc.a(*)
 libm.a(*)
 libgcc.a(*)

.ARM.attributes
                0x0000000000000000       0x30
 *(.ARM.attributes)
 .ARM.attributes
                0x0000000000000000       0x22 /opt/st/stm32cubeide_1.3.0_2/plugins/com.st.stm32cube.ide.mcu.externaltools.gnu-tools-for-stm32.7-2018-q2-update.linux64_1.0.0.201904181610/tools/bin/../lib/gcc/arm-none-eabi/7.3.1/thumb/v7e-m/fpv4-sp/hard/crti.o
 .ARM.attributes
                0x0000000000000022       0x34 /opt/st/stm32cubeide_1.3.0_2/plugins/com.st.stm32cube.ide.mcu.externaltools.gnu-tools-for-stm32.7-2018-q2-update.linux64_1.0.0.201904181610/tools/bin/../lib/gcc/arm-none-eabi/7.3.1/thumb/v7e-m/fpv4-sp/hard/crtbegin.o
 .ARM.attributes
                0x0000000000000056       0x39 Core/Src/Drivers/_flasher.o
 .ARM.attributes
                0x000000000000008f       0x39 Core/Src/Libs/_fota.o
 .ARM.attributes
                0x00000000000000c8       0x39 Core/Src/main.o
 .ARM.attributes
                0x0000000000000101       0x39 Core/Src/stm32f4xx_hal_msp.o
 .ARM.attributes
                0x000000000000013a       0x39 Core/Src/stm32f4xx_it.o
 .ARM.attributes
                0x0000000000000173       0x39 Core/Src/sysmem.o
 .ARM.attributes
                0x00000000000001ac       0x39 Core/Src/system_stm32f4xx.o
 .ARM.attributes
                0x00000000000001e5       0x21 Core/Startup/startup_stm32f423vhtx.o
 .ARM.attributes
                0x0000000000000206       0x39 Drivers/STM32F4xx_HAL_Driver/Src/stm32f4xx_hal.o
 .ARM.attributes
                0x000000000000023f       0x39 Drivers/STM32F4xx_HAL_Driver/Src/stm32f4xx_hal_can.o
 .ARM.attributes
                0x0000000000000278       0x39 Drivers/STM32F4xx_HAL_Driver/Src/stm32f4xx_hal_cortex.o
 .ARM.attributes
                0x00000000000002b1       0x39 Drivers/STM32F4xx_HAL_Driver/Src/stm32f4xx_hal_crc.o
 .ARM.attributes
                0x00000000000002ea       0x39 Drivers/STM32F4xx_HAL_Driver/Src/stm32f4xx_hal_dma.o
 .ARM.attributes
                0x0000000000000323       0x39 Drivers/STM32F4xx_HAL_Driver/Src/stm32f4xx_hal_flash.o
 .ARM.attributes
                0x000000000000035c       0x39 Drivers/STM32F4xx_HAL_Driver/Src/stm32f4xx_hal_flash_ex.o
 .ARM.attributes
                0x0000000000000395       0x39 Drivers/STM32F4xx_HAL_Driver/Src/stm32f4xx_hal_gpio.o
 .ARM.attributes
                0x00000000000003ce       0x39 Drivers/STM32F4xx_HAL_Driver/Src/stm32f4xx_hal_i2c.o
 .ARM.attributes
                0x0000000000000407       0x39 Drivers/STM32F4xx_HAL_Driver/Src/stm32f4xx_hal_i2c_ex.o
 .ARM.attributes
                0x0000000000000440       0x39 Drivers/STM32F4xx_HAL_Driver/Src/stm32f4xx_hal_rcc.o
 .ARM.attributes
                0x0000000000000479       0x39 Drivers/STM32F4xx_HAL_Driver/Src/stm32f4xx_hal_rcc_ex.o
 .ARM.attributes
                0x00000000000004b2       0x39 Drivers/STM32F4xx_HAL_Driver/Src/stm32f4xx_hal_uart.o
 .ARM.attributes
                0x00000000000004eb       0x39 Shared/Src/DMA/_dma_simcom.o
 .ARM.attributes
                0x0000000000000524       0x39 Shared/Src/Drivers/_at.o
 .ARM.attributes
                0x000000000000055d       0x39 Shared/Src/Drivers/_canbus.o
 .ARM.attributes
                0x0000000000000596       0x39 Shared/Src/Drivers/_crc.o
 .ARM.attributes
                0x00000000000005cf       0x39 Shared/Src/Drivers/_ee24xx.o
 .ARM.attributes
                0x0000000000000608       0x39 Shared/Src/Drivers/_log.o
 .ARM.attributes
                0x0000000000000641       0x39 Shared/Src/Libs/_eeprom.o
 .ARM.attributes
                0x000000000000067a       0x39 Shared/Src/Libs/_simcom.o
 .ARM.attributes
                0x00000000000006b3       0x39 Shared/Src/Libs/_utils.o
 .ARM.attributes
                0x00000000000006ec       0x34 /opt/st/stm32cubeide_1.3.0_2/plugins/com.st.stm32cube.ide.mcu.externaltools.gnu-tools-for-stm32.7-2018-q2-update.linux64_1.0.0.201904181610/tools/bin/../lib/gcc/arm-none-eabi/7.3.1/../../../../arm-none-eabi/lib/thumb/v7e-m/fpv4-sp/hard/libc_nano.a(lib_a-errno.o)
 .ARM.attributes
                0x0000000000000720       0x34 /opt/st/stm32cubeide_1.3.0_2/plugins/com.st.stm32cube.ide.mcu.externaltools.gnu-tools-for-stm32.7-2018-q2-update.linux64_1.0.0.201904181610/tools/bin/../lib/gcc/arm-none-eabi/7.3.1/../../../../arm-none-eabi/lib/thumb/v7e-m/fpv4-sp/hard/libc_nano.a(lib_a-impure.o)
 .ARM.attributes
                0x0000000000000754       0x34 /opt/st/stm32cubeide_1.3.0_2/plugins/com.st.stm32cube.ide.mcu.externaltools.gnu-tools-for-stm32.7-2018-q2-update.linux64_1.0.0.201904181610/tools/bin/../lib/gcc/arm-none-eabi/7.3.1/../../../../arm-none-eabi/lib/thumb/v7e-m/fpv4-sp/hard/libc_nano.a(lib_a-init.o)
 .ARM.attributes
                0x0000000000000788       0x34 /opt/st/stm32cubeide_1.3.0_2/plugins/com.st.stm32cube.ide.mcu.externaltools.gnu-tools-for-stm32.7-2018-q2-update.linux64_1.0.0.201904181610/tools/bin/../lib/gcc/arm-none-eabi/7.3.1/../../../../arm-none-eabi/lib/thumb/v7e-m/fpv4-sp/hard/libc_nano.a(lib_a-memcmp.o)
 .ARM.attributes
                0x00000000000007bc       0x34 /opt/st/stm32cubeide_1.3.0_2/plugins/com.st.stm32cube.ide.mcu.externaltools.gnu-tools-for-stm32.7-2018-q2-update.linux64_1.0.0.201904181610/tools/bin/../lib/gcc/arm-none-eabi/7.3.1/../../../../arm-none-eabi/lib/thumb/v7e-m/fpv4-sp/hard/libc_nano.a(lib_a-memcpy-stub.o)
 .ARM.attributes
                0x00000000000007f0       0x34 /opt/st/stm32cubeide_1.3.0_2/plugins/com.st.stm32cube.ide.mcu.externaltools.gnu-tools-for-stm32.7-2018-q2-update.linux64_1.0.0.201904181610/tools/bin/../lib/gcc/arm-none-eabi/7.3.1/../../../../arm-none-eabi/lib/thumb/v7e-m/fpv4-sp/hard/libc_nano.a(lib_a-memset.o)
 .ARM.attributes
                0x0000000000000824       0x34 /opt/st/stm32cubeide_1.3.0_2/plugins/com.st.stm32cube.ide.mcu.externaltools.gnu-tools-for-stm32.7-2018-q2-update.linux64_1.0.0.201904181610/tools/bin/../lib/gcc/arm-none-eabi/7.3.1/../../../../arm-none-eabi/lib/thumb/v7e-m/fpv4-sp/hard/libc_nano.a(lib_a-sprintf.o)
 .ARM.attributes
                0x0000000000000858       0x20 /opt/st/stm32cubeide_1.3.0_2/plugins/com.st.stm32cube.ide.mcu.externaltools.gnu-tools-for-stm32.7-2018-q2-update.linux64_1.0.0.201904181610/tools/bin/../lib/gcc/arm-none-eabi/7.3.1/../../../../arm-none-eabi/lib/thumb/v7e-m/fpv4-sp/hard/libc_nano.a(lib_a-strcmp.o)
 .ARM.attributes
                0x0000000000000878       0x1b /opt/st/stm32cubeide_1.3.0_2/plugins/com.st.stm32cube.ide.mcu.externaltools.gnu-tools-for-stm32.7-2018-q2-update.linux64_1.0.0.201904181610/tools/bin/../lib/gcc/arm-none-eabi/7.3.1/../../../../arm-none-eabi/lib/thumb/v7e-m/fpv4-sp/hard/libc_nano.a(lib_a-strlen.o)
 .ARM.attributes
                0x0000000000000893       0x34 /opt/st/stm32cubeide_1.3.0_2/plugins/com.st.stm32cube.ide.mcu.externaltools.gnu-tools-for-stm32.7-2018-q2-update.linux64_1.0.0.201904181610/tools/bin/../lib/gcc/arm-none-eabi/7.3.1/../../../../arm-none-eabi/lib/thumb/v7e-m/fpv4-sp/hard/libc_nano.a(lib_a-strncmp.o)
 .ARM.attributes
                0x00000000000008c7       0x34 /opt/st/stm32cubeide_1.3.0_2/plugins/com.st.stm32cube.ide.mcu.externaltools.gnu-tools-for-stm32.7-2018-q2-update.linux64_1.0.0.201904181610/tools/bin/../lib/gcc/arm-none-eabi/7.3.1/../../../../arm-none-eabi/lib/thumb/v7e-m/fpv4-sp/hard/libc_nano.a(lib_a-strstr.o)
 .ARM.attributes
                0x00000000000008fb       0x34 /opt/st/stm32cubeide_1.3.0_2/plugins/com.st.stm32cube.ide.mcu.externaltools.gnu-tools-for-stm32.7-2018-q2-update.linux64_1.0.0.201904181610/tools/bin/../lib/gcc/arm-none-eabi/7.3.1/../../../../arm-none-eabi/lib/thumb/v7e-m/fpv4-sp/hard/libc_nano.a(lib_a-strtoul.o)
 .ARM.attributes
                0x000000000000092f       0x34 /opt/st/stm32cubeide_1.3.0_2/plugins/com.st.stm32cube.ide.mcu.externaltools.gnu-tools-for-stm32.7-2018-q2-update.linux64_1.0.0.201904181610/tools/bin/../lib/gcc/arm-none-eabi/7.3.1/../../../../arm-none-eabi/lib/thumb/v7e-m/fpv4-sp/hard/libc_nano.a(lib_a-locale.o)
 .ARM.attributes
                0x0000000000000963       0x34 /opt/st/stm32cubeide_1.3.0_2/plugins/com.st.stm32cube.ide.mcu.externaltools.gnu-tools-for-stm32.7-2018-q2-update.linux64_1.0.0.201904181610/tools/bin/../lib/gcc/arm-none-eabi/7.3.1/../../../../arm-none-eabi/lib/thumb/v7e-m/fpv4-sp/hard/libc_nano.a(lib_a-mbtowc_r.o)
 .ARM.attributes
                0x0000000000000997       0x34 /opt/st/stm32cubeide_1.3.0_2/plugins/com.st.stm32cube.ide.mcu.externaltools.gnu-tools-for-stm32.7-2018-q2-update.linux64_1.0.0.201904181610/tools/bin/../lib/gcc/arm-none-eabi/7.3.1/../../../../arm-none-eabi/lib/thumb/v7e-m/fpv4-sp/hard/libc_nano.a(lib_a-nano-svfprintf.o)
 .ARM.attributes
                0x00000000000009cb       0x34 /opt/st/stm32cubeide_1.3.0_2/plugins/com.st.stm32cube.ide.mcu.externaltools.gnu-tools-for-stm32.7-2018-q2-update.linux64_1.0.0.201904181610/tools/bin/../lib/gcc/arm-none-eabi/7.3.1/../../../../arm-none-eabi/lib/thumb/v7e-m/fpv4-sp/hard/libc_nano.a(lib_a-nano-vfprintf_i.o)
 .ARM.attributes
                0x00000000000009ff       0x34 /opt/st/stm32cubeide_1.3.0_2/plugins/com.st.stm32cube.ide.mcu.externaltools.gnu-tools-for-stm32.7-2018-q2-update.linux64_1.0.0.201904181610/tools/bin/../lib/gcc/arm-none-eabi/7.3.1/../../../../arm-none-eabi/lib/thumb/v7e-m/fpv4-sp/hard/libc_nano.a(lib_a-wctomb_r.o)
 .ARM.attributes
                0x0000000000000a33       0x34 /opt/st/stm32cubeide_1.3.0_2/plugins/com.st.stm32cube.ide.mcu.externaltools.gnu-tools-for-stm32.7-2018-q2-update.linux64_1.0.0.201904181610/tools/bin/../lib/gcc/arm-none-eabi/7.3.1/../../../../arm-none-eabi/lib/thumb/v7e-m/fpv4-sp/hard/libc_nano.a(lib_a-ctype_.o)
 .ARM.attributes
                0x0000000000000a67       0x20 /opt/st/stm32cubeide_1.3.0_2/plugins/com.st.stm32cube.ide.mcu.externaltools.gnu-tools-for-stm32.7-2018-q2-update.linux64_1.0.0.201904181610/tools/bin/../lib/gcc/arm-none-eabi/7.3.1/../../../../arm-none-eabi/lib/thumb/v7e-m/fpv4-sp/hard/libc_nano.a(lib_a-memchr.o)
 .ARM.attributes
                0x0000000000000a87       0x34 /opt/st/stm32cubeide_1.3.0_2/plugins/com.st.stm32cube.ide.mcu.externaltools.gnu-tools-for-stm32.7-2018-q2-update.linux64_1.0.0.201904181610/tools/bin/../lib/gcc/arm-none-eabi/7.3.1/../../../../arm-none-eabi/lib/thumb/v7e-m/fpv4-sp/hard/libc_nano.a(lib_a-memmove.o)
 .ARM.attributes
                0x0000000000000abb       0x34 /opt/st/stm32cubeide_1.3.0_2/plugins/com.st.stm32cube.ide.mcu.externaltools.gnu-tools-for-stm32.7-2018-q2-update.linux64_1.0.0.201904181610/tools/bin/../lib/gcc/arm-none-eabi/7.3.1/../../../../arm-none-eabi/lib/thumb/v7e-m/fpv4-sp/hard/libc_nano.a(lib_a-nano-freer.o)
 .ARM.attributes
                0x0000000000000aef       0x34 /opt/st/stm32cubeide_1.3.0_2/plugins/com.st.stm32cube.ide.mcu.externaltools.gnu-tools-for-stm32.7-2018-q2-update.linux64_1.0.0.201904181610/tools/bin/../lib/gcc/arm-none-eabi/7.3.1/../../../../arm-none-eabi/lib/thumb/v7e-m/fpv4-sp/hard/libc_nano.a(lib_a-nano-mallocr.o)
 .ARM.attributes
                0x0000000000000b23       0x34 /opt/st/stm32cubeide_1.3.0_2/plugins/com.st.stm32cube.ide.mcu.externaltools.gnu-tools-for-stm32.7-2018-q2-update.linux64_1.0.0.201904181610/tools/bin/../lib/gcc/arm-none-eabi/7.3.1/../../../../arm-none-eabi/lib/thumb/v7e-m/fpv4-sp/hard/libc_nano.a(lib_a-nano-reallocr.o)
 .ARM.attributes
                0x0000000000000b57       0x34 /opt/st/stm32cubeide_1.3.0_2/plugins/com.st.stm32cube.ide.mcu.externaltools.gnu-tools-for-stm32.7-2018-q2-update.linux64_1.0.0.201904181610/tools/bin/../lib/gcc/arm-none-eabi/7.3.1/../../../../arm-none-eabi/lib/thumb/v7e-m/fpv4-sp/hard/libc_nano.a(lib_a-sbrkr.o)
 .ARM.attributes
                0x0000000000000b8b       0x34 /opt/st/stm32cubeide_1.3.0_2/plugins/com.st.stm32cube.ide.mcu.externaltools.gnu-tools-for-stm32.7-2018-q2-update.linux64_1.0.0.201904181610/tools/bin/../lib/gcc/arm-none-eabi/7.3.1/../../../../arm-none-eabi/lib/thumb/v7e-m/fpv4-sp/hard/libc_nano.a(lib_a-mlock.o)
 .ARM.attributes
                0x0000000000000bbf       0x34 /opt/st/stm32cubeide_1.3.0_2/plugins/com.st.stm32cube.ide.mcu.externaltools.gnu-tools-for-stm32.7-2018-q2-update.linux64_1.0.0.201904181610/tools/bin/../lib/gcc/arm-none-eabi/7.3.1/../../../../arm-none-eabi/lib/thumb/v7e-m/fpv4-sp/hard/libc_nano.a(lib_a-nano-msizer.o)
 .ARM.attributes
                0x0000000000000bf3       0x34 /opt/st/stm32cubeide_1.3.0_2/plugins/com.st.stm32cube.ide.mcu.externaltools.gnu-tools-for-stm32.7-2018-q2-update.linux64_1.0.0.201904181610/tools/bin/../lib/gcc/arm-none-eabi/7.3.1/../../../../arm-none-eabi/lib/thumb/v7e-m/fpv4-sp/hard/libc_nano.a(lib_a-reent.o)
 .ARM.attributes
                0x0000000000000c27       0x22 /opt/st/stm32cubeide_1.3.0_2/plugins/com.st.stm32cube.ide.mcu.externaltools.gnu-tools-for-stm32.7-2018-q2-update.linux64_1.0.0.201904181610/tools/bin/../lib/gcc/arm-none-eabi/7.3.1/thumb/v7e-m/fpv4-sp/hard/libgcc.a(_arm_addsubdf3.o)
 .ARM.attributes
                0x0000000000000c49       0x22 /opt/st/stm32cubeide_1.3.0_2/plugins/com.st.stm32cube.ide.mcu.externaltools.gnu-tools-for-stm32.7-2018-q2-update.linux64_1.0.0.201904181610/tools/bin/../lib/gcc/arm-none-eabi/7.3.1/thumb/v7e-m/fpv4-sp/hard/libgcc.a(_arm_muldivdf3.o)
 .ARM.attributes
                0x0000000000000c6b       0x22 /opt/st/stm32cubeide_1.3.0_2/plugins/com.st.stm32cube.ide.mcu.externaltools.gnu-tools-for-stm32.7-2018-q2-update.linux64_1.0.0.201904181610/tools/bin/../lib/gcc/arm-none-eabi/7.3.1/thumb/v7e-m/fpv4-sp/hard/libgcc.a(_arm_fixunsdfsi.o)
 .ARM.attributes
                0x0000000000000c8d       0x22 /opt/st/stm32cubeide_1.3.0_2/plugins/com.st.stm32cube.ide.mcu.externaltools.gnu-tools-for-stm32.7-2018-q2-update.linux64_1.0.0.201904181610/tools/bin/../lib/gcc/arm-none-eabi/7.3.1/thumb/v7e-m/fpv4-sp/hard/libgcc.a(_arm_truncdfsf2.o)
 .ARM.attributes
                0x0000000000000caf       0x22 /opt/st/stm32cubeide_1.3.0_2/plugins/com.st.stm32cube.ide.mcu.externaltools.gnu-tools-for-stm32.7-2018-q2-update.linux64_1.0.0.201904181610/tools/bin/../lib/gcc/arm-none-eabi/7.3.1/thumb/v7e-m/fpv4-sp/hard/libgcc.a(_aeabi_uldivmod.o)
 .ARM.attributes
                0x0000000000000cd1       0x34 /opt/st/stm32cubeide_1.3.0_2/plugins/com.st.stm32cube.ide.mcu.externaltools.gnu-tools-for-stm32.7-2018-q2-update.linux64_1.0.0.201904181610/tools/bin/../lib/gcc/arm-none-eabi/7.3.1/thumb/v7e-m/fpv4-sp/hard/libgcc.a(_udivmoddi4.o)
 .ARM.attributes
                0x0000000000000d05       0x22 /opt/st/stm32cubeide_1.3.0_2/plugins/com.st.stm32cube.ide.mcu.externaltools.gnu-tools-for-stm32.7-2018-q2-update.linux64_1.0.0.201904181610/tools/bin/../lib/gcc/arm-none-eabi/7.3.1/thumb/v7e-m/fpv4-sp/hard/libgcc.a(_dvmd_tls.o)
 .ARM.attributes
                0x0000000000000d27       0x22 /opt/st/stm32cubeide_1.3.0_2/plugins/com.st.stm32cube.ide.mcu.externaltools.gnu-tools-for-stm32.7-2018-q2-update.linux64_1.0.0.201904181610/tools/bin/../lib/gcc/arm-none-eabi/7.3.1/thumb/v7e-m/fpv4-sp/hard/crtn.o
OUTPUT(VCU-BL.elf elf32-littlearm)

.debug_info     0x0000000000000000    0x1a72b
 .debug_info    0x0000000000000000      0xd7a Core/Src/Drivers/_flasher.o
 .debug_info    0x0000000000000d7a     0x1803 Core/Src/Libs/_fota.o
 .debug_info    0x000000000000257d     0x1e4f Core/Src/main.o
 .debug_info    0x00000000000043cc     0x14ae Core/Src/stm32f4xx_hal_msp.o
 .debug_info    0x000000000000587a     0x12c1 Core/Src/stm32f4xx_it.o
 .debug_info    0x0000000000006b3b      0x91c Core/Src/sysmem.o