_at.c:33:15:AT_CommandEchoMode	24	static
_at.c:46:15:AT_SignalQualityReport	40	static
_at.c:83:15:AT_ConnectionStatusSingle	56	static
_at.c:130:15:AT_RadioAccessTechnology	48	static
_at.c:168:15:AT_NetworkAttachedStatus	64	static
_at.c:203:15:AT_NetworkRegistration	72	static
_at.c:236:15:AT_ConfigureSlowClock	16	static
_at.c:240:15:AT_ReportMobileEquipmentError	16	static
_at.c:244:15:AT_FixedLocalRate	16	static
_at.c:249:15:AT_ConfigureAPN	192	static
_at.c:283:15:AT_GetLocalIpAddress	24	static
_at.c:298:15:AT_StartConnectionSingle	112	static
_at.c:323:15:AT_Clock	96	static
_at.c:369:15:AT_GprsAttachment	16	static
_at.c:373:15:AT_ManuallyReceiveData	16	static
_at.c:377:15:AT_MultiIpConnection	16	static
_at.c:381:15:AT_TcpApllicationMode	16	static
_at.c:385:15:AT_ShowRemoteIp	16	static
_at.c:389:15:AT_IpPackageHeader	16	static
_at.c:393:15:AT_EnableLocalTimestamp	16	static
_at.c:602:22:AT_SingleInteger	80	static
_at.c:632:22:AT_CmdWrite	32	static
_at.c:642:22:AT_CmdRead	40	static
_at.c:662:13:AT_ParseText	32	static
_at.c:695:16:AT_ParseNumber	24	static
