_cs43l22.c:67:10:cs43l22_Init	32	static
_cs43l22.c:148:6:cs43l22_DeInit	8	static
_cs43l22.c:158:10:cs43l22_ReadID	24	static
_cs43l22.c:175:10:cs43l22_Play	24	static
_cs43l22.c:199:10:cs43l22_Pause	24	static
_cs43l22.c:217:10:cs43l22_Resume	24	static
_cs43l22.c:245:10:cs43l22_Stop	24	static
_cs43l22.c:269:10:cs43l22_SetVolume	32	static
_cs43l22.c:294:10:cs43l22_SetFrequency	16	static
_cs43l22.c:305:10:cs43l22_SetMute	32	static
_cs43l22.c:342:10:cs43l22_SetOutputMode	24	static
_cs43l22.c:379:10:cs43l22_Reset	16	static
_cs43l22.c:383:10:cs43l22_SetBeep	32	static
_cs43l22.c:394:10:cs43l22_Beep	24	static
_cs43l22.c:407:6:AUDIO_IO_Init	8	static
_cs43l22.c:421:6:AUDIO_IO_DeInit	4	static
_cs43l22.c:431:6:AUDIO_IO_Write	40	static
_cs43l22.c:449:9:AUDIO_IO_Read	40	static
_cs43l22.c:471:16:CODEC_IO_Write	24	static
_cs43l22.c:484:16:VOLUME_CONVERT	48	static
_cs43l22.c:507:13:I2Cx_Error	16	static
