_fz3387.c:33:6:FZ3387_SET_POWER	16	static
_fz3387.c:38:6:FZ3387_SERIAL_WRITE	16	static
_fz3387.c:42:6:FZ3387_SERIAL_WRITE_U16	16	static
_fz3387.c:54:6:FZ3387_writeStructuredPacket	16	static
_fz3387.c:87:9:FZ3387_getStructuredPacket	16	static
_fz3387.c:142:9:FZ3387_SendCmdPacket	16	static
_fz3387.c:161:6:FZ3387_setPacket	32	static
_fz3387.c:182:9:FZ3387_verifyPassword	8	static
_fz3387.c:186:9:FZ3387_checkPassword	16	static
_fz3387.c:211:9:FZ3387_getImage	16	static
_fz3387.c:228:9:FZ3387_image2Tz	24	static
_fz3387.c:243:9:FZ3387_createModel	16	static
_fz3387.c:259:9:FZ3387_storeModel	24	static
_fz3387.c:277:9:FZ3387_loadModel	24	static
_fz3387.c:293:9:FZ3387_getModel	16	static
_fz3387.c:310:9:FZ3387_deleteModel	24	static
_fz3387.c:329:9:FZ3387_emptyDatabase	16	static
_fz3387.c:344:9:FZ3387_fingerFastSearch	16	static
_fz3387.c:376:9:FZ3387_getTemplateCount	16	static
_fz3387.c:397:9:FZ3387_setPassword	24	static
