_nrf24l01.c:22:6:ce_set	16	static
_nrf24l01.c:26:6:ce_reset	16	static
_nrf24l01.c:30:12:nrf_set_config	16	static
_nrf24l01.c:50:12:nrf_init	32	static
_nrf24l01.c:127:12:nrf_check	32	static
_nrf24l01.c:150:12:nrf_send_command	64	dynamic
_nrf24l01.c:182:9:nrf_send_command_single	32	static
_nrf24l01.c:197:12:nrf_read_register	40	static
_nrf24l01.c:206:12:nrf_read_register_mb	32	static
_nrf24l01.c:217:12:nrf_write_register	40	static
_nrf24l01.c:226:12:nrf_write_register_mb	24	static
_nrf24l01.c:237:12:nrf_read_rx_payload	40	dynamic
_nrf24l01.c:246:12:nrf_write_tx_payload	40	dynamic
_nrf24l01.c:255:12:nrf_write_tx_payload_noack	40	dynamic
_nrf24l01.c:264:12:nrf_flush_tx	32	static
_nrf24l01.c:273:12:nrf_flush_rx	32	static
_nrf24l01.c:282:12:nrf_set_data_rate	24	static
_nrf24l01.c:305:12:nrf_set_tx_power	24	static
_nrf24l01.c:319:12:nrf_set_ccw	24	static
_nrf24l01.c:337:12:nrf_read_carrier_detect	16	static
_nrf24l01.c:344:12:nrf_clear_interrupts	24	static
_nrf24l01.c:358:12:nrf_set_rf_channel	24	static
_nrf24l01.c:374:12:nrf_set_retransmittion_count	24	static
_nrf24l01.c:391:12:nrf_set_retransmittion_delay	24	static
_nrf24l01.c:408:12:nrf_set_address_width	24	static
_nrf24l01.c:424:12:nrf_set_rx_pipes	16	static
_nrf24l01.c:431:12:nrf_disable_auto_ack	16	static
_nrf24l01.c:438:12:nrf_enable_auto_ack	24	static
_nrf24l01.c:452:12:nrf_enable_crc	24	static
_nrf24l01.c:470:12:nrf_set_crc_width	24	static
_nrf24l01.c:489:12:nrf_power_up	24	static
_nrf24l01.c:507:12:nrf_rx_tx_control	24	static
_nrf24l01.c:525:12:nrf_enable_rx_data_ready_irq	24	static
_nrf24l01.c:543:12:nrf_enable_tx_data_sent_irq	24	static
_nrf24l01.c:559:12:nrf_enable_max_retransmit_irq	24	static
_nrf24l01.c:575:12:nrf_set_rx_address_p0	32	static
_nrf24l01.c:585:12:nrf_set_rx_address_p1	32	static
_nrf24l01.c:595:12:nrf_set_tx_address	32	static
_nrf24l01.c:605:12:nrf_set_rx_payload_width_p0	16	static
_nrf24l01.c:615:12:nrf_set_rx_payload_width_p1	16	static
_nrf24l01.c:625:12:nrf_send_packet	16	static
_nrf24l01.c:644:12:nrf_send_packet_noack	16	static
_nrf24l01.c:663:12:nrf_receive_packet	32	static
_nrf24l01.c:685:12:nrf_push_packet	16	static
_nrf24l01.c:701:6:nrf_irq_handler	24	static
_nrf24l01.c:758:13:nrf_packet_received_callback	16	static
_nrf24l01.c:764:13:csn_set	16	static
_nrf24l01.c:768:13:csn_reset	16	static
