_audio.c:67:6:AUDIO_Init	16	static
_audio.c:86:6:AUDIO_Play	8	static
_audio.c:100:6:AUDIO_BeepPlay	16	static
_audio.c:116:6:AUDIO_BeepStop	8	static
_audio.c:129:6:AUDIO_OUT_ChangeBuffer	16	static
_audio.c:141:9:AUDIO_OUT_Pause	8	static
_audio.c:161:9:AUDIO_OUT_Resume	8	static
_audio.c:181:9:AUDIO_OUT_Stop	16	static
_audio.c:208:9:AUDIO_OUT_SetVolume	16	static
_audio.c:224:9:AUDIO_OUT_SetMute	16	static
_audio.c:242:9:AUDIO_OUT_SetOutputMode	16	static
_audio.c:258:6:AUDIO_OUT_SetFrequency	16	static
_audio.c:274:13:AUDIO_OUT_ClockConfig	120	static
_audio.c:312:6:AUDIO_OUT_MspInit	16	static
_audio.c:321:6:AUDIO_OUT_MspDeInit	16	static
_audio.c:328:13:AUDIO_OUT_TransferComplete_CallBack	8	static
_audio.c:351:13:AUDIO_OUT_HalfTransfer_CallBack	4	static
_audio.c:369:13:AUDIO_OUT_Error_CallBack	4	static
_audio.c:376:6:HAL_I2S_TxCpltCallback	16	static
_audio.c:387:6:HAL_I2S_TxHalfCpltCallback	16	static
_audio.c:404:16:AUDIO_OUT_Init	24	static
_audio.c:443:16:AUDIO_OUT_Play	16	static
_audio.c:460:16:I2S3_Init	16	static
_audio.c:482:13:lock	8	static
_audio.c:486:13:unlock	8	static
