_fz3387.c:40:6:FZ3387_SET_POWER	16	static
_fz3387.c:45:6:FZ3387_SERIAL_WRITE	16	static
_fz3387.c:49:6:FZ3387_SERIAL_WRITE_U16	16	static
_fz3387.c:53:9:FZ3387_SEND_CMD_PACKET	16	static
_fz3387.c:72:6:FZ3387_verifyPassword	8	static
_fz3387.c:76:9:FZ3387_checkPassword	16	static
_fz3387.c:101:9:FZ3387_getImage	16	static
_fz3387.c:118:9:FZ3387_image2Tz	24	static
_fz3387.c:133:9:FZ3387_createModel	16	static
_fz3387.c:150:9:FZ3387_storeModel	24	static
_fz3387.c:168:9:FZ3387_loadModel	24	static
_fz3387.c:184:9:FZ3387_getModel	16	static
_fz3387.c:201:9:FZ3387_deleteModel	24	static
_fz3387.c:220:9:FZ3387_emptyDatabase	16	static
_fz3387.c:235:9:FZ3387_fingerFastSearch	16	static
_fz3387.c:267:9:FZ3387_getTemplateCount	16	static
_fz3387.c:288:9:FZ3387_setPassword	24	static
_fz3387.c:306:6:FZ3387_setPacket	32	static
_fz3387.c:328:6:FZ3387_writeStructuredPacket	16	static
_fz3387.c:359:9:FZ3387_getStructuredPacket	16	static
