_nrf24l01.c:46:13:ce_set	16	static
_nrf24l01.c:50:13:ce_reset	16	static
_nrf24l01.c:54:13:csn_set	16	static
_nrf24l01.c:58:13:csn_reset	16	static
_nrf24l01.c:62:12:nrf_set_config	24	static
_nrf24l01.c:87:12:nrf_init	32	static
_nrf24l01.c:152:12:nrf_check	32	static
_nrf24l01.c:180:12:nrf_send_command	64	dynamic
_nrf24l01.c:213:9:nrf_send_command_single	32	static
_nrf24l01.c:227:6:nrf_irq_handler	24	static
_nrf24l01.c:276:13:nrf_packet_received_callback	16	static
_nrf24l01.c:281:12:nrf_read_register	40	static
_nrf24l01.c:289:12:nrf_read_register_mb	32	static
_nrf24l01.c:299:12:nrf_write_register	40	static
_nrf24l01.c:307:12:nrf_write_register_mb	24	static
_nrf24l01.c:317:12:nrf_read_rx_payload	40	dynamic
_nrf24l01.c:325:12:nrf_write_tx_payload	40	dynamic
_nrf24l01.c:333:12:nrf_write_tx_payload_noack	40	dynamic
_nrf24l01.c:341:12:nrf_flush_tx	32	static
_nrf24l01.c:350:12:nrf_flush_rx	32	static
_nrf24l01.c:359:12:nrf_set_data_rate	24	static
_nrf24l01.c:383:12:nrf_set_tx_power	24	static
_nrf24l01.c:397:12:nrf_set_ccw	24	static
_nrf24l01.c:415:12:nrf_read_carrier_detect	16	static
_nrf24l01.c:422:12:nrf_clear_interrupts	24	static
_nrf24l01.c:436:12:nrf_set_rf_channel	24	static
_nrf24l01.c:452:12:nrf_set_retransmittion_count	24	static
_nrf24l01.c:469:12:nrf_set_retransmittion_delay	24	static
_nrf24l01.c:486:12:nrf_set_address_width	24	static
_nrf24l01.c:502:12:nrf_set_rx_pipes	16	static
_nrf24l01.c:509:12:nrf_enable_auto_ack	24	static
_nrf24l01.c:523:12:nrf_enable_crc	24	static
_nrf24l01.c:541:12:nrf_set_crc_width	24	static
_nrf24l01.c:560:12:nrf_power_up	24	static
_nrf24l01.c:578:12:nrf_rx_tx_control	24	static
_nrf24l01.c:596:12:nrf_enable_rx_data_ready_irq	24	static
_nrf24l01.c:614:12:nrf_enable_tx_data_sent_irq	24	static
_nrf24l01.c:630:12:nrf_enable_max_retransmit_irq	24	static
_nrf24l01.c:646:12:nrf_set_rx_address_p0	32	static
_nrf24l01.c:655:12:nrf_set_rx_address_p1	32	static
_nrf24l01.c:664:12:nrf_set_tx_address	32	static
_nrf24l01.c:673:12:nrf_set_rx_payload_width_p0	16	static
_nrf24l01.c:683:12:nrf_set_rx_payload_width_p1	16	static
_nrf24l01.c:693:12:nrf_send_packet	16	static
_nrf24l01.c:708:12:nrf_send_packet_noack	16	static
_nrf24l01.c:722:16:nrf_receive_packet	16	static
_nrf24l01.c:736:12:nrf_push_packet	16	static
