_simcom.c:28:6:Ublox_Init	16	static
_simcom.c:34:13:Simcom_On	8	static
_simcom.c:41:13:Simcom_Reset	8	static
_simcom.c:48:16:Simcom_Boot	32	static
_simcom.c:68:16:Simcom_Response	16	static
_simcom.c:76:16:Simcom_Send	48	static
_simcom.c:113:16:Simcom_Send_Response_Repeat	32	static
_simcom.c:149:13:Simcom_Prepare	16	static
_simcom.c:166:6:Simcom_Init	24	static
_simcom.c:273:9:Simcom_Signal_Locked	32	static
_simcom.c:284:9:Simcom_Set_Signal	32	static
_simcom.c:295:9:Simcom_Send_Payload	8	static
_simcom.c:302:9:Simcom_To_Server	40	dynamic
_simcom.c:321:9:Simcom_Check_Command	8	static
_simcom.c:326:9:Simcom_Get_Command	32	static
