cs43l22.c:119:10:cs43l22_Init	32	static
cs43l22.c:199:6:cs43l22_DeInit	8	static
cs43l22.c:209:10:cs43l22_ReadID	24	static
cs43l22.c:226:10:cs43l22_Play	24	static
cs43l22.c:250:10:cs43l22_Pause	24	static
cs43l22.c:268:10:cs43l22_Resume	24	static
cs43l22.c:296:10:cs43l22_Stop	24	static
cs43l22.c:320:10:cs43l22_SetVolume	24	static
cs43l22.c:346:10:cs43l22_SetFrequency	16	static
cs43l22.c:357:10:cs43l22_SetMute	24	static
cs43l22.c:383:10:cs43l22_SetOutputMode	24	static
cs43l22.c:420:10:cs43l22_Reset	16	static
cs43l22.c:424:10:cs43l22_SetBeep	32	static
cs43l22.c:435:10:cs43l22_Beep	24	static
cs43l22.c:451:16:CODEC_IO_Write	24	static
