main.c:134:5:main	392	static
main.c:290:6:SystemClock_Config	104	static
main.c:339:13:MX_CAN1_Init	8	static
main.c:374:13:MX_I2C1_Init	8	static
main.c:406:13:MX_I2C3_Init	8	static
main.c:438:13:MX_I2S3_Init	8	static
main.c:470:13:MX_RTC_Init	32	static
main.c:531:13:MX_SPI1_Init	8	static
main.c:567:13:MX_UART4_Init	8	static
main.c:598:13:MX_USART2_UART_Init	8	static
main.c:629:13:MX_USART3_UART_Init	8	static
main.c:659:13:MX_DMA_Init	16	static
main.c:686:13:MX_GPIO_Init	56	static
main.c:810:6:vApplicationIdleHook	4	static
main.c:814:6:HAL_GPIO_EXTI_Callback	32	static,ignoring_inline_asm
main.c:841:6:StartIotTask	24	static
main.c:879:6:StartGyroTask	112	static
main.c:918:6:StartCommandTask	224	static
main.c:1038:6:StartGpsTask	32	static
main.c:1071:6:StartFingerTask	24	static
main.c:1101:6:StartAudioTask	40	static
main.c:1151:6:StartKeylessTask	96	dynamic
main.c:1199:6:StartReporterTask	552	static
main.c:1264:6:StartCanRxTask	40	static
main.c:1311:6:StartSwitchTask	48	static
main.c:1409:6:CallbackTimer500	16	static
main.c:1428:6:HAL_TIM_PeriodElapsedCallback	16	static
main.c:1444:6:Error_Handler	8	static
