stm32f4_discovery_audio.c:216:6:WaveInit	16	static
stm32f4_discovery_audio.c:228:6:WavePlay	8	static
stm32f4_discovery_audio.c:242:6:WaveBeepPlay	24	static
stm32f4_discovery_audio.c:256:6:WaveBeepStop	8	static
stm32f4_discovery_audio.c:276:9:BSP_AUDIO_OUT_Init	32	static
stm32f4_discovery_audio.c:320:9:BSP_AUDIO_OUT_Play	16	static
stm32f4_discovery_audio.c:338:6:BSP_AUDIO_OUT_ChangeBuffer	16	static
stm32f4_discovery_audio.c:350:9:BSP_AUDIO_OUT_Pause	8	static
stm32f4_discovery_audio.c:370:9:BSP_AUDIO_OUT_Resume	8	static
stm32f4_discovery_audio.c:390:9:BSP_AUDIO_OUT_Stop	16	static
stm32f4_discovery_audio.c:417:9:BSP_AUDIO_OUT_SetVolume	16	static
stm32f4_discovery_audio.c:433:9:BSP_AUDIO_OUT_SetMute	16	static
stm32f4_discovery_audio.c:451:9:BSP_AUDIO_OUT_SetOutputMode	16	static
stm32f4_discovery_audio.c:467:6:BSP_AUDIO_OUT_SetFrequency	16	static
stm32f4_discovery_audio.c:479:6:HAL_I2S_TxCpltCallback	16	static
stm32f4_discovery_audio.c:490:6:HAL_I2S_TxHalfCpltCallback	16	static
stm32f4_discovery_audio.c:506:13:BSP_AUDIO_OUT_ClockConfig	48	static
stm32f4_discovery_audio.c:544:13:BSP_AUDIO_OUT_MspInit	56	static
stm32f4_discovery_audio.c:617:13:BSP_AUDIO_OUT_MspDeInit	40	static
stm32f4_discovery_audio.c:653:13:BSP_AUDIO_OUT_TransferComplete_CallBack	8	static
stm32f4_discovery_audio.c:676:13:BSP_AUDIO_OUT_HalfTransfer_CallBack	4	static
stm32f4_discovery_audio.c:694:13:BSP_AUDIO_OUT_Error_CallBack	4	static
stm32f4_discovery_audio.c:705:16:I2S3_Init	16	static
