stm32f4xx_it.c:86:6:NMI_Handler	8	static
stm32f4xx_it.c:100:6:HardFault_Handler	8	static
stm32f4xx_it.c:116:6:MemManage_Handler	8	static
stm32f4xx_it.c:132:6:BusFault_Handler	8	static
stm32f4xx_it.c:148:6:UsageFault_Handler	8	static
stm32f4xx_it.c:164:6:DebugMon_Handler	8	static
stm32f4xx_it.c:185:6:EXTI0_IRQHandler	8	static
stm32f4xx_it.c:199:6:EXTI1_IRQHandler	8	static
stm32f4xx_it.c:213:6:EXTI2_IRQHandler	8	static
stm32f4xx_it.c:227:6:EXTI3_IRQHandler	8	static
stm32f4xx_it.c:241:6:EXTI4_IRQHandler	8	static
stm32f4xx_it.c:255:6:DMA1_Stream1_IRQHandler	8	static
stm32f4xx_it.c:270:6:DMA1_Stream2_IRQHandler	8	static
stm32f4xx_it.c:285:6:DMA1_Stream5_IRQHandler	8	static
stm32f4xx_it.c:300:6:CAN1_RX0_IRQHandler	8	static
stm32f4xx_it.c:314:6:EXTI9_5_IRQHandler	8	static
stm32f4xx_it.c:330:6:TIM1_UP_TIM10_IRQHandler	8	static
stm32f4xx_it.c:344:6:USART2_IRQHandler	8	static
stm32f4xx_it.c:359:6:USART3_IRQHandler	8	static
stm32f4xx_it.c:374:6:EXTI15_10_IRQHandler	8	static
stm32f4xx_it.c:388:6:DMA1_Stream7_IRQHandler	8	static
stm32f4xx_it.c:402:6:SPI3_IRQHandler	8	static
stm32f4xx_it.c:416:6:UART4_IRQHandler	8	static
