main.c:325:5:main	8	static
main.c:501:6:SystemClock_Config	176	static
main.c:563:13:MX_ADC1_Init	24	static
main.c:613:13:MX_AES_Init	8	static
main.c:645:13:MX_CAN1_Init	8	static
main.c:682:13:MX_CRC_Init	8	static
main.c:708:13:MX_I2C1_Init	8	static
main.c:754:13:MX_I2C2_Init	8	static
main.c:800:13:MX_I2C3_Init	8	static
main.c:846:13:MX_I2S3_Init	8	static
main.c:880:13:MX_IWDG_Init	8	static
main.c:908:13:MX_RNG_Init	8	static
main.c:934:13:MX_RTC_Init	32	static
main.c:996:13:MX_SPI1_Init	8	static
main.c:1034:13:MX_TIM10_Init	40	static
main.c:1080:13:MX_UART4_Init	8	static
main.c:1113:13:MX_USART1_UART_Init	8	static
main.c:1146:13:MX_USART2_UART_Init	8	static
main.c:1177:13:MX_DMA_Init	16	static
main.c:1208:13:MX_GPIO_Init	56	static
main.c:1387:6:HAL_GPIO_EXTI_Callback	24	static
main.c:1428:6:StartManagerTask	48	static
main.c:1494:6:StartIotTask	216	static
main.c:1607:6:StartReporterTask	120	static
main.c:1668:6:StartCommandTask	128	static
main.c:1855:6:StartGpsTask	24	static
main.c:1887:6:StartGyroTask	56	static
main.c:1946:6:StartKeylessTask	40	static
main.c:2045:6:StartFingerTask	40	static
main.c:2119:6:StartAudioTask	32	static
main.c:2173:6:StartSwitchTask	32	static
main.c:2251:6:StartCanRxTask	24	static
main.c:2299:6:StartCanTxTask	32	static
main.c:2354:13:StartHmi2PowerTask	16	static
main.c:2372:6:HAL_TIM_PeriodElapsedCallback	16	static
main.c:2389:6:Error_Handler	8	static
