main.c:326:5:main	8	static
main.c:502:6:SystemClock_Config	176	static
main.c:564:13:MX_ADC1_Init	24	static
main.c:614:13:MX_AES_Init	8	static
main.c:646:13:MX_CAN1_Init	8	static
main.c:683:13:MX_CRC_Init	8	static
main.c:709:13:MX_I2C1_Init	8	static
main.c:755:13:MX_I2C2_Init	8	static
main.c:801:13:MX_I2C3_Init	8	static
main.c:847:13:MX_I2S3_Init	8	static
main.c:881:13:MX_IWDG_Init	8	static
main.c:909:13:MX_RNG_Init	8	static
main.c:935:13:MX_RTC_Init	32	static
main.c:997:13:MX_SPI1_Init	8	static
main.c:1035:13:MX_TIM10_Init	40	static
main.c:1081:13:MX_UART4_Init	8	static
main.c:1114:13:MX_USART1_UART_Init	8	static
main.c:1147:13:MX_USART2_UART_Init	8	static
main.c:1178:13:MX_DMA_Init	16	static
main.c:1209:13:MX_GPIO_Init	56	static
main.c:1388:6:HAL_GPIO_EXTI_Callback	24	static
main.c:1429:6:StartManagerTask	48	static
main.c:1495:6:StartIotTask	216	static
main.c:1608:6:StartReporterTask	120	static
main.c:1669:6:StartCommandTask	136	static
main.c:1869:6:StartGpsTask	24	static
main.c:1901:6:StartGyroTask	56	static
main.c:1960:6:StartKeylessTask	40	static
main.c:2065:6:StartFingerTask	40	static
main.c:2139:6:StartAudioTask	32	static
main.c:2193:6:StartSwitchTask	32	static
main.c:2271:6:StartCanRxTask	24	static
main.c:2319:6:StartCanTxTask	32	static
main.c:2374:13:StartHmi2PowerTask	16	static
main.c:2392:6:HAL_TIM_PeriodElapsedCallback	16	static
main.c:2409:6:Error_Handler	8	static
