stm32f4xx_it.c:88:6:NMI_Handler	8	static
stm32f4xx_it.c:102:6:HardFault_Handler	8	static
stm32f4xx_it.c:118:6:MemManage_Handler	8	static
stm32f4xx_it.c:134:6:BusFault_Handler	8	static
stm32f4xx_it.c:150:6:UsageFault_Handler	8	static
stm32f4xx_it.c:166:6:DebugMon_Handler	8	static
stm32f4xx_it.c:187:6:EXTI0_IRQHandler	8	static
stm32f4xx_it.c:201:6:EXTI1_IRQHandler	8	static
stm32f4xx_it.c:215:6:EXTI2_IRQHandler	8	static
stm32f4xx_it.c:229:6:EXTI3_IRQHandler	8	static
stm32f4xx_it.c:243:6:DMA1_Stream2_IRQHandler	8	static
stm32f4xx_it.c:258:6:DMA1_Stream5_IRQHandler	8	static
stm32f4xx_it.c:273:6:CAN1_RX0_IRQHandler	8	static
stm32f4xx_it.c:287:6:EXTI9_5_IRQHandler	8	static
stm32f4xx_it.c:305:6:TIM1_UP_TIM10_IRQHandler	8	static
stm32f4xx_it.c:320:6:I2C1_EV_IRQHandler	8	static
stm32f4xx_it.c:334:6:I2C1_ER_IRQHandler	8	static
stm32f4xx_it.c:348:6:USART1_IRQHandler	8	static
stm32f4xx_it.c:363:6:USART2_IRQHandler	8	static
stm32f4xx_it.c:378:6:EXTI15_10_IRQHandler	8	static
stm32f4xx_it.c:395:6:DMA1_Stream7_IRQHandler	8	static
stm32f4xx_it.c:409:6:SPI3_IRQHandler	8	static
stm32f4xx_it.c:423:6:UART4_IRQHandler	8	static
stm32f4xx_it.c:438:6:DMA2_Stream0_IRQHandler	8	static
stm32f4xx_it.c:452:6:DMA2_Stream2_IRQHandler	8	static
